Archive member included to satisfy reference by file (symbol)

/Applications/ArmGNUToolchain/13.2.Rel1/arm-none-eabi/bin/../lib/gcc/arm-none-eabi/13.2.1/thumb/v6-m/nofp/libgcc.a(_dvmd_tls.o)
                              CMakeFiles/HW9.dir/Users/grace/Desktop/Pico/pico-sdk/src/rp2_common/pico_divider/divider.S.obj (__aeabi_idiv0)
/Applications/ArmGNUToolchain/13.2.Rel1/arm-none-eabi/bin/../lib/gcc/arm-none-eabi/13.2.1/../../../../arm-none-eabi/lib/thumb/v6-m/nofp/libg.a(libc_a-calloc.o)
                              CMakeFiles/HW9.dir/Users/grace/Desktop/Pico/pico-sdk/src/rp2_common/pico_malloc/pico_malloc.c.obj (calloc)
/Applications/ArmGNUToolchain/13.2.Rel1/arm-none-eabi/bin/../lib/gcc/arm-none-eabi/13.2.1/../../../../arm-none-eabi/lib/thumb/v6-m/nofp/libg.a(libc_a-callocr.o)
                              /Applications/ArmGNUToolchain/13.2.Rel1/arm-none-eabi/bin/../lib/gcc/arm-none-eabi/13.2.1/../../../../arm-none-eabi/lib/thumb/v6-m/nofp/libg.a(libc_a-calloc.o) (_calloc_r)
/Applications/ArmGNUToolchain/13.2.Rel1/arm-none-eabi/bin/../lib/gcc/arm-none-eabi/13.2.1/../../../../arm-none-eabi/lib/thumb/v6-m/nofp/libg.a(libc_a-malloc.o)
                              CMakeFiles/HW9.dir/Users/grace/Desktop/Pico/pico-sdk/src/rp2_common/pico_malloc/pico_malloc.c.obj (malloc)
/Applications/ArmGNUToolchain/13.2.Rel1/arm-none-eabi/bin/../lib/gcc/arm-none-eabi/13.2.1/../../../../arm-none-eabi/lib/thumb/v6-m/nofp/libg.a(libc_a-mallocr.o)
                              /Applications/ArmGNUToolchain/13.2.Rel1/arm-none-eabi/bin/../lib/gcc/arm-none-eabi/13.2.1/../../../../arm-none-eabi/lib/thumb/v6-m/nofp/libg.a(libc_a-callocr.o) (_malloc_r)
/Applications/ArmGNUToolchain/13.2.Rel1/arm-none-eabi/bin/../lib/gcc/arm-none-eabi/13.2.1/../../../../arm-none-eabi/lib/thumb/v6-m/nofp/libg.a(libc_a-mlock.o)
                              /Applications/ArmGNUToolchain/13.2.Rel1/arm-none-eabi/bin/../lib/gcc/arm-none-eabi/13.2.1/../../../../arm-none-eabi/lib/thumb/v6-m/nofp/libg.a(libc_a-mallocr.o) (__malloc_lock)
/Applications/ArmGNUToolchain/13.2.Rel1/arm-none-eabi/bin/../lib/gcc/arm-none-eabi/13.2.1/../../../../arm-none-eabi/lib/thumb/v6-m/nofp/libg.a(libc_a-realloc.o)
                              CMakeFiles/HW9.dir/Users/grace/Desktop/Pico/pico-sdk/src/rp2_common/pico_malloc/pico_malloc.c.obj (realloc)
/Applications/ArmGNUToolchain/13.2.Rel1/arm-none-eabi/bin/../lib/gcc/arm-none-eabi/13.2.1/../../../../arm-none-eabi/lib/thumb/v6-m/nofp/libg.a(libc_a-scanf.o)
                              CMakeFiles/HW9.dir/PicoZero.c.obj (scanf)
/Applications/ArmGNUToolchain/13.2.Rel1/arm-none-eabi/bin/../lib/gcc/arm-none-eabi/13.2.1/../../../../arm-none-eabi/lib/thumb/v6-m/nofp/libg.a(libc_a-reallocr.o)
                              /Applications/ArmGNUToolchain/13.2.Rel1/arm-none-eabi/bin/../lib/gcc/arm-none-eabi/13.2.1/../../../../arm-none-eabi/lib/thumb/v6-m/nofp/libg.a(libc_a-realloc.o) (_realloc_r)
/Applications/ArmGNUToolchain/13.2.Rel1/arm-none-eabi/bin/../lib/gcc/arm-none-eabi/13.2.1/../../../../arm-none-eabi/lib/thumb/v6-m/nofp/libg.a(libc_a-memmove.o)
                              /Applications/ArmGNUToolchain/13.2.Rel1/arm-none-eabi/bin/../lib/gcc/arm-none-eabi/13.2.1/../../../../arm-none-eabi/lib/thumb/v6-m/nofp/libg.a(libc_a-reallocr.o) (memmove)
/Applications/ArmGNUToolchain/13.2.Rel1/arm-none-eabi/bin/../lib/gcc/arm-none-eabi/13.2.1/../../../../arm-none-eabi/lib/thumb/v6-m/nofp/libg.a(libc_a-impure.o)
                              /Applications/ArmGNUToolchain/13.2.Rel1/arm-none-eabi/bin/../lib/gcc/arm-none-eabi/13.2.1/../../../../arm-none-eabi/lib/thumb/v6-m/nofp/libg.a(libc_a-calloc.o) (_impure_ptr)
/Applications/ArmGNUToolchain/13.2.Rel1/arm-none-eabi/bin/../lib/gcc/arm-none-eabi/13.2.1/../../../../arm-none-eabi/lib/thumb/v6-m/nofp/libg.a(libc_a-sbrkr.o)
                              /Applications/ArmGNUToolchain/13.2.Rel1/arm-none-eabi/bin/../lib/gcc/arm-none-eabi/13.2.1/../../../../arm-none-eabi/lib/thumb/v6-m/nofp/libg.a(libc_a-mallocr.o) (_sbrk_r)
/Applications/ArmGNUToolchain/13.2.Rel1/arm-none-eabi/bin/../lib/gcc/arm-none-eabi/13.2.1/../../../../arm-none-eabi/lib/thumb/v6-m/nofp/libg.a(libc_a-errno.o)
                              /Applications/ArmGNUToolchain/13.2.Rel1/arm-none-eabi/bin/../lib/gcc/arm-none-eabi/13.2.1/../../../../arm-none-eabi/lib/thumb/v6-m/nofp/libg.a(libc_a-callocr.o) (__errno)
/Applications/ArmGNUToolchain/13.2.Rel1/arm-none-eabi/bin/../lib/gcc/arm-none-eabi/13.2.1/../../../../arm-none-eabi/lib/thumb/v6-m/nofp/libg.a(libc_a-sysconf.o)
                              /Applications/ArmGNUToolchain/13.2.Rel1/arm-none-eabi/bin/../lib/gcc/arm-none-eabi/13.2.1/../../../../arm-none-eabi/lib/thumb/v6-m/nofp/libg.a(libc_a-mallocr.o) (sysconf)
/Applications/ArmGNUToolchain/13.2.Rel1/arm-none-eabi/bin/../lib/gcc/arm-none-eabi/13.2.1/../../../../arm-none-eabi/lib/thumb/v6-m/nofp/libg.a(libc_a-init.o)
[...]
Memory Configuration

Name             Origin             Length             Attributes
FLASH            0x10000000         0x00200000         xr
RAM              0x20000000         0x00040000         xrw
SCRATCH_X        0x20040000         0x00001000         xrw
SCRATCH_Y        0x20041000         0x00001000         xrw
*default*        0x00000000         0xffffffff

Linker script and memory map

LOAD /Applications/ArmGNUToolchain/13.2.Rel1/arm-none-eabi/bin/../lib/gcc/arm-none-eabi/13.2.1/thumb/v6-m/nofp/crti.o
LOAD /Applications/ArmGNUToolchain/13.2.Rel1/arm-none-eabi/bin/../lib/gcc/arm-none-eabi/13.2.1/thumb/v6-m/nofp/crtbegin.o
LOAD /Applications/ArmGNUToolchain/13.2.Rel1/arm-none-eabi/bin/../lib/gcc/arm-none-eabi/13.2.1/../../../../arm-none-eabi/lib/thumb/v6-m/nofp/crt0.o

.flash_begin    0x10000000        0x0
                0x10000000                        __flash_binary_start = .

.boot2          0x10000000      0x100
                0x10000000                        __boot2_start__ = .
 *(.boot2)
 .boot2         0x10000000      0x100 /var/folders/5s/lc8x57150kg5rb79bhp9_fd00000gn/T//ccskYqcz.o
                0x10000100                        __boot2_end__ = .
                0x00000001                        ASSERT (((__boot2_end__ - __boot2_start__) == 0x100), ERROR: Pico second stage bootloader must be 256 bytes in size)

.text           0x10000100     0xd388
                0x10000100                        __logical_binary_start = .
 *(.vectors)
 .vectors       0x10000100       0xd4 CMakeFiles/HW9.dir/Users/grace/Desktop/Pico/pico-sdk/src/rp2_common/pico_standard_link/crt0.S.obj
                0x10000100                __VECTOR_TABLE
                0x10000100                __vectors
                0x100001c0                __default_isrs_start
                0x100001c0                isr_invalid
                0x100001c2                isr_nmi
                0x100001c4                isr_hardfault
                0x100001c6                isr_svcall
                0x100001c8                isr_pendsv
                0x100001ca                isr_systick
                0x100001cc                isr_irq28
                0x100001cc                isr_irq19
                0x100001cc                isr_irq0
                0x100001cc                isr_irq6
                0x100001cc                isr_irq22
                0x100001cc                isr_irq17
                0x100001cc                isr_irq14
                0x100001cc                isr_irq2
                0x100001cc                isr_irq10
                0x100001cc                isr_irq8
                0x100001cc                isr_irq24
                0x100001cc                isr_irq1
                0x100001cc                isr_irq7
                0x100001cc                isr_irq21
                0x100001cc                isr_irq20
                0x100001cc                isr_irq15
                0x100001cc                isr_irq25
                0x100001cc                isr_irq4
                0x100001cc                isr_irq16
                0x100001cc                isr_irq29
                0x100001cc                isr_irq26
                0x100001cc                __default_isrs_end
                0x100001cc                isr_irq3
                0x100001cc                isr_irq9
                0x100001cc                __unhandled_user_irq
                0x100001cc                isr_irq13
                0x100001cc                isr_irq27
                0x100001cc                isr_irq31
                0x100001cc                isr_irq5
                0x100001cc                isr_irq11
                0x100001cc                isr_irq23
                0x100001cc                isr_irq18
                0x100001cc                isr_irq30
                0x100001cc                isr_irq12
                0x100001d2                unhandled_user_irq_num_in_r0
 *(.binary_info_header)
 .binary_info_header
                0x100001d4       0x14 CMakeFiles/HW9.dir/Users/grace/Desktop/Pico/pico-sdk/src/rp2_common/pico_standard_link/crt0.S.obj
                0x100001e8                        __binary_info_header_end = .
 *(.reset)
 .reset         0x100001e8       0xa0 CMakeFiles/HW9.dir/Users/grace/Desktop/Pico/pico-sdk/src/rp2_common/pico_standard_link/crt0.S.obj
                0x100001e8                _entry_point
 .reset         0x10000288       0x30 CMakeFiles/HW9.dir/Users/grace/Desktop/Pico/pico-sdk/src/rp2_common/pico_standard_link/binary_info.c.obj
 *(.init)
 .init          0x100002b8        0x4 /Applications/ArmGNUToolchain/13.2.Rel1/arm-none-eabi/bin/../lib/gcc/arm-none-eabi/13.2.1/thumb/v6-m/nofp/crti.o
                0x100002b8                _init
 *(EXCLUDE_FILE(*libm.a: *libc.a:*lib_a-mem*.o *libgcc.a:) .text*)
 .text.register_tm_clones
                0x100002bc       0x28 /Applications/ArmGNUToolchain/13.2.Rel1/arm-none-eabi/bin/../lib/gcc/arm-none-eabi/13.2.1/thumb/v6-m/nofp/crtbegin.o
 .text.frame_dummy
                0x100002e4       0x24 /Applications/ArmGNUToolchain/13.2.Rel1/arm-none-eabi/bin/../lib/gcc/arm-none-eabi/13.2.1/thumb/v6-m/nofp/crtbegin.o
 .text.uart_putc
                0x10000308       0x60 CMakeFiles/HW9.dir/PicoZero.c.obj
 .text.uart_puts
                0x10000368       0x4a CMakeFiles/HW9.dir/PicoZero.c.obj
 .text.uart_getc
                0x100003b2       0x24 CMakeFiles/HW9.dir/PicoZero.c.obj
 *fill*         0x100003d6        0x2 
 .text.on_uart_rx
                0x100003d8       0x70 CMakeFiles/HW9.dir/PicoZero.c.obj
                0x100003d8                on_uart_rx
 .text.main     0x10000448       0xd0 CMakeFiles/HW9.dir/PicoZero.c.obj
                0x10000448                main
 .text.gpio_set_function
                0x10000518       0x30 CMakeFiles/HW9.dir/Users/grace/Desktop/Pico/pico-sdk/src/rp2_common/hardware_gpio/gpio.c.obj
                0x10000518                gpio_set_function
 .text.running_on_fpga
                0x10000548       0x14 CMakeFiles/HW9.dir/Users/grace/Desktop/Pico/pico-sdk/src/rp2_common/pico_platform/platform.c.obj
                0x10000548                running_on_fpga
 .text.hw_claim_lock
                0x1000055c       0x18 CMakeFiles/HW9.dir/Users/grace/Desktop/Pico/pico-sdk/src/rp2_common/hardware_claim/claim.c.obj
                0x1000055c                hw_claim_lock
 .text.hw_claim_unlock
                0x10000574       0x14 CMakeFiles/HW9.dir/Users/grace/Desktop/Pico/pico-sdk/src/rp2_common/hardware_claim/claim.c.obj
                0x10000574                hw_claim_unlock
 .text.hw_claim_or_assert
                0x10000588       0x32 CMakeFiles/HW9.dir/Users/grace/Desktop/Pico/pico-sdk/src/rp2_common/hardware_claim/claim.c.obj
                0x10000588                hw_claim_or_assert
 .text.hw_claim_unused_from_range
                0x100005ba       0x50 CMakeFiles/HW9.dir/Users/grace/Desktop/Pico/pico-sdk/src/rp2_common/hardware_claim/claim.c.obj
                0x100005ba                hw_claim_unused_from_range
 *fill*         0x1000060a        0x2 
 .text.spin_locks_reset
                0x1000060c       0x20 CMakeFiles/HW9.dir/Users/grace/Desktop/Pico/pico-sdk/src/rp2_common/hardware_sync/sync.c.obj
                0x1000060c                spin_locks_reset
 .text.next_striped_spin_lock_num
                0x1000062c       0x1c CMakeFiles/HW9.dir/Users/grace/Desktop/Pico/pico-sdk/src/rp2_common/hardware_sync/sync.c.obj
                0x1000062c                next_striped_spin_lock_num
 .text.spin_lock_claim_unused
                0x10000648       0x24 CMakeFiles/HW9.dir/Users/grace/Desktop/Pico/pico-sdk/src/rp2_common/hardware_sync/sync.c.obj
                0x10000648                spin_lock_claim_unused
 .text.set_raw_irq_handler_and_unlock
                0x1000066c       0x28 CMakeFiles/HW9.dir/Users/grace/Desktop/Pico/pico-sdk/src/rp2_common/hardware_irq/irq.c.obj
 .text.resolve_branch
                0x10000694       0x30 CMakeFiles/HW9.dir/Users/grace/Desktop/Pico/pico-sdk/src/rp2_common/hardware_irq/irq.c.obj
 .text.make_branch
                0x100006c4       0x48 CMakeFiles/HW9.dir/Users/grace/Desktop/Pico/pico-sdk/src/rp2_common/hardware_irq/irq.c.obj
 .text.insert_branch_and_link
                0x1000070c       0x40 CMakeFiles/HW9.dir/Users/grace/Desktop/Pico/pico-sdk/src/rp2_common/hardware_irq/irq.c.obj
 .text.irq_is_enabled
                0x1000074c       0x18 CMakeFiles/HW9.dir/Users/grace/Desktop/Pico/pico-sdk/src/rp2_common/hardware_irq/irq.c.obj
                0x1000074c                irq_is_enabled
 .text.irq_set_mask_enabled
                0x10000764       0x20 CMakeFiles/HW9.dir/Users/grace/Desktop/Pico/pico-sdk/src/rp2_common/hardware_irq/irq.c.obj
                0x10000764                irq_set_mask_enabled
 .text.irq_set_enabled
                0x10000784        0xe CMakeFiles/HW9.dir/Users/grace/Desktop/Pico/pico-sdk/src/rp2_common/hardware_irq/irq.c.obj
                0x10000784                irq_set_enabled
 *fill*         0x10000792        0x2 
 .text.irq_set_pending
                0x10000794       0x10 CMakeFiles/HW9.dir/Users/grace/Desktop/Pico/pico-sdk/src/rp2_common/hardware_irq/irq.c.obj
                0x10000794                irq_set_pending
 .text.irq_get_vtable_handler
                0x100007a4       0x10 CMakeFiles/HW9.dir/Users/grace/Desktop/Pico/pico-sdk/src/rp2_common/hardware_irq/irq.c.obj
                0x100007a4                irq_get_vtable_handler
 .text.irq_has_shared_handler
                0x100007b4       0x24 CMakeFiles/HW9.dir/Users/grace/Desktop/Pico/pico-sdk/src/rp2_common/hardware_irq/irq.c.obj
                0x100007b4                irq_has_shared_handler
 .text.irq_set_exclusive_handler
                0x100007d8       0x54 CMakeFiles/HW9.dir/Users/grace/Desktop/Pico/pico-sdk/src/rp2_common/hardware_irq/irq.c.obj
                0x100007d8                irq_set_exclusive_handler
 .text.irq_add_shared_handler
                0x1000082c      0x210 CMakeFiles/HW9.dir/Users/grace/Desktop/Pico/pico-sdk/src/rp2_common/hardware_irq/irq.c.obj
                0x1000082c                irq_add_shared_handler
 .text.irq_remove_handler
                0x10000a3c      0x188 CMakeFiles/HW9.dir/Users/grace/Desktop/Pico/pico-sdk/src/rp2_common/hardware_irq/irq.c.obj
                0x10000a3c                irq_remove_handler
 .text.irq_add_tail_to_free_list
                0x10000bc4       0xf0 CMakeFiles/HW9.dir/Users/grace/Desktop/Pico/pico-sdk/src/rp2_common/hardware_irq/irq.c.obj
                0x10000bc4                irq_add_tail_to_free_list
 .text.irq_init_priorities
                0x10000cb4       0x1c CMakeFiles/HW9.dir/Users/grace/Desktop/Pico/pico-sdk/src/rp2_common/hardware_irq/irq.c.obj
                0x10000cb4                irq_init_priorities
 .text.user_irq_claim_unused
                0x10000cd0       0x2c CMakeFiles/HW9.dir/Users/grace/Desktop/Pico/pico-sdk/src/rp2_common/hardware_irq/irq.c.obj
                0x10000cd0                user_irq_claim_unused
 .text.lock_init
                0x10000cfc       0x10 CMakeFiles/HW9.dir/Users/grace/Desktop/Pico/pico-sdk/src/common/pico_sync/lock_core.c.obj
                0x10000cfc                lock_init
 .text.update_us_since_boot
                0x10000d0c       0x24 CMakeFiles/HW9.dir/Users/grace/Desktop/Pico/pico-sdk/src/common/pico_sync/mutex.c.obj
 .text.delayed_by_ms
                0x10000d30       0x44 CMakeFiles/HW9.dir/Users/grace/Desktop/Pico/pico-sdk/src/common/pico_sync/mutex.c.obj
 .text.get_absolute_time
                0x10000d74       0x22 CMakeFiles/HW9.dir/Users/grace/Desktop/Pico/pico-sdk/src/common/pico_sync/mutex.c.obj
 .text.make_timeout_time_ms
                0x10000d96       0x20 CMakeFiles/HW9.dir/Users/grace/Desktop/Pico/pico-sdk/src/common/pico_sync/mutex.c.obj
 .text.mutex_init
                0x10000db6       0x1a CMakeFiles/HW9.dir/Users/grace/Desktop/Pico/pico-sdk/src/common/pico_sync/mutex.c.obj
                0x10000db6                mutex_init
 .text.recursive_mutex_init
                0x10000dd0       0x1e CMakeFiles/HW9.dir/Users/grace/Desktop/Pico/pico-sdk/src/common/pico_sync/mutex.c.obj
                0x10000dd0                recursive_mutex_init
 *fill*         0x10000dee        0x2 
 .text.critical_section_init_with_lock_num
                0x10000df0       0x14 CMakeFiles/HW9.dir/Users/grace/Desktop/Pico/pico-sdk/src/common/pico_sync/critical_section.c.obj
                0x10000df0                critical_section_init_with_lock_num
 .text.critical_section_init
                0x10000e04       0x14 CMakeFiles/HW9.dir/Users/grace/Desktop/Pico/pico-sdk/src/common/pico_sync/critical_section.c.obj
                0x10000e04                critical_section_init
 .text.time_reached
                0x10000e18       0x28 CMakeFiles/HW9.dir/Users/grace/Desktop/Pico/pico-sdk/src/common/pico_time/time.c.obj
 .text.get_entry
                0x10000e40       0x38 CMakeFiles/HW9.dir/Users/grace/Desktop/Pico/pico-sdk/src/common/pico_time/time.c.obj
 .text.timer_pool_entry_comparator
                0x10000e78       0x2e CMakeFiles/HW9.dir/Users/grace/Desktop/Pico/pico-sdk/src/common/pico_time/time.c.obj
                0x10000e78                timer_pool_entry_comparator
 *fill*         0x10000ea6        0x2 
 .text.update_us_since_boot
                0x10000ea8       0x24 CMakeFiles/HW9.dir/Users/grace/Desktop/Pico/pico-sdk/src/common/pico_time/time.c.obj
 .text.delayed_by_us
                0x10000ecc       0x34 CMakeFiles/HW9.dir/Users/grace/Desktop/Pico/pico-sdk/src/common/pico_time/time.c.obj
 .text.ph_get_node
                0x10000f00       0x30 CMakeFiles/HW9.dir/Users/grace/Desktop/Pico/pico-sdk/src/common/pico_time/time.c.obj
 .text.ph_contains_node
                0x10000f30       0x1e CMakeFiles/HW9.dir/Users/grace/Desktop/Pico/pico-sdk/src/common/pico_time/time.c.obj
 .text.ph_new_node
                0x10000f4e       0x28 CMakeFiles/HW9.dir/Users/grace/Desktop/Pico/pico-sdk/src/common/pico_time/time.c.obj
 *fill*         0x10000f76        0x2 
 .text.ph_add_child_node
                0x10000f78       0x6c CMakeFiles/HW9.dir/Users/grace/Desktop/Pico/pico-sdk/src/common/pico_time/time.c.obj
 .text.ph_merge_nodes
                0x10000fe4       0x3e CMakeFiles/HW9.dir/Users/grace/Desktop/Pico/pico-sdk/src/common/pico_time/time.c.obj
 *fill*         0x10001022        0x2 
 .text.ph_insert_node
                0x10001024       0x3c CMakeFiles/HW9.dir/Users/grace/Desktop/Pico/pico-sdk/src/common/pico_time/time.c.obj
 .text.ph_free_node
                0x10001060       0x5c CMakeFiles/HW9.dir/Users/grace/Desktop/Pico/pico-sdk/src/common/pico_time/time.c.obj
 .text.get_entry_id_high
                0x100010bc       0x30 CMakeFiles/HW9.dir/Users/grace/Desktop/Pico/pico-sdk/src/common/pico_time/time.c.obj
 .text.alarm_pool_post_alloc_init
                0x100010ec       0x40 CMakeFiles/HW9.dir/Users/grace/Desktop/Pico/pico-sdk/src/common/pico_time/time.c.obj
 .text.sleep_until_callback
                0x1000112c       0x30 CMakeFiles/HW9.dir/Users/grace/Desktop/Pico/pico-sdk/src/common/pico_time/time.c.obj
 .text.get_absolute_time
                0x1000115c       0x22 CMakeFiles/HW9.dir/Users/grace/Desktop/Pico/pico-sdk/src/common/pico_time/time.c.obj
 .text.make_timeout_time_us
                0x1000117e       0x24 CMakeFiles/HW9.dir/Users/grace/Desktop/Pico/pico-sdk/src/common/pico_time/time.c.obj
 *fill*         0x100011a2        0x2 
 .text.add_alarm_under_lock
                0x100011a4       0x94 CMakeFiles/HW9.dir/Users/grace/Desktop/Pico/pico-sdk/src/common/pico_time/time.c.obj
 .text.alarm_pool_alarm_callback
                0x10001238      0x210 CMakeFiles/HW9.dir/Users/grace/Desktop/Pico/pico-sdk/src/common/pico_time/time.c.obj
 .text.alarm_pool_init_default
                0x10001448       0x40 CMakeFiles/HW9.dir/Users/grace/Desktop/Pico/pico-sdk/src/common/pico_time/time.c.obj
                0x10001448                alarm_pool_init_default
 .text.alarm_pool_get_default
                0x10001488       0x2c CMakeFiles/HW9.dir/Users/grace/Desktop/Pico/pico-sdk/src/common/pico_time/time.c.obj
                0x10001488                alarm_pool_get_default
 .text.alarm_pool_add_alarm_at
                0x100014b4      0x10e CMakeFiles/HW9.dir/Users/grace/Desktop/Pico/pico-sdk/src/common/pico_time/time.c.obj
                0x100014b4                alarm_pool_add_alarm_at
 .text.add_alarm_at
                0x100015c2       0x2e CMakeFiles/HW9.dir/Users/grace/Desktop/Pico/pico-sdk/src/common/pico_time/time.c.obj
 .text.alarm_pool_cancel_alarm
                0x100015f0       0xa8 CMakeFiles/HW9.dir/Users/grace/Desktop/Pico/pico-sdk/src/common/pico_time/time.c.obj
                0x100015f0                alarm_pool_cancel_alarm
 .text.cancel_alarm
                0x10001698       0x10 CMakeFiles/HW9.dir/Users/grace/Desktop/Pico/pico-sdk/src/common/pico_time/time.c.obj
 .text.alarm_pool_core_num
                0x100016a8        0x4 CMakeFiles/HW9.dir/Users/grace/Desktop/Pico/pico-sdk/src/common/pico_time/time.c.obj
                0x100016a8                alarm_pool_core_num
 .text.sleep_until
                0x100016ac       0xb0 CMakeFiles/HW9.dir/Users/grace/Desktop/Pico/pico-sdk/src/common/pico_time/time.c.obj
                0x100016ac                sleep_until
 .text.sleep_us
                0x1000175c       0x1a CMakeFiles/HW9.dir/Users/grace/Desktop/Pico/pico-sdk/src/common/pico_time/time.c.obj
                0x1000175c                sleep_us
 .text.sleep_ms
                0x10001776       0x14 CMakeFiles/HW9.dir/Users/grace/Desktop/Pico/pico-sdk/src/common/pico_time/time.c.obj
                0x10001776                sleep_ms
 *fill*         0x1000178a        0x2 
 .text.best_effort_wfe_or_timeout
                0x1000178c       0x44 CMakeFiles/HW9.dir/Users/grace/Desktop/Pico/pico-sdk/src/common/pico_time/time.c.obj
                0x1000178c                best_effort_wfe_or_timeout
 .text.update_us_since_boot
                0x100017d0       0x24 CMakeFiles/HW9.dir/Users/grace/Desktop/Pico/pico-sdk/src/rp2_common/hardware_timer/timer.c.obj
 .text.hardware_alarm_irq_handler
                0x100017f4       0x8c CMakeFiles/HW9.dir/Users/grace/Desktop/Pico/pico-sdk/src/rp2_common/hardware_timer/timer.c.obj
 .text.hardware_alarm_claim
                0x10001880       0x18 CMakeFiles/HW9.dir/Users/grace/Desktop/Pico/pico-sdk/src/rp2_common/hardware_timer/timer.c.obj
                0x10001880                hardware_alarm_claim
 .text.time_us_64
                0x10001898       0x18 CMakeFiles/HW9.dir/Users/grace/Desktop/Pico/pico-sdk/src/rp2_common/hardware_timer/timer.c.obj
                0x10001898                time_us_64
 .text.busy_wait_until
                0x100018b0       0x28 CMakeFiles/HW9.dir/Users/grace/Desktop/Pico/pico-sdk/src/rp2_common/hardware_timer/timer.c.obj
                0x100018b0                busy_wait_until
 .text.busy_wait_us
                0x100018d8       0x3a CMakeFiles/HW9.dir/Users/grace/Desktop/Pico/pico-sdk/src/rp2_common/hardware_timer/timer.c.obj
                0x100018d8                busy_wait_us
 *fill*         0x10001912        0x2 
 .text.hardware_alarm_set_callback
                0x10001914       0x90 CMakeFiles/HW9.dir/Users/grace/Desktop/Pico/pico-sdk/src/rp2_common/hardware_timer/timer.c.obj
                0x10001914                hardware_alarm_set_callback
 .text.hardware_alarm_set_target
                0x100019a4       0xe8 CMakeFiles/HW9.dir/Users/grace/Desktop/Pico/pico-sdk/src/rp2_common/hardware_timer/timer.c.obj
                0x100019a4                hardware_alarm_set_target
 .text.hardware_alarm_cancel
                0x10001a8c       0x40 CMakeFiles/HW9.dir/Users/grace/Desktop/Pico/pico-sdk/src/rp2_common/hardware_timer/timer.c.obj
                0x10001a8c                hardware_alarm_cancel
 .text.ph_get_node
                0x10001acc       0x30 CMakeFiles/HW9.dir/Users/grace/Desktop/Pico/pico-sdk/src/common/pico_util/pheap.c.obj
 .text.ph_add_child_node
                0x10001afc       0x6c CMakeFiles/HW9.dir/Users/grace/Desktop/Pico/pico-sdk/src/common/pico_util/pheap.c.obj
 .text.ph_merge_nodes
                0x10001b68       0x3e CMakeFiles/HW9.dir/Users/grace/Desktop/Pico/pico-sdk/src/common/pico_util/pheap.c.obj
 .text.ph_clear
                0x10001ba6       0x34 CMakeFiles/HW9.dir/Users/grace/Desktop/Pico/pico-sdk/src/common/pico_util/pheap.c.obj
                0x10001ba6                ph_clear
 .text.ph_post_alloc_init
                0x10001bda        0xe CMakeFiles/HW9.dir/Users/grace/Desktop/Pico/pico-sdk/src/common/pico_util/pheap.c.obj
                0x10001bda                ph_post_alloc_init
 .text.ph_merge_two_pass
                0x10001be8       0x5c CMakeFiles/HW9.dir/Users/grace/Desktop/Pico/pico-sdk/src/common/pico_util/pheap.c.obj
                0x10001be8                ph_merge_two_pass
 .text.ph_remove_any_head
                0x10001c44       0xc0 CMakeFiles/HW9.dir/Users/grace/Desktop/Pico/pico-sdk/src/common/pico_util/pheap.c.obj
 .text.ph_remove_head
                0x10001d04       0x14 CMakeFiles/HW9.dir/Users/grace/Desktop/Pico/pico-sdk/src/common/pico_util/pheap.c.obj
                0x10001d04                ph_remove_head
 .text.ph_remove_and_free_node
                0x10001d18       0xa0 CMakeFiles/HW9.dir/Users/grace/Desktop/Pico/pico-sdk/src/common/pico_util/pheap.c.obj
                0x10001d18                ph_remove_and_free_node
 .text.uart_disable_before_lcr_write
                0x10001db8       0x48 CMakeFiles/HW9.dir/Users/grace/Desktop/Pico/pico-sdk/src/rp2_common/hardware_uart/uart.c.obj
 .text.uart_write_lcr_bits_masked
                0x10001e00       0x22 CMakeFiles/HW9.dir/Users/grace/Desktop/Pico/pico-sdk/src/rp2_common/hardware_uart/uart.c.obj
 *fill*         0x10001e22        0x2 
 .text.uart_set_baudrate
                0x10001e24       0x5c CMakeFiles/HW9.dir/Users/grace/Desktop/Pico/pico-sdk/src/rp2_common/hardware_uart/uart.c.obj
                0x10001e24                uart_set_baudrate
 .text.uart_set_format
                0x10001e80       0x2c CMakeFiles/HW9.dir/Users/grace/Desktop/Pico/pico-sdk/src/rp2_common/hardware_uart/uart.c.obj
                0x10001e80                uart_set_format
 .text.uart_set_fifo_enabled
                0x10001eac       0x10 CMakeFiles/HW9.dir/Users/grace/Desktop/Pico/pico-sdk/src/rp2_common/hardware_uart/uart.c.obj
                0x10001eac                uart_set_fifo_enabled
 .text.uart_set_translate_crlf
                0x10001ebc       0x28 CMakeFiles/HW9.dir/Users/grace/Desktop/Pico/pico-sdk/src/rp2_common/hardware_uart/uart.c.obj
                0x10001ebc                uart_set_translate_crlf
 .text.uart_init
                0x10001ee4       0x80 CMakeFiles/HW9.dir/Users/grace/Desktop/Pico/pico-sdk/src/rp2_common/hardware_uart/uart.c.obj
                0x10001ee4                uart_init
 .text.clock_configure
                0x10001f64      0x108 CMakeFiles/HW9.dir/Users/grace/Desktop/Pico/pico-sdk/src/rp2_common/hardware_clocks/clocks.c.obj
                0x10001f64                clock_configure
 .text.clocks_init
                0x1000206c      0x100 CMakeFiles/HW9.dir/Users/grace/Desktop/Pico/pico-sdk/src/rp2_common/hardware_clocks/clocks.c.obj
                0x1000206c                clocks_init
 .text.clock_get_hz
                0x1000216c        0xc CMakeFiles/HW9.dir/Users/grace/Desktop/Pico/pico-sdk/src/rp2_common/hardware_clocks/clocks.c.obj
                0x1000216c                clock_get_hz
 .text.pll_init
                0x10002178      0x120 CMakeFiles/HW9.dir/Users/grace/Desktop/Pico/pico-sdk/src/rp2_common/hardware_pll/pll.c.obj
                0x10002178                pll_init
 .text.watchdog_start_tick
                0x10002298       0x10 CMakeFiles/HW9.dir/Users/grace/Desktop/Pico/pico-sdk/src/rp2_common/hardware_watchdog/watchdog.c.obj
                0x10002298                watchdog_start_tick
 .text.watchdog_update
                0x100022a8       0x14 CMakeFiles/HW9.dir/Users/grace/Desktop/Pico/pico-sdk/src/rp2_common/hardware_watchdog/watchdog.c.obj
                0x100022a8                watchdog_update
 .text._watchdog_enable
                0x100022bc       0x78 CMakeFiles/HW9.dir/Users/grace/Desktop/Pico/pico-sdk/src/rp2_common/hardware_watchdog/watchdog.c.obj
                0x100022bc                _watchdog_enable
 .text.watchdog_reboot
                0x10002334       0x48 CMakeFiles/HW9.dir/Users/grace/Desktop/Pico/pico-sdk/src/rp2_common/hardware_watchdog/watchdog.c.obj
                0x10002334                watchdog_reboot
 .text.xosc_init
                0x1000237c       0x28 CMakeFiles/HW9.dir/Users/grace/Desktop/Pico/pico-sdk/src/rp2_common/hardware_xosc/xosc.c.obj
                0x1000237c                xosc_init
 .text._exit    0x100023a4        0x4 CMakeFiles/HW9.dir/Users/grace/Desktop/Pico/pico-sdk/src/rp2_common/pico_runtime/runtime.c.obj
                0x100023a4                _exit
 .text._sbrk    0x100023a8       0x38 CMakeFiles/HW9.dir/Users/grace/Desktop/Pico/pico-sdk/src/rp2_common/pico_runtime/runtime.c.obj
                0x100023a8                _sbrk
 .text.exit     0x100023e0        0x6 CMakeFiles/HW9.dir/Users/grace/Desktop/Pico/pico-sdk/src/rp2_common/pico_runtime/runtime.c.obj
                0x100023e0                exit
 *fill*         0x100023e6        0x2 
 .text.__assert_func
                0x100023e8       0x38 CMakeFiles/HW9.dir/Users/grace/Desktop/Pico/pico-sdk/src/rp2_common/pico_runtime/runtime.c.obj
                0x100023e8                __assert_func
 .text.runtime_init
                0x10002420       0xf8 CMakeFiles/HW9.dir/Users/grace/Desktop/Pico/pico-sdk/src/rp2_common/pico_runtime/runtime.c.obj
                0x10002420                runtime_init
 .text.panic    0x10002518       0x30 CMakeFiles/HW9.dir/Users/grace/Desktop/Pico/pico-sdk/src/rp2_common/pico_runtime/runtime.c.obj
                0x10002518                panic
 .text._out_buffer
                0x10002548        0x8 CMakeFiles/HW9.dir/Users/grace/Desktop/Pico/pico-sdk/src/rp2_common/pico_printf/printf.c.obj
 .text._out_null
                0x10002550        0x2 CMakeFiles/HW9.dir/Users/grace/Desktop/Pico/pico-sdk/src/rp2_common/pico_printf/printf.c.obj
 .text._out_fct
                0x10002552        0xe CMakeFiles/HW9.dir/Users/grace/Desktop/Pico/pico-sdk/src/rp2_common/pico_printf/printf.c.obj
 .text._atoi    0x10002560       0x24 CMakeFiles/HW9.dir/Users/grace/Desktop/Pico/pico-sdk/src/rp2_common/pico_printf/printf.c.obj
 .text._out_rev
                0x10002584       0xae CMakeFiles/HW9.dir/Users/grace/Desktop/Pico/pico-sdk/src/rp2_common/pico_printf/printf.c.obj
 .text._ntoa_format
                0x10002632      0x110 CMakeFiles/HW9.dir/Users/grace/Desktop/Pico/pico-sdk/src/rp2_common/pico_printf/printf.c.obj
 .text._ntoa_long
                0x10002742       0xbc CMakeFiles/HW9.dir/Users/grace/Desktop/Pico/pico-sdk/src/rp2_common/pico_printf/printf.c.obj
 .text._ntoa_long_long
                0x100027fe      0x10e CMakeFiles/HW9.dir/Users/grace/Desktop/Pico/pico-sdk/src/rp2_common/pico_printf/printf.c.obj
 .text._etoa    0x1000290c      0x420 CMakeFiles/HW9.dir/Users/grace/Desktop/Pico/pico-sdk/src/rp2_common/pico_printf/printf.c.obj
 .text._ftoa    0x10002d2c      0x354 CMakeFiles/HW9.dir/Users/grace/Desktop/Pico/pico-sdk/src/rp2_common/pico_printf/printf.c.obj
 .text._vsnprintf
                0x10003080      0x668 CMakeFiles/HW9.dir/Users/grace/Desktop/Pico/pico-sdk/src/rp2_common/pico_printf/printf.c.obj
 .text.__wrap_sprintf
                0x100036e8       0x2c CMakeFiles/HW9.dir/Users/grace/Desktop/Pico/pico-sdk/src/rp2_common/pico_printf/printf.c.obj
                0x100036e8                __wrap_sprintf
 .text.vfctprintf
                0x10003714       0x20 CMakeFiles/HW9.dir/Users/grace/Desktop/Pico/pico-sdk/src/rp2_common/pico_printf/printf.c.obj
                0x10003714                vfctprintf
 .text          0x10003734       0x10 CMakeFiles/HW9.dir/Users/grace/Desktop/Pico/pico-sdk/src/rp2_common/pico_bit_ops/bit_ops_aeabi.S.obj
 .text.rom_func_lookup
                0x10003744       0x10 CMakeFiles/HW9.dir/Users/grace/Desktop/Pico/pico-sdk/src/rp2_common/pico_bootrom/bootrom.c.obj
                0x10003744                rom_func_lookup
 .text.rom_data_lookup
                0x10003754       0x10 CMakeFiles/HW9.dir/Users/grace/Desktop/Pico/pico-sdk/src/rp2_common/pico_bootrom/bootrom.c.obj
                0x10003754                rom_data_lookup
 .text.rom_funcs_lookup
                0x10003764       0x36 CMakeFiles/HW9.dir/Users/grace/Desktop/Pico/pico-sdk/src/rp2_common/pico_bootrom/bootrom.c.obj
                0x10003764                rom_funcs_lookup
 *fill*         0x1000379a        0x2 
 .text.__wrap___aeabi_idiv
                0x1000379c       0x50 CMakeFiles/HW9.dir/Users/grace/Desktop/Pico/pico-sdk/src/rp2_common/pico_divider/divider.S.obj
                0x1000379c                __wrap___aeabi_idivmod
                0x1000379c                divmod_s32s32
                0x1000379c                div_s32s32
                0x1000379c                __wrap___aeabi_idiv
                0x100037a4                divmod_s32s32_unsafe
                0x100037d0                divmod_s32s32_savestate
 .text.__wrap___aeabi_uidiv
                0x100037ec       0x4c CMakeFiles/HW9.dir/Users/grace/Desktop/Pico/pico-sdk/src/rp2_common/pico_divider/divider.S.obj
                0x100037ec                __wrap___aeabi_uidiv
                0x100037ec                __wrap___aeabi_uidivmod
                0x100037ec                div_u32u32
                0x100037ec                divmod_u32u32
                0x100037f4                divmod_u32u32_unsafe
                0x1000381c                divmod_u32u32_savestate
 .text.__wrap___aeabi_ldiv
                0x10003838      0x424 CMakeFiles/HW9.dir/Users/grace/Desktop/Pico/pico-sdk/src/rp2_common/pico_divider/divider.S.obj
                0x10003838                __wrap___aeabi_ldivmod
                0x10003838                div_s64s64
                0x10003838                divmod_s64s64
                0x10003868                divmod_u64u64
                0x10003868                div_u64u64
                0x10003868                __wrap___aeabi_uldivmod
                0x10003878                divmod_u64u64_savestate
                0x10003898                divmod_s64s64_unsafe
                0x10003920                divmod_u64u64_unsafe
 .text.__wrap___aeabi_darithmetic
                0x10003c5c       0x80 CMakeFiles/HW9.dir/Users/grace/Desktop/Pico/pico-sdk/src/rp2_common/pico_double/double_aeabi.S.obj
                0x10003c5c                __wrap___aeabi_drsub
                0x10003c62                __wrap___aeabi_dsub
                0x10003c74                __wrap___aeabi_dadd
                0x10003c86                __wrap___aeabi_ddiv
                0x10003cc2                __wrap___aeabi_dmul
 .text.__wrap___aeabi_cdcmple
                0x10003cdc       0x6c CMakeFiles/HW9.dir/Users/grace/Desktop/Pico/pico-sdk/src/rp2_common/pico_double/double_aeabi.S.obj
                0x10003cdc                __wrap___aeabi_cdrcmple
                0x10003cec                __wrap___aeabi_cdcmple
                0x10003cec                __wrap___aeabi_cdcmpeq
 .text.__wrap___aeabi_dcmpeq
                0x10003d48       0x10 CMakeFiles/HW9.dir/Users/grace/Desktop/Pico/pico-sdk/src/rp2_common/pico_double/double_aeabi.S.obj
                0x10003d48                __wrap___aeabi_dcmpeq
 .text.__wrap___aeabi_dcmplt
                0x10003d58        0xc CMakeFiles/HW9.dir/Users/grace/Desktop/Pico/pico-sdk/src/rp2_common/pico_double/double_aeabi.S.obj
                0x10003d58                __wrap___aeabi_dcmplt
 .text.__wrap___aeabi_dcmple
                0x10003d64       0x10 CMakeFiles/HW9.dir/Users/grace/Desktop/Pico/pico-sdk/src/rp2_common/pico_double/double_aeabi.S.obj
                0x10003d64                __wrap___aeabi_dcmple
 .text.__wrap___aeabi_dcmpge
                0x10003d74       0x10 CMakeFiles/HW9.dir/Users/grace/Desktop/Pico/pico-sdk/src/rp2_common/pico_double/double_aeabi.S.obj
                0x10003d74                __wrap___aeabi_dcmpge
 .text.__wrap___aeabi_dcmpgt
                0x10003d84        0xa CMakeFiles/HW9.dir/Users/grace/Desktop/Pico/pico-sdk/src/rp2_common/pico_double/double_aeabi.S.obj
                0x10003d84                __wrap___aeabi_dcmpgt
 .text.__wrap___aeabi_dcmpun
                0x10003d8e       0x1c CMakeFiles/HW9.dir/Users/grace/Desktop/Pico/pico-sdk/src/rp2_common/pico_double/double_aeabi.S.obj
                0x10003d8e                __wrap___aeabi_dcmpun
 *fill*         0x10003daa        0x2 
 .text.__wrap___aeabi_i2d
                0x10003dac       0x38 CMakeFiles/HW9.dir/Users/grace/Desktop/Pico/pico-sdk/src/rp2_common/pico_double/double_aeabi.S.obj
                0x10003dac                __wrap___aeabi_ui2d
                0x10003db4                __wrap___aeabi_i2d
 .text.__wrap___aeabi_d2iz
                0x10003de4       0x48 CMakeFiles/HW9.dir/Users/grace/Desktop/Pico/pico-sdk/src/rp2_common/pico_double/double_aeabi.S.obj
                0x10003de4                __wrap___aeabi_d2iz
                0x10003de4                double2int_z
 .text.__wrap___aeabi_d2uiz
                0x10003e2c       0x18 CMakeFiles/HW9.dir/Users/grace/Desktop/Pico/pico-sdk/src/rp2_common/pico_double/double_aeabi.S.obj
                0x10003e2c                double2uint
                0x10003e2c                __wrap___aeabi_d2uiz
 .text.__wrap___aeabi_l2d
                0x10003e44       0x18 CMakeFiles/HW9.dir/Users/grace/Desktop/Pico/pico-sdk/src/rp2_common/pico_double/double_aeabi.S.obj
                0x10003e44                __wrap___aeabi_l2d
 .text.__wrap___aeabi_d2lz
                0x10003e5c       0x26 CMakeFiles/HW9.dir/Users/grace/Desktop/Pico/pico-sdk/src/rp2_common/pico_double/double_aeabi.S.obj
                0x10003e5c                __wrap___aeabi_d2lz
                0x10003e5c                double2int64_z
 *fill*         0x10003e82        0x2 
 .text.double2int64
                0x10003e84       0x18 CMakeFiles/HW9.dir/Users/grace/Desktop/Pico/pico-sdk/src/rp2_common/pico_double/double_aeabi.S.obj
                0x10003e84                double2int64
 .text.double2ufix64
                0x10003e9c       0x18 CMakeFiles/HW9.dir/Users/grace/Desktop/Pico/pico-sdk/src/rp2_common/pico_double/double_aeabi.S.obj
                0x10003e9c                double2ufix64
 .text.__wrap___aeabi_d2f
                0x10003eb4       0x18 CMakeFiles/HW9.dir/Users/grace/Desktop/Pico/pico-sdk/src/rp2_common/pico_double/double_aeabi.S.obj
                0x10003eb4                __wrap___aeabi_d2f
 .text.__aeabi_double_init
                0x10003ecc       0xcc CMakeFiles/HW9.dir/Users/grace/Desktop/Pico/pico-sdk/src/rp2_common/pico_double/double_init_rom.c.obj
                0x10003ecc                __aeabi_double_init
 .text.double_table_shim_on_use_helper
                0x10003f98       0x34 CMakeFiles/HW9.dir/Users/grace/Desktop/Pico/pico-sdk/src/rp2_common/pico_double/double_v1_rom_shim.S.obj
                0x10003f98                double_table_shim_on_use_helper
 .text.__wrap___aeabi_dsub
                0x10003fcc       0x10 CMakeFiles/HW9.dir/Users/grace/Desktop/Pico/pico-sdk/src/rp2_common/pico_double/double_v1_rom_shim.S.obj
                0x10003fcc                drsub_shim
                0x10003fd2                dsub_shim
 .text.dadd_shim
                0x10003fdc      0x15c CMakeFiles/HW9.dir/Users/grace/Desktop/Pico/pico-sdk/src/rp2_common/pico_double/double_v1_rom_shim.S.obj
                0x10003fdc                dadd_shim
 .text.dmul_shim
                0x10004138      0x15c CMakeFiles/HW9.dir/Users/grace/Desktop/Pico/pico-sdk/src/rp2_common/pico_double/double_v1_rom_shim.S.obj
                0x10004138                dmul_shim
 .text.ddiv_shim
                0x10004294      0x1b0 CMakeFiles/HW9.dir/Users/grace/Desktop/Pico/pico-sdk/src/rp2_common/pico_double/double_v1_rom_shim.S.obj
                0x10004294                ddiv_shim
 .text.double2uint_shim
                0x10004444        0xe CMakeFiles/HW9.dir/Users/grace/Desktop/Pico/pico-sdk/src/rp2_common/pico_double/double_v1_rom_shim.S.obj
                0x10004444                double2uint_shim
                0x10004446                double2ufix_shim
 .text.double2int64_shim
                0x10004452       0x1a CMakeFiles/HW9.dir/Users/grace/Desktop/Pico/pico-sdk/src/rp2_common/pico_double/double_v1_rom_shim.S.obj
                0x10004452                double2int64_shim
                0x10004454                double2fix64_shim
 .text.double2uint64_shim
                0x1000446c       0x70 CMakeFiles/HW9.dir/Users/grace/Desktop/Pico/pico-sdk/src/rp2_common/pico_double/double_v1_rom_shim.S.obj
                0x1000446c                double2uint64_shim
                0x1000446e                double2ufix64_shim
                0x1000448e                d2fix_a
 .text.double2float_shim
                0x100044dc       0x5c CMakeFiles/HW9.dir/Users/grace/Desktop/Pico/pico-sdk/src/rp2_common/pico_double/double_v1_rom_shim.S.obj
                0x100044dc                double2float_shim
 .text.x2double_shims
                0x10004538       0x90 CMakeFiles/HW9.dir/Users/grace/Desktop/Pico/pico-sdk/src/rp2_common/pico_double/double_v1_rom_shim.S.obj
                0x10004538                uint2double_shim
                0x1000453a                ufix2double_shim
                0x10004540                int2double_shim
                0x10004542                fix2double_shim
                0x10004548                uint642double_shim
                0x1000454a                ufix642double_shim
                0x10004550                int642double_shim
                0x10004552                fix642double_shim
 .text.dunpacks
                0x100045c8       0x3c CMakeFiles/HW9.dir/Users/grace/Desktop/Pico/pico-sdk/src/rp2_common/pico_double/double_v1_rom_shim.S.obj
                0x100045c8                dunpacks
 .text.__aeabi_lmul
                0x10004604       0x32 CMakeFiles/HW9.dir/Users/grace/Desktop/Pico/pico-sdk/src/rp2_common/pico_int64_ops/pico_int64_ops_aeabi.S.obj
                0x10004604                __wrap___aeabi_lmul
 *fill*         0x10004636        0x2 
 .text.__aeabi_float_init
                0x10004638       0xfc CMakeFiles/HW9.dir/Users/grace/Desktop/Pico/pico-sdk/src/rp2_common/pico_float/float_init_rom.c.obj
                0x10004638                __aeabi_float_init
 .text.float_table_shim_on_use_helper
                0x10004734       0x34 CMakeFiles/HW9.dir/Users/grace/Desktop/Pico/pico-sdk/src/rp2_common/pico_float/float_v1_rom_shim.S.obj
                0x10004734                float_table_shim_on_use_helper
 .text.check_alloc
                0x10004768       0x20 CMakeFiles/HW9.dir/Users/grace/Desktop/Pico/pico-sdk/src/rp2_common/pico_malloc/pico_malloc.c.obj
 .text.__wrap_malloc
                0x10004788       0x14 CMakeFiles/HW9.dir/Users/grace/Desktop/Pico/pico-sdk/src/rp2_common/pico_malloc/pico_malloc.c.obj
                0x10004788                __wrap_malloc
 .text.__wrap_realloc
                0x1000479c       0x14 CMakeFiles/HW9.dir/Users/grace/Desktop/Pico/pico-sdk/src/rp2_common/pico_malloc/pico_malloc.c.obj
                0x1000479c                __wrap_realloc
 .text.__wrap_free
                0x100047b0        0x8 CMakeFiles/HW9.dir/Users/grace/Desktop/Pico/pico-sdk/src/rp2_common/pico_malloc/pico_malloc.c.obj
                0x100047b0                __wrap_free
 .text          0x100047b8       0x10 CMakeFiles/HW9.dir/Users/grace/Desktop/Pico/pico-sdk/src/rp2_common/pico_mem_ops/mem_ops_aeabi.S.obj
                0x100047b8                __aeabi_mem_init
 .text.memset   0x100047c8        0xc CMakeFiles/HW9.dir/Users/grace/Desktop/Pico/pico-sdk/src/rp2_common/pico_mem_ops/mem_ops_aeabi.S.obj
                0x100047c8                __wrap_memset
 .text.memcpy   0x100047d4        0xc CMakeFiles/HW9.dir/Users/grace/Desktop/Pico/pico-sdk/src/rp2_common/pico_mem_ops/mem_ops_aeabi.S.obj
                0x100047d4                __wrap___aeabi_memcpy
                0x100047d4                __wrap_memcpy
 .text.time_reached
                0x100047e0       0x28 CMakeFiles/HW9.dir/Users/grace/Desktop/Pico/pico-sdk/src/rp2_common/pico_stdio/stdio.c.obj
 .text.stdio_out_chars_no_crlf
                0x10004808        0xe CMakeFiles/HW9.dir/Users/grace/Desktop/Pico/pico-sdk/src/rp2_common/pico_stdio/stdio.c.obj
 *fill*         0x10004816        0x2 
 .text.stdio_out_chars_crlf
                0x10004818       0x80 CMakeFiles/HW9.dir/Users/grace/Desktop/Pico/pico-sdk/src/rp2_common/pico_stdio/stdio.c.obj
 .text.stdio_stack_buffer_flush
                0x10004898       0x44 CMakeFiles/HW9.dir/Users/grace/Desktop/Pico/pico-sdk/src/rp2_common/pico_stdio/stdio.c.obj
 .text.stdio_buffered_printer
                0x100048dc       0x20 CMakeFiles/HW9.dir/Users/grace/Desktop/Pico/pico-sdk/src/rp2_common/pico_stdio/stdio.c.obj
 .text.update_us_since_boot
                0x100048fc       0x24 CMakeFiles/HW9.dir/Users/grace/Desktop/Pico/pico-sdk/src/rp2_common/pico_stdio/stdio.c.obj
 .text.get_absolute_time
                0x10004920       0x22 CMakeFiles/HW9.dir/Users/grace/Desktop/Pico/pico-sdk/src/rp2_common/pico_stdio/stdio.c.obj
 *fill*         0x10004942        0x2 
 .text.delayed_by_ms
                0x10004944       0x44 CMakeFiles/HW9.dir/Users/grace/Desktop/Pico/pico-sdk/src/rp2_common/pico_stdio/stdio.c.obj
 .text.make_timeout_time_ms
                0x10004988       0x20 CMakeFiles/HW9.dir/Users/grace/Desktop/Pico/pico-sdk/src/rp2_common/pico_stdio/stdio.c.obj
 .text.stdio_get_until
                0x100049a8       0x64 CMakeFiles/HW9.dir/Users/grace/Desktop/Pico/pico-sdk/src/rp2_common/pico_stdio/stdio.c.obj
 .text.stdout_serialize_begin
                0x10004a0c       0x20 CMakeFiles/HW9.dir/Users/grace/Desktop/Pico/pico-sdk/src/rp2_common/pico_stdio/stdio.c.obj
                0x10004a0c                stdout_serialize_begin
 .text.stdout_serialize_end
                0x10004a2c       0x10 CMakeFiles/HW9.dir/Users/grace/Desktop/Pico/pico-sdk/src/rp2_common/pico_stdio/stdio.c.obj
                0x10004a2c                stdout_serialize_end
 .text.stdio_put_string
                0x10004a3c       0x98 CMakeFiles/HW9.dir/Users/grace/Desktop/Pico/pico-sdk/src/rp2_common/pico_stdio/stdio.c.obj
 .text._read    0x10004ad4       0x24 CMakeFiles/HW9.dir/Users/grace/Desktop/Pico/pico-sdk/src/rp2_common/pico_stdio/stdio.c.obj
                0x10004ad4                _read
 .text._write   0x10004af8       0x22 CMakeFiles/HW9.dir/Users/grace/Desktop/Pico/pico-sdk/src/rp2_common/pico_stdio/stdio.c.obj
                0x10004af8                _write
 .text._close   0x10004b1a        0x6 CMakeFiles/HW9.dir/Users/grace/Desktop/Pico/pico-sdk/src/rp2_common/pico_stdio/stdio.c.obj
                0x10004b1a                _close
 .text._lseek   0x10004b20        0x6 CMakeFiles/HW9.dir/Users/grace/Desktop/Pico/pico-sdk/src/rp2_common/pico_stdio/stdio.c.obj
                0x10004b20                _lseek
 .text._fstat   0x10004b26        0x6 CMakeFiles/HW9.dir/Users/grace/Desktop/Pico/pico-sdk/src/rp2_common/pico_stdio/stdio.c.obj
                0x10004b26                _fstat
 .text._isatty  0x10004b2c        0xc CMakeFiles/HW9.dir/Users/grace/Desktop/Pico/pico-sdk/src/rp2_common/pico_stdio/stdio.c.obj
                0x10004b2c                _isatty
 .text.stdio_set_driver_enabled
                0x10004b38       0x2c CMakeFiles/HW9.dir/Users/grace/Desktop/Pico/pico-sdk/src/rp2_common/pico_stdio/stdio.c.obj
                0x10004b38                stdio_set_driver_enabled
 .text.stdio_flush
                0x10004b64       0x20 CMakeFiles/HW9.dir/Users/grace/Desktop/Pico/pico-sdk/src/rp2_common/pico_stdio/stdio.c.obj
                0x10004b64                stdio_flush
 .text.__wrap_puts
                0x10004b84       0x1e CMakeFiles/HW9.dir/Users/grace/Desktop/Pico/pico-sdk/src/rp2_common/pico_stdio/stdio.c.obj
                0x10004b84                __wrap_puts
 *fill*         0x10004ba2        0x2 
 .text.__wrap_vprintf
                0x10004ba4       0x40 CMakeFiles/HW9.dir/Users/grace/Desktop/Pico/pico-sdk/src/rp2_common/pico_stdio/stdio.c.obj
                0x10004ba4                __wrap_vprintf
 .text.__wrap_printf
                0x10004be4       0x18 CMakeFiles/HW9.dir/Users/grace/Desktop/Pico/pico-sdk/src/rp2_common/pico_stdio/stdio.c.obj
                0x10004be4                __wrap_printf
 .text.stdio_init_all
                0x10004bfc        0x8 CMakeFiles/HW9.dir/Users/grace/Desktop/Pico/pico-sdk/src/rp2_common/pico_stdio/stdio.c.obj
                0x10004bfc                stdio_init_all
 .text.resetd_init
                0x10004c04        0x2 CMakeFiles/HW9.dir/Users/grace/Desktop/Pico/pico-sdk/src/rp2_common/pico_stdio_usb/reset_interface.c.obj
 *fill*         0x10004c06        0x2 
 .text.resetd_reset
                0x10004c08        0xc CMakeFiles/HW9.dir/Users/grace/Desktop/Pico/pico-sdk/src/rp2_common/pico_stdio_usb/reset_interface.c.obj
 .text.resetd_open
                0x10004c14       0x34 CMakeFiles/HW9.dir/Users/grace/Desktop/Pico/pico-sdk/src/rp2_common/pico_stdio_usb/reset_interface.c.obj
 .text.resetd_xfer_cb
                0x10004c48        0x4 CMakeFiles/HW9.dir/Users/grace/Desktop/Pico/pico-sdk/src/rp2_common/pico_stdio_usb/reset_interface.c.obj
 .text.reset_usb_boot
                0x10004c4c       0x18 CMakeFiles/HW9.dir/Users/grace/Desktop/Pico/pico-sdk/src/rp2_common/pico_stdio_usb/reset_interface.c.obj
 .text.resetd_control_xfer_cb
                0x10004c64       0x5c CMakeFiles/HW9.dir/Users/grace/Desktop/Pico/pico-sdk/src/rp2_common/pico_stdio_usb/reset_interface.c.obj
 .text.usbd_app_driver_get_cb
                0x10004cc0        0xc CMakeFiles/HW9.dir/Users/grace/Desktop/Pico/pico-sdk/src/rp2_common/pico_stdio_usb/reset_interface.c.obj
                0x10004cc0                usbd_app_driver_get_cb
 .text.tud_cdc_line_coding_cb
                0x10004ccc       0x28 CMakeFiles/HW9.dir/Users/grace/Desktop/Pico/pico-sdk/src/rp2_common/pico_stdio_usb/reset_interface.c.obj
                0x10004ccc                tud_cdc_line_coding_cb
 .text.stdio_usb_set_chars_available_callback
                0x10004cf4       0x14 CMakeFiles/HW9.dir/Users/grace/Desktop/Pico/pico-sdk/src/rp2_common/pico_stdio_usb/stdio_usb.c.obj
                0x10004cf4                stdio_usb_set_chars_available_callback
 .text.update_us_since_boot
                0x10004d08       0x24 CMakeFiles/HW9.dir/Users/grace/Desktop/Pico/pico-sdk/src/rp2_common/pico_stdio_usb/stdio_usb.c.obj
 .text.get_absolute_time
                0x10004d2c       0x22 CMakeFiles/HW9.dir/Users/grace/Desktop/Pico/pico-sdk/src/rp2_common/pico_stdio_usb/stdio_usb.c.obj
 *fill*         0x10004d4e        0x2 
 .text.delayed_by_ms
                0x10004d50       0x44 CMakeFiles/HW9.dir/Users/grace/Desktop/Pico/pico-sdk/src/rp2_common/pico_stdio_usb/stdio_usb.c.obj
 .text.make_timeout_time_ms
                0x10004d94       0x20 CMakeFiles/HW9.dir/Users/grace/Desktop/Pico/pico-sdk/src/rp2_common/pico_stdio_usb/stdio_usb.c.obj
 .text.delayed_by_us
                0x10004db4       0x34 CMakeFiles/HW9.dir/Users/grace/Desktop/Pico/pico-sdk/src/rp2_common/pico_stdio_usb/stdio_usb.c.obj
 .text.usb_irq  0x10004de8       0x10 CMakeFiles/HW9.dir/Users/grace/Desktop/Pico/pico-sdk/src/rp2_common/pico_stdio_usb/stdio_usb.c.obj
 .text.critical_section_enter_blocking
                0x10004df8       0x16 CMakeFiles/HW9.dir/Users/grace/Desktop/Pico/pico-sdk/src/rp2_common/pico_stdio_usb/stdio_usb.c.obj
 *fill*         0x10004e0e        0x2 
 .text.timer_task
                0x10004e10       0x4c CMakeFiles/HW9.dir/Users/grace/Desktop/Pico/pico-sdk/src/rp2_common/pico_stdio_usb/stdio_usb.c.obj
 .text.alarm_pool_add_alarm_in_us
                0x10004e5c       0x3a CMakeFiles/HW9.dir/Users/grace/Desktop/Pico/pico-sdk/src/rp2_common/pico_stdio_usb/stdio_usb.c.obj
 .text.add_alarm_in_us
                0x10004e96       0x2e CMakeFiles/HW9.dir/Users/grace/Desktop/Pico/pico-sdk/src/rp2_common/pico_stdio_usb/stdio_usb.c.obj
 .text.low_priority_worker_irq
                0x10004ec4       0x7c CMakeFiles/HW9.dir/Users/grace/Desktop/Pico/pico-sdk/src/rp2_common/pico_stdio_usb/stdio_usb.c.obj
 .text.tud_cdc_rx_cb
                0x10004f40       0x20 CMakeFiles/HW9.dir/Users/grace/Desktop/Pico/pico-sdk/src/rp2_common/pico_stdio_usb/stdio_usb.c.obj
                0x10004f40                tud_cdc_rx_cb
 .text.stdio_usb_init
                0x10004f60       0xd0 CMakeFiles/HW9.dir/Users/grace/Desktop/Pico/pico-sdk/src/rp2_common/pico_stdio_usb/stdio_usb.c.obj
                0x10004f60                stdio_usb_init
 .text.stdio_usb_connected
                0x10005030        0xa CMakeFiles/HW9.dir/Users/grace/Desktop/Pico/pico-sdk/src/rp2_common/pico_stdio_usb/stdio_usb.c.obj
                0x10005030                stdio_usb_connected
 *fill*         0x1000503a        0x2 
 .text.stdio_usb_in_chars
                0x1000503c       0x88 CMakeFiles/HW9.dir/Users/grace/Desktop/Pico/pico-sdk/src/rp2_common/pico_stdio_usb/stdio_usb.c.obj
                0x1000503c                stdio_usb_in_chars
 .text.stdio_usb_out_chars
                0x100050c4       0xd8 CMakeFiles/HW9.dir/Users/grace/Desktop/Pico/pico-sdk/src/rp2_common/pico_stdio_usb/stdio_usb.c.obj
 .text.tud_descriptor_device_cb
                0x1000519c        0x8 CMakeFiles/HW9.dir/Users/grace/Desktop/Pico/pico-sdk/src/rp2_common/pico_stdio_usb/stdio_usb_descriptors.c.obj
                0x1000519c                tud_descriptor_device_cb
 .text.tud_descriptor_configuration_cb
                0x100051a4        0x8 CMakeFiles/HW9.dir/Users/grace/Desktop/Pico/pico-sdk/src/rp2_common/pico_stdio_usb/stdio_usb_descriptors.c.obj
                0x100051a4                tud_descriptor_configuration_cb
 .text.tud_descriptor_string_cb
                0x100051ac       0x6c CMakeFiles/HW9.dir/Users/grace/Desktop/Pico/pico-sdk/src/rp2_common/pico_stdio_usb/stdio_usb_descriptors.c.obj
                0x100051ac                tud_descriptor_string_cb
 .text._retrieve_unique_id_on_boot
                0x10005218       0x10 CMakeFiles/HW9.dir/Users/grace/Desktop/Pico/pico-sdk/src/rp2_common/pico_unique_id/unique_id.c.obj
 .text.pico_get_unique_board_id_string
                0x10005228       0x5c CMakeFiles/HW9.dir/Users/grace/Desktop/Pico/pico-sdk/src/rp2_common/pico_unique_id/unique_id.c.obj
                0x10005228                pico_get_unique_board_id_string
 .text.flash_get_unique_id
                0x10005284       0x40 CMakeFiles/HW9.dir/Users/grace/Desktop/Pico/pico-sdk/src/rp2_common/hardware_flash/flash.c.obj
                0x10005284                flash_get_unique_id
 .text.hw_endpoint_get_by_addr
                0x100052c4       0x18 CMakeFiles/HW9.dir/Users/grace/Desktop/Pico/pico-sdk/lib/tinyusb/src/portable/raspberrypi/rp2040/dcd_rp2040.c.obj
 .text._hw_endpoint_alloc
                0x100052dc       0x70 CMakeFiles/HW9.dir/Users/grace/Desktop/Pico/pico-sdk/lib/tinyusb/src/portable/raspberrypi/rp2040/dcd_rp2040.c.obj
 .text.hw_endpoint_init
                0x1000534c       0x88 CMakeFiles/HW9.dir/Users/grace/Desktop/Pico/pico-sdk/lib/tinyusb/src/portable/raspberrypi/rp2040/dcd_rp2040.c.obj
 .text.dcd_event_sof
                0x100053d4       0x2c CMakeFiles/HW9.dir/Users/grace/Desktop/Pico/pico-sdk/lib/tinyusb/src/portable/raspberrypi/rp2040/dcd_rp2040.c.obj
 .text.hw_endpoint_xfer
                0x10005400       0x14 CMakeFiles/HW9.dir/Users/grace/Desktop/Pico/pico-sdk/lib/tinyusb/src/portable/raspberrypi/rp2040/dcd_rp2040.c.obj
 .text.dcd_int_enable
                0x10005414       0x2c CMakeFiles/HW9.dir/Users/grace/Desktop/Pico/pico-sdk/lib/tinyusb/src/portable/raspberrypi/rp2040/dcd_rp2040.c.obj
                0x10005414                dcd_int_enable
 .text.dcd_set_address
                0x10005440       0x2c CMakeFiles/HW9.dir/Users/grace/Desktop/Pico/pico-sdk/lib/tinyusb/src/portable/raspberrypi/rp2040/dcd_rp2040.c.obj
                0x10005440                dcd_set_address
 .text.dcd_connect
                0x1000546c       0x10 CMakeFiles/HW9.dir/Users/grace/Desktop/Pico/pico-sdk/lib/tinyusb/src/portable/raspberrypi/rp2040/dcd_rp2040.c.obj
                0x1000546c                dcd_connect
 .text.dcd_init
                0x1000547c       0x80 CMakeFiles/HW9.dir/Users/grace/Desktop/Pico/pico-sdk/lib/tinyusb/src/portable/raspberrypi/rp2040/dcd_rp2040.c.obj
                0x1000547c                dcd_init
 .text.dcd_edpt0_status_complete
                0x100054fc       0x1c CMakeFiles/HW9.dir/Users/grace/Desktop/Pico/pico-sdk/lib/tinyusb/src/portable/raspberrypi/rp2040/dcd_rp2040.c.obj
                0x100054fc                dcd_edpt0_status_complete
 .text.dcd_edpt_open
                0x10005518       0x40 CMakeFiles/HW9.dir/Users/grace/Desktop/Pico/pico-sdk/lib/tinyusb/src/portable/raspberrypi/rp2040/dcd_rp2040.c.obj
                0x10005518                dcd_edpt_open
 .text.dcd_edpt_close_all
                0x10005558        0x8 CMakeFiles/HW9.dir/Users/grace/Desktop/Pico/pico-sdk/lib/tinyusb/src/portable/raspberrypi/rp2040/dcd_rp2040.c.obj
                0x10005558                dcd_edpt_close_all
 .text.dcd_edpt_xfer
                0x10005560       0x34 CMakeFiles/HW9.dir/Users/grace/Desktop/Pico/pico-sdk/lib/tinyusb/src/portable/raspberrypi/rp2040/dcd_rp2040.c.obj
                0x10005560                dcd_edpt_xfer
 .text.dcd_edpt_stall
                0x10005594       0x2c CMakeFiles/HW9.dir/Users/grace/Desktop/Pico/pico-sdk/lib/tinyusb/src/portable/raspberrypi/rp2040/dcd_rp2040.c.obj
                0x10005594                dcd_edpt_stall
 .text.dcd_edpt_clear_stall
                0x100055c0       0x20 CMakeFiles/HW9.dir/Users/grace/Desktop/Pico/pico-sdk/lib/tinyusb/src/portable/raspberrypi/rp2040/dcd_rp2040.c.obj
                0x100055c0                dcd_edpt_clear_stall
 .text.rp2040_usb_init
                0x100055e0       0x4c CMakeFiles/HW9.dir/Users/grace/Desktop/Pico/pico-sdk/lib/tinyusb/src/portable/raspberrypi/rp2040/rp2040_usb.c.obj
                0x100055e0                rp2040_usb_init
 .text.hw_endpoint_xfer_start
                0x1000562c       0x50 CMakeFiles/HW9.dir/Users/grace/Desktop/Pico/pico-sdk/lib/tinyusb/src/portable/raspberrypi/rp2040/rp2040_usb.c.obj
                0x1000562c                hw_endpoint_xfer_start
 .text.configuration_reset
                0x1000567c       0x84 CMakeFiles/HW9.dir/Users/grace/Desktop/Pico/pico-sdk/lib/tinyusb/src/device/usbd.c.obj
 .text.critical_section_enter_blocking
                0x10005700       0x16 CMakeFiles/HW9.dir/Users/grace/Desktop/Pico/pico-sdk/lib/tinyusb/src/device/usbd.c.obj
 .text.usbd_reset
                0x10005716        0xc CMakeFiles/HW9.dir/Users/grace/Desktop/Pico/pico-sdk/lib/tinyusb/src/device/usbd.c.obj
 .text.invoke_class_control
                0x10005722       0x1a CMakeFiles/HW9.dir/Users/grace/Desktop/Pico/pico-sdk/lib/tinyusb/src/device/usbd.c.obj
 .text.process_set_config
                0x1000573c      0x178 CMakeFiles/HW9.dir/Users/grace/Desktop/Pico/pico-sdk/lib/tinyusb/src/device/usbd.c.obj
 .text.process_get_descriptor
                0x100058b4       0xdc CMakeFiles/HW9.dir/Users/grace/Desktop/Pico/pico-sdk/lib/tinyusb/src/device/usbd.c.obj
 .text.tud_mounted
                0x10005990       0x10 CMakeFiles/HW9.dir/Users/grace/Desktop/Pico/pico-sdk/lib/tinyusb/src/device/usbd.c.obj
                0x10005990                tud_mounted
 .text.tud_suspended
                0x100059a0       0x10 CMakeFiles/HW9.dir/Users/grace/Desktop/Pico/pico-sdk/lib/tinyusb/src/device/usbd.c.obj
                0x100059a0                tud_suspended
 .text.tud_inited
                0x100059b0       0x14 CMakeFiles/HW9.dir/Users/grace/Desktop/Pico/pico-sdk/lib/tinyusb/src/device/usbd.c.obj
                0x100059b0                tud_inited
 .text.tud_init
                0x100059c4       0xcc CMakeFiles/HW9.dir/Users/grace/Desktop/Pico/pico-sdk/lib/tinyusb/src/device/usbd.c.obj
                0x100059c4                tud_init
 .text.usbd_defer_func
                0x10005a90       0x2a CMakeFiles/HW9.dir/Users/grace/Desktop/Pico/pico-sdk/lib/tinyusb/src/device/usbd.c.obj
                0x10005a90                usbd_defer_func
 *fill*         0x10005aba        0x2 
 .text.usbd_edpt_open
                0x10005abc       0x34 CMakeFiles/HW9.dir/Users/grace/Desktop/Pico/pico-sdk/lib/tinyusb/src/device/usbd.c.obj
                0x10005abc                usbd_edpt_open
 .text.usbd_open_edpt_pair
                0x10005af0       0x62 CMakeFiles/HW9.dir/Users/grace/Desktop/Pico/pico-sdk/lib/tinyusb/src/device/usbd.c.obj
                0x10005af0                usbd_open_edpt_pair
 *fill*         0x10005b52        0x2 
 .text.usbd_edpt_claim
                0x10005b54       0x28 CMakeFiles/HW9.dir/Users/grace/Desktop/Pico/pico-sdk/lib/tinyusb/src/device/usbd.c.obj
                0x10005b54                usbd_edpt_claim
 .text.usbd_edpt_release
                0x10005b7c       0x28 CMakeFiles/HW9.dir/Users/grace/Desktop/Pico/pico-sdk/lib/tinyusb/src/device/usbd.c.obj
                0x10005b7c                usbd_edpt_release
 .text.usbd_edpt_xfer
                0x10005ba4       0x78 CMakeFiles/HW9.dir/Users/grace/Desktop/Pico/pico-sdk/lib/tinyusb/src/device/usbd.c.obj
                0x10005ba4                usbd_edpt_xfer
 .text.usbd_edpt_stall
                0x10005c1c       0x48 CMakeFiles/HW9.dir/Users/grace/Desktop/Pico/pico-sdk/lib/tinyusb/src/device/usbd.c.obj
                0x10005c1c                usbd_edpt_stall
 .text.usbd_edpt_clear_stall
                0x10005c64       0x48 CMakeFiles/HW9.dir/Users/grace/Desktop/Pico/pico-sdk/lib/tinyusb/src/device/usbd.c.obj
                0x10005c64                usbd_edpt_clear_stall
 .text.usbd_edpt_stalled
                0x10005cac       0x1c CMakeFiles/HW9.dir/Users/grace/Desktop/Pico/pico-sdk/lib/tinyusb/src/device/usbd.c.obj
                0x10005cac                usbd_edpt_stalled
 .text.process_control_request
                0x10005cc8      0x374 CMakeFiles/HW9.dir/Users/grace/Desktop/Pico/pico-sdk/lib/tinyusb/src/device/usbd.c.obj
 .text.tud_task_ext
                0x1000603c      0x1a8 CMakeFiles/HW9.dir/Users/grace/Desktop/Pico/pico-sdk/lib/tinyusb/src/device/usbd.c.obj
                0x1000603c                tud_task_ext
 .text._status_stage_xact
                0x100061e4       0x1a CMakeFiles/HW9.dir/Users/grace/Desktop/Pico/pico-sdk/lib/tinyusb/src/device/usbd_control.c.obj
 *fill*         0x100061fe        0x2 
 .text._data_stage_xact
                0x10006200       0x58 CMakeFiles/HW9.dir/Users/grace/Desktop/Pico/pico-sdk/lib/tinyusb/src/device/usbd_control.c.obj
 .text.tud_control_status
                0x10006258       0x28 CMakeFiles/HW9.dir/Users/grace/Desktop/Pico/pico-sdk/lib/tinyusb/src/device/usbd_control.c.obj
                0x10006258                tud_control_status
 .text.tud_control_xfer
                0x10006280       0x68 CMakeFiles/HW9.dir/Users/grace/Desktop/Pico/pico-sdk/lib/tinyusb/src/device/usbd_control.c.obj
                0x10006280                tud_control_xfer
 .text.usbd_control_reset
                0x100062e8       0x14 CMakeFiles/HW9.dir/Users/grace/Desktop/Pico/pico-sdk/lib/tinyusb/src/device/usbd_control.c.obj
                0x100062e8                usbd_control_reset
 .text.usbd_control_set_complete_callback
                0x100062fc        0xc CMakeFiles/HW9.dir/Users/grace/Desktop/Pico/pico-sdk/lib/tinyusb/src/device/usbd_control.c.obj
                0x100062fc                usbd_control_set_complete_callback
 .text.usbd_control_set_request
                0x10006308       0x1c CMakeFiles/HW9.dir/Users/grace/Desktop/Pico/pico-sdk/lib/tinyusb/src/device/usbd_control.c.obj
                0x10006308                usbd_control_set_request
 .text.usbd_control_xfer_cb
                0x10006324       0xbc CMakeFiles/HW9.dir/Users/grace/Desktop/Pico/pico-sdk/lib/tinyusb/src/device/usbd_control.c.obj
                0x10006324                usbd_control_xfer_cb
 .text._prep_out_transaction
                0x100063e0       0x4a CMakeFiles/HW9.dir/Users/grace/Desktop/Pico/pico-sdk/lib/tinyusb/src/class/cdc/cdc_device.c.obj
 *fill*         0x1000642a        0x2 
 .text.tud_cdc_n_connected
                0x1000642c       0x38 CMakeFiles/HW9.dir/Users/grace/Desktop/Pico/pico-sdk/lib/tinyusb/src/class/cdc/cdc_device.c.obj
                0x1000642c                tud_cdc_n_connected
 .text.tud_cdc_n_available
                0x10006464       0x18 CMakeFiles/HW9.dir/Users/grace/Desktop/Pico/pico-sdk/lib/tinyusb/src/class/cdc/cdc_device.c.obj
                0x10006464                tud_cdc_n_available
 .text.tud_cdc_n_read
                0x1000647c       0x28 CMakeFiles/HW9.dir/Users/grace/Desktop/Pico/pico-sdk/lib/tinyusb/src/class/cdc/cdc_device.c.obj
                0x1000647c                tud_cdc_n_read
 .text.tud_cdc_n_write_flush
                0x100064a4       0xb8 CMakeFiles/HW9.dir/Users/grace/Desktop/Pico/pico-sdk/lib/tinyusb/src/class/cdc/cdc_device.c.obj
                0x100064a4                tud_cdc_n_write_flush
 .text.tud_cdc_n_write
                0x1000655c       0x38 CMakeFiles/HW9.dir/Users/grace/Desktop/Pico/pico-sdk/lib/tinyusb/src/class/cdc/cdc_device.c.obj
                0x1000655c                tud_cdc_n_write
 .text.tud_cdc_n_write_available
                0x10006594       0x1c CMakeFiles/HW9.dir/Users/grace/Desktop/Pico/pico-sdk/lib/tinyusb/src/class/cdc/cdc_device.c.obj
                0x10006594                tud_cdc_n_write_available
 .text.cdcd_init
                0x100065b0       0xbc CMakeFiles/HW9.dir/Users/grace/Desktop/Pico/pico-sdk/lib/tinyusb/src/class/cdc/cdc_device.c.obj
                0x100065b0                cdcd_init
 .text.cdcd_reset
                0x1000666c       0x44 CMakeFiles/HW9.dir/Users/grace/Desktop/Pico/pico-sdk/lib/tinyusb/src/class/cdc/cdc_device.c.obj
                0x1000666c                cdcd_reset
 .text.cdcd_open
                0x100066b0       0xc4 CMakeFiles/HW9.dir/Users/grace/Desktop/Pico/pico-sdk/lib/tinyusb/src/class/cdc/cdc_device.c.obj
                0x100066b0                cdcd_open
 .text.cdcd_control_xfer_cb
                0x10006774      0x134 CMakeFiles/HW9.dir/Users/grace/Desktop/Pico/pico-sdk/lib/tinyusb/src/class/cdc/cdc_device.c.obj
                0x10006774                cdcd_control_xfer_cb
 .text.cdcd_xfer_cb
                0x100068a8      0x130 CMakeFiles/HW9.dir/Users/grace/Desktop/Pico/pico-sdk/lib/tinyusb/src/class/cdc/cdc_device.c.obj
                0x100068a8                cdcd_xfer_cb
 .text.tusb_init
                0x100069d8        0xa CMakeFiles/HW9.dir/Users/grace/Desktop/Pico/pico-sdk/lib/tinyusb/src/tusb.c.obj
                0x100069d8                tusb_init
 .text.tusb_inited
                0x100069e2        0xe CMakeFiles/HW9.dir/Users/grace/Desktop/Pico/pico-sdk/lib/tinyusb/src/tusb.c.obj
                0x100069e2                tusb_inited
 .text.tu_edpt_claim
                0x100069f0       0x50 CMakeFiles/HW9.dir/Users/grace/Desktop/Pico/pico-sdk/lib/tinyusb/src/tusb.c.obj
                0x100069f0                tu_edpt_claim
 .text.tu_edpt_release
                0x10006a40       0x38 CMakeFiles/HW9.dir/Users/grace/Desktop/Pico/pico-sdk/lib/tinyusb/src/tusb.c.obj
                0x10006a40                tu_edpt_release
 .text.tu_edpt_validate
                0x10006a78       0x78 CMakeFiles/HW9.dir/Users/grace/Desktop/Pico/pico-sdk/lib/tinyusb/src/tusb.c.obj
                0x10006a78                tu_edpt_validate
 .text.tu_edpt_bind_driver
                0x10006af0       0x26 CMakeFiles/HW9.dir/Users/grace/Desktop/Pico/pico-sdk/lib/tinyusb/src/tusb.c.obj
                0x10006af0                tu_edpt_bind_driver
 .text.advance_index
                0x10006b16       0x1a CMakeFiles/HW9.dir/Users/grace/Desktop/Pico/pico-sdk/lib/tinyusb/src/common/tusb_fifo.c.obj
 .text._tu_fifo_peek
                0x10006b30       0x56 CMakeFiles/HW9.dir/Users/grace/Desktop/Pico/pico-sdk/lib/tinyusb/src/common/tusb_fifo.c.obj
 .text._ff_pull_const_addr
                0x10006b86       0x4c CMakeFiles/HW9.dir/Users/grace/Desktop/Pico/pico-sdk/lib/tinyusb/src/common/tusb_fifo.c.obj
 .text._ff_pull_n
                0x10006bd2      0x110 CMakeFiles/HW9.dir/Users/grace/Desktop/Pico/pico-sdk/lib/tinyusb/src/common/tusb_fifo.c.obj
 .text._tu_fifo_peek_n
                0x10006ce2       0x6a CMakeFiles/HW9.dir/Users/grace/Desktop/Pico/pico-sdk/lib/tinyusb/src/common/tusb_fifo.c.obj
 .text._tu_fifo_read_n
                0x10006d4c       0x4e CMakeFiles/HW9.dir/Users/grace/Desktop/Pico/pico-sdk/lib/tinyusb/src/common/tusb_fifo.c.obj
 .text._ff_push_const_addr
                0x10006d9a       0x40 CMakeFiles/HW9.dir/Users/grace/Desktop/Pico/pico-sdk/lib/tinyusb/src/common/tusb_fifo.c.obj
 .text._ff_push_n
                0x10006dda      0x10c CMakeFiles/HW9.dir/Users/grace/Desktop/Pico/pico-sdk/lib/tinyusb/src/common/tusb_fifo.c.obj
 .text._tu_fifo_write_n
                0x10006ee6       0xf0 CMakeFiles/HW9.dir/Users/grace/Desktop/Pico/pico-sdk/lib/tinyusb/src/common/tusb_fifo.c.obj
 .text.tu_fifo_config
                0x10006fd6       0x7c CMakeFiles/HW9.dir/Users/grace/Desktop/Pico/pico-sdk/lib/tinyusb/src/common/tusb_fifo.c.obj
                0x10006fd6                tu_fifo_config
 .text.tu_fifo_count
                0x10007052       0x2a CMakeFiles/HW9.dir/Users/grace/Desktop/Pico/pico-sdk/lib/tinyusb/src/common/tusb_fifo.c.obj
                0x10007052                tu_fifo_count
 .text.tu_fifo_empty
                0x1000707c        0xe CMakeFiles/HW9.dir/Users/grace/Desktop/Pico/pico-sdk/lib/tinyusb/src/common/tusb_fifo.c.obj
                0x1000707c                tu_fifo_empty
 .text.tu_fifo_full
                0x1000708a       0x28 CMakeFiles/HW9.dir/Users/grace/Desktop/Pico/pico-sdk/lib/tinyusb/src/common/tusb_fifo.c.obj
                0x1000708a                tu_fifo_full
 .text.tu_fifo_remaining
                0x100070b2       0x2c CMakeFiles/HW9.dir/Users/grace/Desktop/Pico/pico-sdk/lib/tinyusb/src/common/tusb_fifo.c.obj
                0x100070b2                tu_fifo_remaining
 .text.tu_fifo_read
                0x100070de       0x42 CMakeFiles/HW9.dir/Users/grace/Desktop/Pico/pico-sdk/lib/tinyusb/src/common/tusb_fifo.c.obj
                0x100070de                tu_fifo_read
 .text.tu_fifo_read_n
                0x10007120        0xa CMakeFiles/HW9.dir/Users/grace/Desktop/Pico/pico-sdk/lib/tinyusb/src/common/tusb_fifo.c.obj
                0x10007120                tu_fifo_read_n
 .text.tu_fifo_write
                0x1000712a       0x64 CMakeFiles/HW9.dir/Users/grace/Desktop/Pico/pico-sdk/lib/tinyusb/src/common/tusb_fifo.c.obj
                0x1000712a                tu_fifo_write
 .text.tu_fifo_write_n
                0x1000718e        0xa CMakeFiles/HW9.dir/Users/grace/Desktop/Pico/pico-sdk/lib/tinyusb/src/common/tusb_fifo.c.obj
                0x1000718e                tu_fifo_write_n
 .text.tu_fifo_clear
                0x10007198       0x3e CMakeFiles/HW9.dir/Users/grace/Desktop/Pico/pico-sdk/lib/tinyusb/src/common/tusb_fifo.c.obj
                0x10007198                tu_fifo_clear
 .text.tu_fifo_set_overwritable
                0x100071d6       0x46 CMakeFiles/HW9.dir/Users/grace/Desktop/Pico/pico-sdk/lib/tinyusb/src/common/tusb_fifo.c.obj
                0x100071d6                tu_fifo_set_overwritable
 .text.i2c_set_baudrate
                0x1000721c       0xf0 CMakeFiles/HW9.dir/Users/grace/Desktop/Pico/pico-sdk/src/rp2_common/hardware_i2c/i2c.c.obj
                0x1000721c                i2c_set_baudrate
 .text.i2c_init
                0x1000730c       0x58 CMakeFiles/HW9.dir/Users/grace/Desktop/Pico/pico-sdk/src/rp2_common/hardware_i2c/i2c.c.obj
                0x1000730c                i2c_init
 .text._calloc_r
                0x10007364       0xa8 /Applications/ArmGNUToolchain/13.2.Rel1/arm-none-eabi/bin/../lib/gcc/arm-none-eabi/13.2.1/../../../../arm-none-eabi/lib/thumb/v6-m/nofp/libg.a(libc_a-callocr.o)
                0x10007364                _calloc_r
 .text.malloc   0x1000740c       0x14 /Applications/ArmGNUToolchain/13.2.Rel1/arm-none-eabi/bin/../lib/gcc/arm-none-eabi/13.2.1/../../../../arm-none-eabi/lib/thumb/v6-m/nofp/libg.a(libc_a-malloc.o)
                0x1000740c                malloc
 .text.free     0x10007420       0x14 /Applications/ArmGNUToolchain/13.2.Rel1/arm-none-eabi/bin/../lib/gcc/arm-none-eabi/13.2.1/../../../../arm-none-eabi/lib/thumb/v6-m/nofp/libg.a(libc_a-malloc.o)
                0x10007420                free
 .text._malloc_r
                0x10007434      0x5c4 /Applications/ArmGNUToolchain/13.2.Rel1/arm-none-eabi/bin/../lib/gcc/arm-none-eabi/13.2.1/../../../../arm-none-eabi/lib/thumb/v6-m/nofp/libg.a(libc_a-mallocr.o)
                0x10007434                _malloc_r
 .text.__malloc_lock
                0x100079f8       0x10 /Applications/ArmGNUToolchain/13.2.Rel1/arm-none-eabi/bin/../lib/gcc/arm-none-eabi/13.2.1/../../../../arm-none-eabi/lib/thumb/v6-m/nofp/libg.a(libc_a-mlock.o)
                0x100079f8                __malloc_lock
 .text.__malloc_unlock
                0x10007a08       0x10 /Applications/ArmGNUToolchain/13.2.Rel1/arm-none-eabi/bin/../lib/gcc/arm-none-eabi/13.2.1/../../../../arm-none-eabi/lib/thumb/v6-m/nofp/libg.a(libc_a-mlock.o)
                0x10007a08                __malloc_unlock
 .text.realloc  0x10007a18       0x18 /Applications/ArmGNUToolchain/13.2.Rel1/arm-none-eabi/bin/../lib/gcc/arm-none-eabi/13.2.1/../../../../arm-none-eabi/lib/thumb/v6-m/nofp/libg.a(libc_a-realloc.o)
                0x10007a18                realloc
 .text.scanf    0x10007a30       0x24 /Applications/ArmGNUToolchain/13.2.Rel1/arm-none-eabi/bin/../lib/gcc/arm-none-eabi/13.2.1/../../../../arm-none-eabi/lib/thumb/v6-m/nofp/libg.a(libc_a-scanf.o)
                0x10007a30                scanf
 .text._realloc_r
                0x10007a54      0x350 /Applications/ArmGNUToolchain/13.2.Rel1/arm-none-eabi/bin/../lib/gcc/arm-none-eabi/13.2.1/../../../../arm-none-eabi/lib/thumb/v6-m/nofp/libg.a(libc_a-reallocr.o)
                0x10007a54                _realloc_r
 .text.memmove  0x10007da4       0xb0 /Applications/ArmGNUToolchain/13.2.Rel1/arm-none-eabi/bin/../lib/gcc/arm-none-eabi/13.2.1/../../../../arm-none-eabi/lib/thumb/v6-m/nofp/libg.a(libc_a-memmove.o)
                0x10007da4                memmove
 .text._sbrk_r  0x10007e54       0x24 /Applications/ArmGNUToolchain/13.2.Rel1/arm-none-eabi/bin/../lib/gcc/arm-none-eabi/13.2.1/../../../../arm-none-eabi/lib/thumb/v6-m/nofp/libg.a(libc_a-sbrkr.o)
                0x10007e54                _sbrk_r
 .text.__errno  0x10007e78        0xc /Applications/ArmGNUToolchain/13.2.Rel1/arm-none-eabi/bin/../lib/gcc/arm-none-eabi/13.2.1/../../../../arm-none-eabi/lib/thumb/v6-m/nofp/libg.a(libc_a-errno.o)
                0x10007e78                __errno
 .text.sysconf  0x10007e84       0x1c /Applications/ArmGNUToolchain/13.2.Rel1/arm-none-eabi/bin/../lib/gcc/arm-none-eabi/13.2.1/../../../../arm-none-eabi/lib/thumb/v6-m/nofp/libg.a(libc_a-sysconf.o)
                0x10007e84                sysconf
 .text.__retarget_lock_init_recursive
                0x10007ea0        0x4 /Applications/ArmGNUToolchain/13.2.Rel1/arm-none-eabi/bin/../lib/gcc/arm-none-eabi/13.2.1/../../../../arm-none-eabi/lib/thumb/v6-m/nofp/libg.a(libc_a-lock.o)
                0x10007ea0                __retarget_lock_init_recursive
 .text.__retarget_lock_close_recursive
                0x10007ea4        0x4 /Applications/ArmGNUToolchain/13.2.Rel1/arm-none-eabi/bin/../lib/gcc/arm-none-eabi/13.2.1/../../../../arm-none-eabi/lib/thumb/v6-m/nofp/libg.a(libc_a-lock.o)
                0x10007ea4                __retarget_lock_close_recursive
 .text.__retarget_lock_acquire_recursive
                0x10007ea8        0x4 /Applications/ArmGNUToolchain/13.2.Rel1/arm-none-eabi/bin/../lib/gcc/arm-none-eabi/13.2.1/../../../../arm-none-eabi/lib/thumb/v6-m/nofp/libg.a(libc_a-lock.o)
                0x10007ea8                __retarget_lock_acquire_recursive
 .text.__retarget_lock_release_recursive
                0x10007eac        0x4 /Applications/ArmGNUToolchain/13.2.Rel1/arm-none-eabi/bin/../lib/gcc/arm-none-eabi/13.2.1/../../../../arm-none-eabi/lib/thumb/v6-m/nofp/libg.a(libc_a-lock.o)
                0x10007eac                __retarget_lock_release_recursive
 .text.strlen   0x10007eb0       0x5c /Applications/ArmGNUToolchain/13.2.Rel1/arm-none-eabi/bin/../lib/gcc/arm-none-eabi/13.2.1/../../../../arm-none-eabi/lib/thumb/v6-m/nofp/libg.a(libc_a-strlen-stub.o)
                0x10007eb0                strlen
 .text._malloc_trim_r
                0x10007f0c       0xb4 /Applications/ArmGNUToolchain/13.2.Rel1/arm-none-eabi/bin/../lib/gcc/arm-none-eabi/13.2.1/../../../../arm-none-eabi/lib/thumb/v6-m/nofp/libg.a(libc_a-freer.o)
                0x10007f0c                _malloc_trim_r
 .text._free_r  0x10007fc0      0x1d4 /Applications/ArmGNUToolchain/13.2.Rel1/arm-none-eabi/bin/../lib/gcc/arm-none-eabi/13.2.1/../../../../arm-none-eabi/lib/thumb/v6-m/nofp/libg.a(libc_a-freer.o)
                0x10007fc0                _free_r
 .text.__svfscanf_r
                0x10008194     0x1884 /Applications/ArmGNUToolchain/13.2.Rel1/arm-none-eabi/bin/../lib/gcc/arm-none-eabi/13.2.1/../../../../arm-none-eabi/lib/thumb/v6-m/nofp/libg.a(libc_a-vfscanf.o)
                0x10008194                __svfscanf_r
 .text._vfscanf_r
                0x10009a18       0x28 /Applications/ArmGNUToolchain/13.2.Rel1/arm-none-eabi/bin/../lib/gcc/arm-none-eabi/13.2.1/../../../../arm-none-eabi/lib/thumb/v6-m/nofp/libg.a(libc_a-vfscanf.o)
                0x10009a18                _vfscanf_r
 .text.__sccl   0x10009a40       0x80 /Applications/ArmGNUToolchain/13.2.Rel1/arm-none-eabi/bin/../lib/gcc/arm-none-eabi/13.2.1/../../../../arm-none-eabi/lib/thumb/v6-m/nofp/libg.a(libc_a-sccl.o)
                0x10009a40                __sccl
 .text.sulp     0x10009ac0       0x30 /Applications/ArmGNUToolchain/13.2.Rel1/arm-none-eabi/bin/../lib/gcc/arm-none-eabi/13.2.1/../../../../arm-none-eabi/lib/thumb/v6-m/nofp/libg.a(libc_a-strtod.o)
 .text._strtod_l
                0x10009af0      0xeb8 /Applications/ArmGNUToolchain/13.2.Rel1/arm-none-eabi/bin/../lib/gcc/arm-none-eabi/13.2.1/../../../../arm-none-eabi/lib/thumb/v6-m/nofp/libg.a(libc_a-strtod.o)
                0x10009af0                _strtod_l
 .text._strtod_r
                0x1000a9a8       0x10 /Applications/ArmGNUToolchain/13.2.Rel1/arm-none-eabi/bin/../lib/gcc/arm-none-eabi/13.2.1/../../../../arm-none-eabi/lib/thumb/v6-m/nofp/libg.a(libc_a-strtod.o)
                0x1000a9a8                _strtod_r
 .text._strtol_l.isra.0
                0x1000a9b8      0x158 /Applications/ArmGNUToolchain/13.2.Rel1/arm-none-eabi/bin/../lib/gcc/arm-none-eabi/13.2.1/../../../../arm-none-eabi/lib/thumb/v6-m/nofp/libg.a(libc_a-strtol.o)
 .text._strtol_r
                0x1000ab10        0x8 /Applications/ArmGNUToolchain/13.2.Rel1/arm-none-eabi/bin/../lib/gcc/arm-none-eabi/13.2.1/../../../../arm-none-eabi/lib/thumb/v6-m/nofp/libg.a(libc_a-strtol.o)
                0x1000ab10                _strtol_r
 .text._strtoul_l.isra.0
                0x1000ab18      0x144 /Applications/ArmGNUToolchain/13.2.Rel1/arm-none-eabi/bin/../lib/gcc/arm-none-eabi/13.2.1/../../../../arm-none-eabi/lib/thumb/v6-m/nofp/libg.a(libc_a-strtoul.o)
 .text._strtoul_r
                0x1000ac5c        0x8 /Applications/ArmGNUToolchain/13.2.Rel1/arm-none-eabi/bin/../lib/gcc/arm-none-eabi/13.2.1/../../../../arm-none-eabi/lib/thumb/v6-m/nofp/libg.a(libc_a-strtoul.o)
                0x1000ac5c                _strtoul_r
 .text.stdio_exit_handler
                0x1000ac64       0x1c /Applications/ArmGNUToolchain/13.2.Rel1/arm-none-eabi/bin/../lib/gcc/arm-none-eabi/13.2.1/../../../../arm-none-eabi/lib/thumb/v6-m/nofp/libg.a(libc_a-findfp.o)
 .text.cleanup_stdio
                0x1000ac80       0x3c /Applications/ArmGNUToolchain/13.2.Rel1/arm-none-eabi/bin/../lib/gcc/arm-none-eabi/13.2.1/../../../../arm-none-eabi/lib/thumb/v6-m/nofp/libg.a(libc_a-findfp.o)
 .text.global_stdio_init.part.0
                0x1000acbc      0x118 /Applications/ArmGNUToolchain/13.2.Rel1/arm-none-eabi/bin/../lib/gcc/arm-none-eabi/13.2.1/../../../../arm-none-eabi/lib/thumb/v6-m/nofp/libg.a(libc_a-findfp.o)
 .text.__sinit  0x1000add4       0x38 /Applications/ArmGNUToolchain/13.2.Rel1/arm-none-eabi/bin/../lib/gcc/arm-none-eabi/13.2.1/../../../../arm-none-eabi/lib/thumb/v6-m/nofp/libg.a(libc_a-findfp.o)
                0x1000add4                __sinit
 .text.__sfp_lock_acquire
                0x1000ae0c       0x10 /Applications/ArmGNUToolchain/13.2.Rel1/arm-none-eabi/bin/../lib/gcc/arm-none-eabi/13.2.1/../../../../arm-none-eabi/lib/thumb/v6-m/nofp/libg.a(libc_a-findfp.o)
                0x1000ae0c                __sfp_lock_acquire
 .text.__sfp_lock_release
                0x1000ae1c       0x10 /Applications/ArmGNUToolchain/13.2.Rel1/arm-none-eabi/bin/../lib/gcc/arm-none-eabi/13.2.1/../../../../arm-none-eabi/lib/thumb/v6-m/nofp/libg.a(libc_a-findfp.o)
                0x1000ae1c                __sfp_lock_release
 .text.__submore
                0x1000ae2c       0x84 /Applications/ArmGNUToolchain/13.2.Rel1/arm-none-eabi/bin/../lib/gcc/arm-none-eabi/13.2.1/../../../../arm-none-eabi/lib/thumb/v6-m/nofp/libg.a(libc_a-ungetc.o)
                0x1000ae2c                __submore
 .text._ungetc_r
                0x1000aeb0      0x144 /Applications/ArmGNUToolchain/13.2.Rel1/arm-none-eabi/bin/../lib/gcc/arm-none-eabi/13.2.1/../../../../arm-none-eabi/lib/thumb/v6-m/nofp/libg.a(libc_a-ungetc.o)
                0x1000aeb0                _ungetc_r
 .text._fread_r
                0x1000aff4      0x1e8 /Applications/ArmGNUToolchain/13.2.Rel1/arm-none-eabi/bin/../lib/gcc/arm-none-eabi/13.2.1/../../../../arm-none-eabi/lib/thumb/v6-m/nofp/libg.a(libc_a-fread.o)
                0x1000aff4                _fread_r
 .text._fwalk_sglue
                0x1000b1dc       0x44 /Applications/ArmGNUToolchain/13.2.Rel1/arm-none-eabi/bin/../lib/gcc/arm-none-eabi/13.2.1/../../../../arm-none-eabi/lib/thumb/v6-m/nofp/libg.a(libc_a-fwalk.o)
                0x1000b1dc                _fwalk_sglue
 .text.strncmp  0x1000b220       0x74 /Applications/ArmGNUToolchain/13.2.Rel1/arm-none-eabi/bin/../lib/gcc/arm-none-eabi/13.2.1/../../../../arm-none-eabi/lib/thumb/v6-m/nofp/libg.a(libc_a-strncmp.o)
                0x1000b220                strncmp
 .text.stpncpy  0x1000b294       0x78 /Applications/ArmGNUToolchain/13.2.Rel1/arm-none-eabi/bin/../lib/gcc/arm-none-eabi/13.2.1/../../../../arm-none-eabi/lib/thumb/v6-m/nofp/libg.a(libc_a-stpncpy.o)
                0x1000b294                stpncpy
 .text.__locale_mb_cur_max
                0x1000b30c       0x10 /Applications/ArmGNUToolchain/13.2.Rel1/arm-none-eabi/bin/../lib/gcc/arm-none-eabi/13.2.1/../../../../arm-none-eabi/lib/thumb/v6-m/nofp/libg.a(libc_a-locale.o)
                0x1000b30c                __locale_mb_cur_max
 .text._localeconv_r
                0x1000b31c        0x8 /Applications/ArmGNUToolchain/13.2.Rel1/arm-none-eabi/bin/../lib/gcc/arm-none-eabi/13.2.1/../../../../arm-none-eabi/lib/thumb/v6-m/nofp/libg.a(libc_a-localeconv.o)
                0x1000b31c                _localeconv_r
 .text          0x1000b324       0x88 /Applications/ArmGNUToolchain/13.2.Rel1/arm-none-eabi/bin/../lib/gcc/arm-none-eabi/13.2.1/../../../../arm-none-eabi/lib/thumb/v6-m/nofp/libg.a(libc_a-strcmp.o)
                0x1000b324                strcmp
 .text._strtoll_l.isra.0
                0x1000b3ac      0x1a0 /Applications/ArmGNUToolchain/13.2.Rel1/arm-none-eabi/bin/../lib/gcc/arm-none-eabi/13.2.1/../../../../arm-none-eabi/lib/thumb/v6-m/nofp/libg.a(libc_a-strtoll.o)
 .text._strtoll_r
                0x1000b54c        0x8 /Applications/ArmGNUToolchain/13.2.Rel1/arm-none-eabi/bin/../lib/gcc/arm-none-eabi/13.2.1/../../../../arm-none-eabi/lib/thumb/v6-m/nofp/libg.a(libc_a-strtoll.o)
                0x1000b54c                _strtoll_r
 .text._strtoull_l.isra.0
                0x1000b554      0x1c4 /Applications/ArmGNUToolchain/13.2.Rel1/arm-none-eabi/bin/../lib/gcc/arm-none-eabi/13.2.1/../../../../arm-none-eabi/lib/thumb/v6-m/nofp/libg.a(libc_a-strtoull.o)
 .text._strtoull_r
                0x1000b718        0x8 /Applications/ArmGNUToolchain/13.2.Rel1/arm-none-eabi/bin/../lib/gcc/arm-none-eabi/13.2.1/../../../../arm-none-eabi/lib/thumb/v6-m/nofp/libg.a(libc_a-strtoull.o)
                0x1000b718                _strtoull_r
 .text._mbrtowc_r
                0x1000b720       0x54 /Applications/ArmGNUToolchain/13.2.Rel1/arm-none-eabi/bin/../lib/gcc/arm-none-eabi/13.2.1/../../../../arm-none-eabi/lib/thumb/v6-m/nofp/libg.a(libc_a-mbrtowc.o)
                0x1000b720                _mbrtowc_r
 .text.iswspace
                0x1000b774        0xc /Applications/ArmGNUToolchain/13.2.Rel1/arm-none-eabi/bin/../lib/gcc/arm-none-eabi/13.2.1/../../../../arm-none-eabi/lib/thumb/v6-m/nofp/libg.a(libc_a-iswspace.o)
                0x1000b774                iswspace
 .text.iswspace_l
                0x1000b780       0x24 /Applications/ArmGNUToolchain/13.2.Rel1/arm-none-eabi/bin/../lib/gcc/arm-none-eabi/13.2.1/../../../../arm-none-eabi/lib/thumb/v6-m/nofp/libg.a(libc_a-iswspace_l.o)
                0x1000b780                iswspace_l
 .text.nan      0x1000b7a4        0xc /Applications/ArmGNUToolchain/13.2.Rel1/arm-none-eabi/bin/../lib/gcc/arm-none-eabi/13.2.1/../../../../arm-none-eabi/lib/thumb/v6-m/nofp/libg.a(libm_a-s_nan.o)
                0x1000b7a4                nan
 .text.nanf     0x1000b7b0        0x8 /Applications/ArmGNUToolchain/13.2.Rel1/arm-none-eabi/bin/../lib/gcc/arm-none-eabi/13.2.1/../../../../arm-none-eabi/lib/thumb/v6-m/nofp/libg.a(libm_a-sf_nan.o)
                0x1000b7b0                nanf
 .text.__jp2uc  0x1000b7b8      0x154 /Applications/ArmGNUToolchain/13.2.Rel1/arm-none-eabi/bin/../lib/gcc/arm-none-eabi/13.2.1/../../../../arm-none-eabi/lib/thumb/v6-m/nofp/libg.a(libc_a-jp2uc.o)
 .text._jp2uc_l
                0x1000b90c       0x68 /Applications/ArmGNUToolchain/13.2.Rel1/arm-none-eabi/bin/../lib/gcc/arm-none-eabi/13.2.1/../../../../arm-none-eabi/lib/thumb/v6-m/nofp/libg.a(libc_a-jp2uc.o)
                0x1000b90c                _jp2uc_l
 .text.category
                0x1000b974       0x54 /Applications/ArmGNUToolchain/13.2.Rel1/arm-none-eabi/bin/../lib/gcc/arm-none-eabi/13.2.1/../../../../arm-none-eabi/lib/thumb/v6-m/nofp/libg.a(libc_a-categories.o)
                0x1000b974                category
 .text.rshift   0x1000b9c8       0xb0 /Applications/ArmGNUToolchain/13.2.Rel1/arm-none-eabi/bin/../lib/gcc/arm-none-eabi/13.2.1/../../../../arm-none-eabi/lib/thumb/v6-m/nofp/libg.a(libc_a-gdtoa-gethex.o)
 .text.__gethex
                0x1000ba78      0x5a8 /Applications/ArmGNUToolchain/13.2.Rel1/arm-none-eabi/bin/../lib/gcc/arm-none-eabi/13.2.1/../../../../arm-none-eabi/lib/thumb/v6-m/nofp/libg.a(libc_a-gdtoa-gethex.o)
                0x1000ba78                __gethex
 .text.__match  0x1000c020       0x2c /Applications/ArmGNUToolchain/13.2.Rel1/arm-none-eabi/bin/../lib/gcc/arm-none-eabi/13.2.1/../../../../arm-none-eabi/lib/thumb/v6-m/nofp/libg.a(libc_a-gdtoa-hexnan.o)
                0x1000c020                __match
 .text.__hexnan
                0x1000c04c      0x204 /Applications/ArmGNUToolchain/13.2.Rel1/arm-none-eabi/bin/../lib/gcc/arm-none-eabi/13.2.1/../../../../arm-none-eabi/lib/thumb/v6-m/nofp/libg.a(libc_a-gdtoa-hexnan.o)
                0x1000c04c                __hexnan
 .text.__ascii_mbtowc
                0x1000c250       0x2c /Applications/ArmGNUToolchain/13.2.Rel1/arm-none-eabi/bin/../lib/gcc/arm-none-eabi/13.2.1/../../../../arm-none-eabi/lib/thumb/v6-m/nofp/libg.a(libc_a-mbtowc_r.o)
                0x1000c250                __ascii_mbtowc
 .text._Balloc  0x1000c27c       0x50 /Applications/ArmGNUToolchain/13.2.Rel1/arm-none-eabi/bin/../lib/gcc/arm-none-eabi/13.2.1/../../../../arm-none-eabi/lib/thumb/v6-m/nofp/libg.a(libc_a-mprec.o)
                0x1000c27c                _Balloc
 .text._Bfree   0x1000c2cc       0x14 /Applications/ArmGNUToolchain/13.2.Rel1/arm-none-eabi/bin/../lib/gcc/arm-none-eabi/13.2.1/../../../../arm-none-eabi/lib/thumb/v6-m/nofp/libg.a(libc_a-mprec.o)
                0x1000c2cc                _Bfree
 .text.__multadd
                0x1000c2e0       0xa8 /Applications/ArmGNUToolchain/13.2.Rel1/arm-none-eabi/bin/../lib/gcc/arm-none-eabi/13.2.1/../../../../arm-none-eabi/lib/thumb/v6-m/nofp/libg.a(libc_a-mprec.o)
                0x1000c2e0                __multadd
 .text.__s2b    0x1000c388       0xb0 /Applications/ArmGNUToolchain/13.2.Rel1/arm-none-eabi/bin/../lib/gcc/arm-none-eabi/13.2.1/../../../../arm-none-eabi/lib/thumb/v6-m/nofp/libg.a(libc_a-mprec.o)
                0x1000c388                __s2b
 .text.__hi0bits
                0x1000c438       0x4c /Applications/ArmGNUToolchain/13.2.Rel1/arm-none-eabi/bin/../lib/gcc/arm-none-eabi/13.2.1/../../../../arm-none-eabi/lib/thumb/v6-m/nofp/libg.a(libc_a-mprec.o)
                0x1000c438                __hi0bits
 .text.__lo0bits
                0x1000c484       0x5c /Applications/ArmGNUToolchain/13.2.Rel1/arm-none-eabi/bin/../lib/gcc/arm-none-eabi/13.2.1/../../../../arm-none-eabi/lib/thumb/v6-m/nofp/libg.a(libc_a-mprec.o)
                0x1000c484                __lo0bits
 .text.__i2b    0x1000c4e0       0x60 /Applications/ArmGNUToolchain/13.2.Rel1/arm-none-eabi/bin/../lib/gcc/arm-none-eabi/13.2.1/../../../../arm-none-eabi/lib/thumb/v6-m/nofp/libg.a(libc_a-mprec.o)
                0x1000c4e0                __i2b
 .text.__multiply
                0x1000c540      0x1ac /Applications/ArmGNUToolchain/13.2.Rel1/arm-none-eabi/bin/../lib/gcc/arm-none-eabi/13.2.1/../../../../arm-none-eabi/lib/thumb/v6-m/nofp/libg.a(libc_a-mprec.o)
                0x1000c540                __multiply
 .text.__pow5mult
                0x1000c6ec       0xd0 /Applications/ArmGNUToolchain/13.2.Rel1/arm-none-eabi/bin/../lib/gcc/arm-none-eabi/13.2.1/../../../../arm-none-eabi/lib/thumb/v6-m/nofp/libg.a(libc_a-mprec.o)
                0x1000c6ec                __pow5mult
 .text.__lshift
                0x1000c7bc       0xfc /Applications/ArmGNUToolchain/13.2.Rel1/arm-none-eabi/bin/../lib/gcc/arm-none-eabi/13.2.1/../../../../arm-none-eabi/lib/thumb/v6-m/nofp/libg.a(libc_a-mprec.o)
                0x1000c7bc                __lshift
 .text.__mcmp   0x1000c8b8       0x3c /Applications/ArmGNUToolchain/13.2.Rel1/arm-none-eabi/bin/../lib/gcc/arm-none-eabi/13.2.1/../../../../arm-none-eabi/lib/thumb/v6-m/nofp/libg.a(libc_a-mprec.o)
                0x1000c8b8                __mcmp
 .text.__mdiff  0x1000c8f4      0x1b4 /Applications/ArmGNUToolchain/13.2.Rel1/arm-none-eabi/bin/../lib/gcc/arm-none-eabi/13.2.1/../../../../arm-none-eabi/lib/thumb/v6-m/nofp/libg.a(libc_a-mprec.o)
                0x1000c8f4                __mdiff
 .text.__ulp    0x1000caa8       0x40 /Applications/ArmGNUToolchain/13.2.Rel1/arm-none-eabi/bin/../lib/gcc/arm-none-eabi/13.2.1/../../../../arm-none-eabi/lib/thumb/v6-m/nofp/libg.a(libc_a-mprec.o)
                0x1000caa8                __ulp
 .text.__b2d    0x1000cae8       0xb8 /Applications/ArmGNUToolchain/13.2.Rel1/arm-none-eabi/bin/../lib/gcc/arm-none-eabi/13.2.1/../../../../arm-none-eabi/lib/thumb/v6-m/nofp/libg.a(libc_a-mprec.o)
                0x1000cae8                __b2d
 .text.__d2b    0x1000cba0       0xcc /Applications/ArmGNUToolchain/13.2.Rel1/arm-none-eabi/bin/../lib/gcc/arm-none-eabi/13.2.1/../../../../arm-none-eabi/lib/thumb/v6-m/nofp/libg.a(libc_a-mprec.o)
                0x1000cba0                __d2b
 .text.__ratio  0x1000cc6c       0x68 /Applications/ArmGNUToolchain/13.2.Rel1/arm-none-eabi/bin/../lib/gcc/arm-none-eabi/13.2.1/../../../../arm-none-eabi/lib/thumb/v6-m/nofp/libg.a(libc_a-mprec.o)
                0x1000cc6c                __ratio
 .text.__copybits
                0x1000ccd4       0x40 /Applications/ArmGNUToolchain/13.2.Rel1/arm-none-eabi/bin/../lib/gcc/arm-none-eabi/13.2.1/../../../../arm-none-eabi/lib/thumb/v6-m/nofp/libg.a(libc_a-mprec.o)
                0x1000ccd4                __copybits
 .text.__any_on
                0x1000cd14       0x4c /Applications/ArmGNUToolchain/13.2.Rel1/arm-none-eabi/bin/../lib/gcc/arm-none-eabi/13.2.1/../../../../arm-none-eabi/lib/thumb/v6-m/nofp/libg.a(libc_a-mprec.o)
                0x1000cd14                __any_on
 .text.lflush   0x1000cd60       0x20 /Applications/ArmGNUToolchain/13.2.Rel1/arm-none-eabi/bin/../lib/gcc/arm-none-eabi/13.2.1/../../../../arm-none-eabi/lib/thumb/v6-m/nofp/libg.a(libc_a-refill.o)
 .text.__srefill_r
                0x1000cd80      0x118 /Applications/ArmGNUToolchain/13.2.Rel1/arm-none-eabi/bin/../lib/gcc/arm-none-eabi/13.2.1/../../../../arm-none-eabi/lib/thumb/v6-m/nofp/libg.a(libc_a-refill.o)
                0x1000cd80                __srefill_r
 .text._fclose_r
                0x1000ce98       0xd0 /Applications/ArmGNUToolchain/13.2.Rel1/arm-none-eabi/bin/../lib/gcc/arm-none-eabi/13.2.1/../../../../arm-none-eabi/lib/thumb/v6-m/nofp/libg.a(libc_a-fclose.o)
                0x1000ce98                _fclose_r
 .text.__sflush_r
                0x1000cf68      0x148 /Applications/ArmGNUToolchain/13.2.Rel1/arm-none-eabi/bin/../lib/gcc/arm-none-eabi/13.2.1/../../../../arm-none-eabi/lib/thumb/v6-m/nofp/libg.a(libc_a-fflush.o)
                0x1000cf68                __sflush_r
 .text._fflush_r
                0x1000d0b0       0x68 /Applications/ArmGNUToolchain/13.2.Rel1/arm-none-eabi/bin/../lib/gcc/arm-none-eabi/13.2.1/../../../../arm-none-eabi/lib/thumb/v6-m/nofp/libg.a(libc_a-fflush.o)
                0x1000d0b0                _fflush_r
 .text.__sread  0x1000d118       0x28 /Applications/ArmGNUToolchain/13.2.Rel1/arm-none-eabi/bin/../lib/gcc/arm-none-eabi/13.2.1/../../../../arm-none-eabi/lib/thumb/v6-m/nofp/libg.a(libc_a-stdio.o)
                0x1000d118                __sread
 .text.__swrite
                0x1000d140       0x40 /Applications/ArmGNUToolchain/13.2.Rel1/arm-none-eabi/bin/../lib/gcc/arm-none-eabi/13.2.1/../../../../arm-none-eabi/lib/thumb/v6-m/nofp/libg.a(libc_a-stdio.o)
                0x1000d140                __swrite
 .text.__sseek  0x1000d180       0x30 /Applications/ArmGNUToolchain/13.2.Rel1/arm-none-eabi/bin/../lib/gcc/arm-none-eabi/13.2.1/../../../../arm-none-eabi/lib/thumb/v6-m/nofp/libg.a(libc_a-stdio.o)
                0x1000d180                __sseek
 .text.__sclose
                0x1000d1b0        0xc /Applications/ArmGNUToolchain/13.2.Rel1/arm-none-eabi/bin/../lib/gcc/arm-none-eabi/13.2.1/../../../../arm-none-eabi/lib/thumb/v6-m/nofp/libg.a(libc_a-stdio.o)
                0x1000d1b0                __sclose
 .text.__ascii_wctomb
                0x1000d1bc       0x1c /Applications/ArmGNUToolchain/13.2.Rel1/arm-none-eabi/bin/../lib/gcc/arm-none-eabi/13.2.1/../../../../arm-none-eabi/lib/thumb/v6-m/nofp/libg.a(libc_a-wctomb_r.o)
                0x1000d1bc                __ascii_wctomb
 .text._close_r
                0x1000d1d8       0x24 /Applications/ArmGNUToolchain/13.2.Rel1/arm-none-eabi/bin/../lib/gcc/arm-none-eabi/13.2.1/../../../../arm-none-eabi/lib/thumb/v6-m/nofp/libg.a(libc_a-closer.o)
                0x1000d1d8                _close_r
 .text._lseek_r
                0x1000d1fc       0x28 /Applications/ArmGNUToolchain/13.2.Rel1/arm-none-eabi/bin/../lib/gcc/arm-none-eabi/13.2.1/../../../../arm-none-eabi/lib/thumb/v6-m/nofp/libg.a(libc_a-lseekr.o)
                0x1000d1fc                _lseek_r
 .text._read_r  0x1000d224       0x28 /Applications/ArmGNUToolchain/13.2.Rel1/arm-none-eabi/bin/../lib/gcc/arm-none-eabi/13.2.1/../../../../arm-none-eabi/lib/thumb/v6-m/nofp/libg.a(libc_a-readr.o)
                0x1000d224                _read_r
 .text._write_r
                0x1000d24c       0x28 /Applications/ArmGNUToolchain/13.2.Rel1/arm-none-eabi/bin/../lib/gcc/arm-none-eabi/13.2.1/../../../../arm-none-eabi/lib/thumb/v6-m/nofp/libg.a(libc_a-writer.o)
                0x1000d24c                _write_r
 .text.__smakebuf_r
                0x1000d274       0xe0 /Applications/ArmGNUToolchain/13.2.Rel1/arm-none-eabi/bin/../lib/gcc/arm-none-eabi/13.2.1/../../../../arm-none-eabi/lib/thumb/v6-m/nofp/libg.a(libc_a-makebuf.o)
                0x1000d274                __smakebuf_r
 .text._fstat_r
                0x1000d354       0x28 /Applications/ArmGNUToolchain/13.2.Rel1/arm-none-eabi/bin/../lib/gcc/arm-none-eabi/13.2.1/../../../../arm-none-eabi/lib/thumb/v6-m/nofp/libg.a(libc_a-fstatr.o)
                0x1000d354                _fstat_r
 .text._isatty_r
                0x1000d37c       0x24 /Applications/ArmGNUToolchain/13.2.Rel1/arm-none-eabi/bin/../lib/gcc/arm-none-eabi/13.2.1/../../../../arm-none-eabi/lib/thumb/v6-m/nofp/libg.a(libc_a-isattyr.o)
                0x1000d37c                _isatty_r
 *(.fini)
 .fini          0x1000d3a0        0x4 /Applications/ArmGNUToolchain/13.2.Rel1/arm-none-eabi/bin/../lib/gcc/arm-none-eabi/13.2.1/thumb/v6-m/nofp/crti.o
                0x1000d3a0                _fini
 *fill*         0x1000d3a4        0x4 
 .fini.__stub   0x1000d3a8       0xe0 linker stubs
 *crtbegin.o(.ctors)
 *crtbegin?.o(.ctors)
 *(EXCLUDE_FILE(*crtend.o *crtend?.o) .ctors)
 *(SORT_BY_NAME(.ctors.*))
 *(.ctors)
 *crtbegin.o(.dtors)
 *crtbegin?.o(.dtors)
 *(EXCLUDE_FILE(*crtend.o *crtend?.o) .dtors)
 *(SORT_BY_NAME(.dtors.*))
 *(.dtors)
 *(.eh_frame*)
 .eh_frame      0x1000d488        0x0 /Applications/ArmGNUToolchain/13.2.Rel1/arm-none-eabi/bin/../lib/gcc/arm-none-eabi/13.2.1/thumb/v6-m/nofp/crtbegin.o
                0x1000d488                        . = ALIGN (0x4)

.glue_7         0x1000d488        0x0
 .glue_7        0x1000d488        0x0 linker stubs

.glue_7t        0x1000d488        0x0
 .glue_7t       0x1000d488        0x0 linker stubs

.vfp11_veneer   0x1000d488        0x0
 .vfp11_veneer  0x1000d488        0x0 linker stubs

.v4_bx          0x1000d488        0x0
 .v4_bx         0x1000d488        0x0 linker stubs

.iplt           0x1000d488        0x0
 .iplt          0x1000d488        0x0 /Applications/ArmGNUToolchain/13.2.Rel1/arm-none-eabi/bin/../lib/gcc/arm-none-eabi/13.2.1/thumb/v6-m/nofp/crtbegin.o
