Archive member included to satisfy reference by file (symbol)

/Applications/ArmGNUToolchain/13.2.Rel1/arm-none-eabi/bin/../lib/gcc/arm-none-eabi/13.2.1/thumb/v6-m/nofp/libgcc.a(_dvmd_tls.o)
                              CMakeFiles/HW3.dir/Users/grace/Desktop/Pico/pico-sdk/src/rp2_common/pico_divider/divider.S.obj (__aeabi_idiv0)
/Applications/ArmGNUToolchain/13.2.Rel1/arm-none-eabi/bin/../lib/gcc/arm-none-eabi/13.2.1/../../../../arm-none-eabi/lib/thumb/v6-m/nofp/libg.a(libc_a-atoi.o)
                              CMakeFiles/HW3.dir/combined.c.obj (atoi)
/Applications/ArmGNUToolchain/13.2.Rel1/arm-none-eabi/bin/../lib/gcc/arm-none-eabi/13.2.1/../../../../arm-none-eabi/lib/thumb/v6-m/nofp/libg.a(libc_a-calloc.o)
                              CMakeFiles/HW3.dir/Users/grace/Desktop/Pico/pico-sdk/src/rp2_common/pico_malloc/pico_malloc.c.obj (calloc)
/Applications/ArmGNUToolchain/13.2.Rel1/arm-none-eabi/bin/../lib/gcc/arm-none-eabi/13.2.1/../../../../arm-none-eabi/lib/thumb/v6-m/nofp/libg.a(libc_a-callocr.o)
                              /Applications/ArmGNUToolchain/13.2.Rel1/arm-none-eabi/bin/../lib/gcc/arm-none-eabi/13.2.1/../../../../arm-none-eabi/lib/thumb/v6-m/nofp/libg.a(libc_a-calloc.o) (_calloc_r)
/Applications/ArmGNUToolchain/13.2.Rel1/arm-none-eabi/bin/../lib/gcc/arm-none-eabi/13.2.1/../../../../arm-none-eabi/lib/thumb/v6-m/nofp/libg.a(libc_a-malloc.o)
                              CMakeFiles/HW3.dir/Users/grace/Desktop/Pico/pico-sdk/src/rp2_common/pico_malloc/pico_malloc.c.obj (malloc)
/Applications/ArmGNUToolchain/13.2.Rel1/arm-none-eabi/bin/../lib/gcc/arm-none-eabi/13.2.1/../../../../arm-none-eabi/lib/thumb/v6-m/nofp/libg.a(libc_a-mallocr.o)
                              /Applications/ArmGNUToolchain/13.2.Rel1/arm-none-eabi/bin/../lib/gcc/arm-none-eabi/13.2.1/../../../../arm-none-eabi/lib/thumb/v6-m/nofp/libg.a(libc_a-callocr.o) (_malloc_r)
/Applications/ArmGNUToolchain/13.2.Rel1/arm-none-eabi/bin/../lib/gcc/arm-none-eabi/13.2.1/../../../../arm-none-eabi/lib/thumb/v6-m/nofp/libg.a(libc_a-mlock.o)
                              /Applications/ArmGNUToolchain/13.2.Rel1/arm-none-eabi/bin/../lib/gcc/arm-none-eabi/13.2.1/../../../../arm-none-eabi/lib/thumb/v6-m/nofp/libg.a(libc_a-mallocr.o) (__malloc_lock)
/Applications/ArmGNUToolchain/13.2.Rel1/arm-none-eabi/bin/../lib/gcc/arm-none-eabi/13.2.1/../../../../arm-none-eabi/lib/thumb/v6-m/nofp/libg.a(libc_a-realloc.o)
                              CMakeFiles/HW3.dir/Users/grace/Desktop/Pico/pico-sdk/src/rp2_common/pico_malloc/pico_malloc.c.obj (realloc)
/Applications/ArmGNUToolchain/13.2.Rel1/arm-none-eabi/bin/../lib/gcc/arm-none-eabi/13.2.1/../../../../arm-none-eabi/lib/thumb/v6-m/nofp/libg.a(libc_a-scanf.o)
                              CMakeFiles/HW3.dir/combined.c.obj (scanf)
/Applications/ArmGNUToolchain/13.2.Rel1/arm-none-eabi/bin/../lib/gcc/arm-none-eabi/13.2.1/../../../../arm-none-eabi/lib/thumb/v6-m/nofp/libg.a(libc_a-reallocr.o)
                              /Applications/ArmGNUToolchain/13.2.Rel1/arm-none-eabi/bin/../lib/gcc/arm-none-eabi/13.2.1/../../../../arm-none-eabi/lib/thumb/v6-m/nofp/libg.a(libc_a-realloc.o) (_realloc_r)
/Applications/ArmGNUToolchain/13.2.Rel1/arm-none-eabi/bin/../lib/gcc/arm-none-eabi/13.2.1/../../../../arm-none-eabi/lib/thumb/v6-m/nofp/libg.a(libc_a-strtol.o)
                              /Applications/ArmGNUToolchain/13.2.Rel1/arm-none-eabi/bin/../lib/gcc/arm-none-eabi/13.2.1/../../../../arm-none-eabi/lib/thumb/v6-m/nofp/libg.a(libc_a-atoi.o) (_strtol_r)
/Applications/ArmGNUToolchain/13.2.Rel1/arm-none-eabi/bin/../lib/gcc/arm-none-eabi/13.2.1/../../../../arm-none-eabi/lib/thumb/v6-m/nofp/libg.a(libc_a-memmove.o)
                              /Applications/ArmGNUToolchain/13.2.Rel1/arm-none-eabi/bin/../lib/gcc/arm-none-eabi/13.2.1/../../../../arm-none-eabi/lib/thumb/v6-m/nofp/libg.a(libc_a-reallocr.o) (memmove)
/Applications/ArmGNUToolchain/13.2.Rel1/arm-none-eabi/bin/../lib/gcc/arm-none-eabi/13.2.1/../../../../arm-none-eabi/lib/thumb/v6-m/nofp/libg.a(libc_a-impure.o)
                              /Applications/ArmGNUToolchain/13.2.Rel1/arm-none-eabi/bin/../lib/gcc/arm-none-eabi/13.2.1/../../../../arm-none-eabi/lib/thumb/v6-m/nofp/libg.a(libc_a-calloc.o) (_impure_ptr)
/Applications/ArmGNUToolchain/13.2.Rel1/arm-none-eabi/bin/../lib/gcc/arm-none-eabi/13.2.1/../../../../arm-none-eabi/lib/thumb/v6-m/nofp/libg.a(libc_a-sbrkr.o)
                              /Applications/ArmGNUToolchain/13.2.Rel1/arm-none-eabi/bin/../lib/gcc/arm-none-eabi/13.2.1/../../../../arm-none-eabi/lib/thumb/v6-m/nofp/libg.a(libc_a-mallocr.o) (_sbrk_r)
/Applications/ArmGNUToolchain/13.2.Rel1/arm-none-eabi/bin/../lib/gcc/arm-none-eabi/13.2.1/../../../../arm-none-eabi/lib/thumb/v6-m/nofp/libg.a(libc_a-errno.o)
                              /Applications/ArmGNUToolchain/13.2.Rel1/arm-none-eabi/bin/../lib/gcc/arm-none-eabi/13.2.1/../../../../arm-none-eabi/lib/thumb/v6-m/nofp/libg.a(libc_a-callocr.o) (__errno)
[...]
Memory Configuration

Name             Origin             Length             Attributes
FLASH            0x10000000         0x00200000         xr
RAM              0x20000000         0x00040000         xrw
SCRATCH_X        0x20040000         0x00001000         xrw
SCRATCH_Y        0x20041000         0x00001000         xrw
*default*        0x00000000         0xffffffff

Linker script and memory map

LOAD /Applications/ArmGNUToolchain/13.2.Rel1/arm-none-eabi/bin/../lib/gcc/arm-none-eabi/13.2.1/thumb/v6-m/nofp/crti.o
LOAD /Applications/ArmGNUToolchain/13.2.Rel1/arm-none-eabi/bin/../lib/gcc/arm-none-eabi/13.2.1/thumb/v6-m/nofp/crtbegin.o
LOAD /Applications/ArmGNUToolchain/13.2.Rel1/arm-none-eabi/bin/../lib/gcc/arm-none-eabi/13.2.1/../../../../arm-none-eabi/lib/thumb/v6-m/nofp/crt0.o

.flash_begin    0x10000000        0x0
                0x10000000                        __flash_binary_start = .

.boot2          0x10000000      0x100
                0x10000000                        __boot2_start__ = .
 *(.boot2)
 .boot2         0x10000000      0x100 /var/folders/5s/lc8x57150kg5rb79bhp9_fd00000gn/T//ccp34Zkf.o
                0x10000100                        __boot2_end__ = .
                0x00000001                        ASSERT (((__boot2_end__ - __boot2_start__) == 0x100), ERROR: Pico second stage bootloader must be 256 bytes in size)

.text           0x10000100     0xd080
                0x10000100                        __logical_binary_start = .
 *(.vectors)
 .vectors       0x10000100       0xd4 CMakeFiles/HW3.dir/Users/grace/Desktop/Pico/pico-sdk/src/rp2_common/pico_standard_link/crt0.S.obj
                0x10000100                __VECTOR_TABLE
                0x10000100                __vectors
                0x100001c0                __default_isrs_start
                0x100001c0                isr_invalid
                0x100001c2                isr_nmi
                0x100001c4                isr_hardfault
                0x100001c6                isr_svcall
                0x100001c8                isr_pendsv
                0x100001ca                isr_systick
                0x100001cc                isr_irq28
                0x100001cc                isr_irq19
                0x100001cc                isr_irq0
                0x100001cc                isr_irq6
                0x100001cc                isr_irq22
                0x100001cc                isr_irq17
                0x100001cc                isr_irq14
                0x100001cc                isr_irq2
                0x100001cc                isr_irq10
                0x100001cc                isr_irq8
                0x100001cc                isr_irq24
                0x100001cc                isr_irq1
                0x100001cc                isr_irq7
                0x100001cc                isr_irq21
                0x100001cc                isr_irq20
                0x100001cc                isr_irq15
                0x100001cc                isr_irq25
                0x100001cc                isr_irq4
                0x100001cc                isr_irq16
                0x100001cc                isr_irq29
                0x100001cc                isr_irq26
                0x100001cc                __default_isrs_end
                0x100001cc                isr_irq3
                0x100001cc                isr_irq9
                0x100001cc                __unhandled_user_irq
                0x100001cc                isr_irq13
                0x100001cc                isr_irq27
                0x100001cc                isr_irq31
                0x100001cc                isr_irq5
                0x100001cc                isr_irq11
                0x100001cc                isr_irq23
                0x100001cc                isr_irq18
                0x100001cc                isr_irq30
                0x100001cc                isr_irq12
                0x100001d2                unhandled_user_irq_num_in_r0
 *(.binary_info_header)
 .binary_info_header
                0x100001d4       0x14 CMakeFiles/HW3.dir/Users/grace/Desktop/Pico/pico-sdk/src/rp2_common/pico_standard_link/crt0.S.obj
                0x100001e8                        __binary_info_header_end = .
 *(.reset)
 .reset         0x100001e8       0xa0 CMakeFiles/HW3.dir/Users/grace/Desktop/Pico/pico-sdk/src/rp2_common/pico_standard_link/crt0.S.obj
                0x100001e8                _entry_point
 .reset         0x10000288       0x30 CMakeFiles/HW3.dir/Users/grace/Desktop/Pico/pico-sdk/src/rp2_common/pico_standard_link/binary_info.c.obj
 *(.init)
 .init          0x100002b8        0x4 /Applications/ArmGNUToolchain/13.2.Rel1/arm-none-eabi/bin/../lib/gcc/arm-none-eabi/13.2.1/thumb/v6-m/nofp/crti.o
                0x100002b8                _init
 *(EXCLUDE_FILE(*libm.a: *libc.a:*lib_a-mem*.o *libgcc.a:) .text*)
 .text.register_tm_clones
                0x100002bc       0x28 /Applications/ArmGNUToolchain/13.2.Rel1/arm-none-eabi/bin/../lib/gcc/arm-none-eabi/13.2.1/thumb/v6-m/nofp/crtbegin.o
 .text.frame_dummy
                0x100002e4       0x24 /Applications/ArmGNUToolchain/13.2.Rel1/arm-none-eabi/bin/../lib/gcc/arm-none-eabi/13.2.1/thumb/v6-m/nofp/crtbegin.o
 .text.adc_gpio_init
                0x10000308       0x1e CMakeFiles/HW3.dir/combined.c.obj
 *fill*         0x10000326        0x2 
 .text.main     0x10000328      0x118 CMakeFiles/HW3.dir/combined.c.obj
                0x10000328                main
 .text.gpio_set_function
                0x10000440       0x30 CMakeFiles/HW3.dir/Users/grace/Desktop/Pico/pico-sdk/src/rp2_common/hardware_gpio/gpio.c.obj
                0x10000440                gpio_set_function
 .text.gpio_set_pulls
                0x10000470       0x34 CMakeFiles/HW3.dir/Users/grace/Desktop/Pico/pico-sdk/src/rp2_common/hardware_gpio/gpio.c.obj
                0x10000470                gpio_set_pulls
 .text.gpio_set_input_enabled
                0x100004a4       0x30 CMakeFiles/HW3.dir/Users/grace/Desktop/Pico/pico-sdk/src/rp2_common/hardware_gpio/gpio.c.obj
                0x100004a4                gpio_set_input_enabled
 .text.gpio_init
                0x100004d4       0x16 CMakeFiles/HW3.dir/Users/grace/Desktop/Pico/pico-sdk/src/rp2_common/hardware_gpio/gpio.c.obj
                0x100004d4                gpio_init
 *fill*         0x100004ea        0x2 
 .text.running_on_fpga
                0x100004ec       0x14 CMakeFiles/HW3.dir/Users/grace/Desktop/Pico/pico-sdk/src/rp2_common/pico_platform/platform.c.obj
                0x100004ec                running_on_fpga
 .text.hw_claim_lock
                0x10000500       0x18 CMakeFiles/HW3.dir/Users/grace/Desktop/Pico/pico-sdk/src/rp2_common/hardware_claim/claim.c.obj
                0x10000500                hw_claim_lock
 .text.hw_claim_unlock
                0x10000518       0x14 CMakeFiles/HW3.dir/Users/grace/Desktop/Pico/pico-sdk/src/rp2_common/hardware_claim/claim.c.obj
                0x10000518                hw_claim_unlock
 .text.hw_claim_or_assert
                0x1000052c       0x32 CMakeFiles/HW3.dir/Users/grace/Desktop/Pico/pico-sdk/src/rp2_common/hardware_claim/claim.c.obj
                0x1000052c                hw_claim_or_assert
 .text.hw_claim_unused_from_range
                0x1000055e       0x50 CMakeFiles/HW3.dir/Users/grace/Desktop/Pico/pico-sdk/src/rp2_common/hardware_claim/claim.c.obj
                0x1000055e                hw_claim_unused_from_range
 *fill*         0x100005ae        0x2 
 .text.spin_locks_reset
                0x100005b0       0x20 CMakeFiles/HW3.dir/Users/grace/Desktop/Pico/pico-sdk/src/rp2_common/hardware_sync/sync.c.obj
                0x100005b0                spin_locks_reset
 .text.next_striped_spin_lock_num
                0x100005d0       0x1c CMakeFiles/HW3.dir/Users/grace/Desktop/Pico/pico-sdk/src/rp2_common/hardware_sync/sync.c.obj
                0x100005d0                next_striped_spin_lock_num
 .text.spin_lock_claim_unused
                0x100005ec       0x24 CMakeFiles/HW3.dir/Users/grace/Desktop/Pico/pico-sdk/src/rp2_common/hardware_sync/sync.c.obj
                0x100005ec                spin_lock_claim_unused
 .text.set_raw_irq_handler_and_unlock
                0x10000610       0x28 CMakeFiles/HW3.dir/Users/grace/Desktop/Pico/pico-sdk/src/rp2_common/hardware_irq/irq.c.obj
 .text.resolve_branch
                0x10000638       0x30 CMakeFiles/HW3.dir/Users/grace/Desktop/Pico/pico-sdk/src/rp2_common/hardware_irq/irq.c.obj
 .text.make_branch
                0x10000668       0x48 CMakeFiles/HW3.dir/Users/grace/Desktop/Pico/pico-sdk/src/rp2_common/hardware_irq/irq.c.obj
 .text.insert_branch_and_link
                0x100006b0       0x40 CMakeFiles/HW3.dir/Users/grace/Desktop/Pico/pico-sdk/src/rp2_common/hardware_irq/irq.c.obj
 .text.irq_is_enabled
                0x100006f0       0x18 CMakeFiles/HW3.dir/Users/grace/Desktop/Pico/pico-sdk/src/rp2_common/hardware_irq/irq.c.obj
                0x100006f0                irq_is_enabled
 .text.irq_set_mask_enabled
                0x10000708       0x20 CMakeFiles/HW3.dir/Users/grace/Desktop/Pico/pico-sdk/src/rp2_common/hardware_irq/irq.c.obj
                0x10000708                irq_set_mask_enabled
 .text.irq_set_enabled
                0x10000728        0xe CMakeFiles/HW3.dir/Users/grace/Desktop/Pico/pico-sdk/src/rp2_common/hardware_irq/irq.c.obj
                0x10000728                irq_set_enabled
 *fill*         0x10000736        0x2 
 .text.irq_set_pending
                0x10000738       0x10 CMakeFiles/HW3.dir/Users/grace/Desktop/Pico/pico-sdk/src/rp2_common/hardware_irq/irq.c.obj
                0x10000738                irq_set_pending
 .text.irq_get_vtable_handler
                0x10000748       0x10 CMakeFiles/HW3.dir/Users/grace/Desktop/Pico/pico-sdk/src/rp2_common/hardware_irq/irq.c.obj
                0x10000748                irq_get_vtable_handler
 .text.irq_has_shared_handler
                0x10000758       0x24 CMakeFiles/HW3.dir/Users/grace/Desktop/Pico/pico-sdk/src/rp2_common/hardware_irq/irq.c.obj
                0x10000758                irq_has_shared_handler
 .text.irq_set_exclusive_handler
                0x1000077c       0x54 CMakeFiles/HW3.dir/Users/grace/Desktop/Pico/pico-sdk/src/rp2_common/hardware_irq/irq.c.obj
                0x1000077c                irq_set_exclusive_handler
 .text.irq_add_shared_handler
                0x100007d0      0x210 CMakeFiles/HW3.dir/Users/grace/Desktop/Pico/pico-sdk/src/rp2_common/hardware_irq/irq.c.obj
                0x100007d0                irq_add_shared_handler
 .text.irq_remove_handler
                0x100009e0      0x188 CMakeFiles/HW3.dir/Users/grace/Desktop/Pico/pico-sdk/src/rp2_common/hardware_irq/irq.c.obj
                0x100009e0                irq_remove_handler
 .text.irq_add_tail_to_free_list
                0x10000b68       0xf0 CMakeFiles/HW3.dir/Users/grace/Desktop/Pico/pico-sdk/src/rp2_common/hardware_irq/irq.c.obj
                0x10000b68                irq_add_tail_to_free_list
 .text.irq_init_priorities
                0x10000c58       0x1c CMakeFiles/HW3.dir/Users/grace/Desktop/Pico/pico-sdk/src/rp2_common/hardware_irq/irq.c.obj
                0x10000c58                irq_init_priorities
 .text.user_irq_claim_unused
                0x10000c74       0x2c CMakeFiles/HW3.dir/Users/grace/Desktop/Pico/pico-sdk/src/rp2_common/hardware_irq/irq.c.obj
                0x10000c74                user_irq_claim_unused
 .text.lock_init
                0x10000ca0       0x10 CMakeFiles/HW3.dir/Users/grace/Desktop/Pico/pico-sdk/src/common/pico_sync/lock_core.c.obj
                0x10000ca0                lock_init
 .text.update_us_since_boot
                0x10000cb0       0x24 CMakeFiles/HW3.dir/Users/grace/Desktop/Pico/pico-sdk/src/common/pico_sync/mutex.c.obj
 .text.delayed_by_ms
                0x10000cd4       0x44 CMakeFiles/HW3.dir/Users/grace/Desktop/Pico/pico-sdk/src/common/pico_sync/mutex.c.obj
 .text.get_absolute_time
                0x10000d18       0x22 CMakeFiles/HW3.dir/Users/grace/Desktop/Pico/pico-sdk/src/common/pico_sync/mutex.c.obj
 .text.make_timeout_time_ms
                0x10000d3a       0x20 CMakeFiles/HW3.dir/Users/grace/Desktop/Pico/pico-sdk/src/common/pico_sync/mutex.c.obj
 .text.mutex_init
                0x10000d5a       0x1a CMakeFiles/HW3.dir/Users/grace/Desktop/Pico/pico-sdk/src/common/pico_sync/mutex.c.obj
                0x10000d5a                mutex_init
 .text.recursive_mutex_init
                0x10000d74       0x1e CMakeFiles/HW3.dir/Users/grace/Desktop/Pico/pico-sdk/src/common/pico_sync/mutex.c.obj
                0x10000d74                recursive_mutex_init
 *fill*         0x10000d92        0x2 
 .text.critical_section_init_with_lock_num
                0x10000d94       0x14 CMakeFiles/HW3.dir/Users/grace/Desktop/Pico/pico-sdk/src/common/pico_sync/critical_section.c.obj
                0x10000d94                critical_section_init_with_lock_num
 .text.critical_section_init
                0x10000da8       0x14 CMakeFiles/HW3.dir/Users/grace/Desktop/Pico/pico-sdk/src/common/pico_sync/critical_section.c.obj
                0x10000da8                critical_section_init
 .text.time_reached
                0x10000dbc       0x28 CMakeFiles/HW3.dir/Users/grace/Desktop/Pico/pico-sdk/src/common/pico_time/time.c.obj
 .text.get_entry
                0x10000de4       0x38 CMakeFiles/HW3.dir/Users/grace/Desktop/Pico/pico-sdk/src/common/pico_time/time.c.obj
 .text.timer_pool_entry_comparator
                0x10000e1c       0x2e CMakeFiles/HW3.dir/Users/grace/Desktop/Pico/pico-sdk/src/common/pico_time/time.c.obj
                0x10000e1c                timer_pool_entry_comparator
 *fill*         0x10000e4a        0x2 
 .text.update_us_since_boot
                0x10000e4c       0x24 CMakeFiles/HW3.dir/Users/grace/Desktop/Pico/pico-sdk/src/common/pico_time/time.c.obj
 .text.delayed_by_us
                0x10000e70       0x34 CMakeFiles/HW3.dir/Users/grace/Desktop/Pico/pico-sdk/src/common/pico_time/time.c.obj
 .text.ph_get_node
                0x10000ea4       0x30 CMakeFiles/HW3.dir/Users/grace/Desktop/Pico/pico-sdk/src/common/pico_time/time.c.obj
 .text.ph_contains_node
                0x10000ed4       0x1e CMakeFiles/HW3.dir/Users/grace/Desktop/Pico/pico-sdk/src/common/pico_time/time.c.obj
 .text.ph_new_node
                0x10000ef2       0x28 CMakeFiles/HW3.dir/Users/grace/Desktop/Pico/pico-sdk/src/common/pico_time/time.c.obj
 *fill*         0x10000f1a        0x2 
 .text.ph_add_child_node
                0x10000f1c       0x6c CMakeFiles/HW3.dir/Users/grace/Desktop/Pico/pico-sdk/src/common/pico_time/time.c.obj
 .text.ph_merge_nodes
                0x10000f88       0x3e CMakeFiles/HW3.dir/Users/grace/Desktop/Pico/pico-sdk/src/common/pico_time/time.c.obj
 *fill*         0x10000fc6        0x2 
 .text.ph_insert_node
                0x10000fc8       0x3c CMakeFiles/HW3.dir/Users/grace/Desktop/Pico/pico-sdk/src/common/pico_time/time.c.obj
 .text.ph_free_node
                0x10001004       0x5c CMakeFiles/HW3.dir/Users/grace/Desktop/Pico/pico-sdk/src/common/pico_time/time.c.obj
 .text.get_entry_id_high
                0x10001060       0x30 CMakeFiles/HW3.dir/Users/grace/Desktop/Pico/pico-sdk/src/common/pico_time/time.c.obj
 .text.alarm_pool_post_alloc_init
                0x10001090       0x40 CMakeFiles/HW3.dir/Users/grace/Desktop/Pico/pico-sdk/src/common/pico_time/time.c.obj
 .text.sleep_until_callback
                0x100010d0       0x30 CMakeFiles/HW3.dir/Users/grace/Desktop/Pico/pico-sdk/src/common/pico_time/time.c.obj
 .text.get_absolute_time
                0x10001100       0x22 CMakeFiles/HW3.dir/Users/grace/Desktop/Pico/pico-sdk/src/common/pico_time/time.c.obj
 .text.make_timeout_time_us
                0x10001122       0x24 CMakeFiles/HW3.dir/Users/grace/Desktop/Pico/pico-sdk/src/common/pico_time/time.c.obj
 *fill*         0x10001146        0x2 
 .text.add_alarm_under_lock
                0x10001148       0x94 CMakeFiles/HW3.dir/Users/grace/Desktop/Pico/pico-sdk/src/common/pico_time/time.c.obj
 .text.alarm_pool_alarm_callback
                0x100011dc      0x210 CMakeFiles/HW3.dir/Users/grace/Desktop/Pico/pico-sdk/src/common/pico_time/time.c.obj
 .text.alarm_pool_init_default
                0x100013ec       0x40 CMakeFiles/HW3.dir/Users/grace/Desktop/Pico/pico-sdk/src/common/pico_time/time.c.obj
                0x100013ec                alarm_pool_init_default
 .text.alarm_pool_get_default
                0x1000142c       0x2c CMakeFiles/HW3.dir/Users/grace/Desktop/Pico/pico-sdk/src/common/pico_time/time.c.obj
                0x1000142c                alarm_pool_get_default
 .text.alarm_pool_add_alarm_at
                0x10001458      0x10e CMakeFiles/HW3.dir/Users/grace/Desktop/Pico/pico-sdk/src/common/pico_time/time.c.obj
                0x10001458                alarm_pool_add_alarm_at
 .text.add_alarm_at
                0x10001566       0x2e CMakeFiles/HW3.dir/Users/grace/Desktop/Pico/pico-sdk/src/common/pico_time/time.c.obj
 .text.alarm_pool_cancel_alarm
                0x10001594       0xa8 CMakeFiles/HW3.dir/Users/grace/Desktop/Pico/pico-sdk/src/common/pico_time/time.c.obj
                0x10001594                alarm_pool_cancel_alarm
 .text.cancel_alarm
                0x1000163c       0x10 CMakeFiles/HW3.dir/Users/grace/Desktop/Pico/pico-sdk/src/common/pico_time/time.c.obj
 .text.alarm_pool_core_num
                0x1000164c        0x4 CMakeFiles/HW3.dir/Users/grace/Desktop/Pico/pico-sdk/src/common/pico_time/time.c.obj
                0x1000164c                alarm_pool_core_num
 .text.sleep_until
                0x10001650       0xb0 CMakeFiles/HW3.dir/Users/grace/Desktop/Pico/pico-sdk/src/common/pico_time/time.c.obj
                0x10001650                sleep_until
 .text.sleep_us
                0x10001700       0x1a CMakeFiles/HW3.dir/Users/grace/Desktop/Pico/pico-sdk/src/common/pico_time/time.c.obj
                0x10001700                sleep_us
 .text.sleep_ms
                0x1000171a       0x14 CMakeFiles/HW3.dir/Users/grace/Desktop/Pico/pico-sdk/src/common/pico_time/time.c.obj
                0x1000171a                sleep_ms
 *fill*         0x1000172e        0x2 
 .text.best_effort_wfe_or_timeout
                0x10001730       0x44 CMakeFiles/HW3.dir/Users/grace/Desktop/Pico/pico-sdk/src/common/pico_time/time.c.obj
                0x10001730                best_effort_wfe_or_timeout
 .text.update_us_since_boot
                0x10001774       0x24 CMakeFiles/HW3.dir/Users/grace/Desktop/Pico/pico-sdk/src/rp2_common/hardware_timer/timer.c.obj
 .text.hardware_alarm_irq_handler
                0x10001798       0x8c CMakeFiles/HW3.dir/Users/grace/Desktop/Pico/pico-sdk/src/rp2_common/hardware_timer/timer.c.obj
 .text.hardware_alarm_claim
                0x10001824       0x18 CMakeFiles/HW3.dir/Users/grace/Desktop/Pico/pico-sdk/src/rp2_common/hardware_timer/timer.c.obj
                0x10001824                hardware_alarm_claim
 .text.time_us_64
                0x1000183c       0x18 CMakeFiles/HW3.dir/Users/grace/Desktop/Pico/pico-sdk/src/rp2_common/hardware_timer/timer.c.obj
                0x1000183c                time_us_64
 .text.busy_wait_until
                0x10001854       0x28 CMakeFiles/HW3.dir/Users/grace/Desktop/Pico/pico-sdk/src/rp2_common/hardware_timer/timer.c.obj
                0x10001854                busy_wait_until
 .text.busy_wait_us
                0x1000187c       0x3a CMakeFiles/HW3.dir/Users/grace/Desktop/Pico/pico-sdk/src/rp2_common/hardware_timer/timer.c.obj
                0x1000187c                busy_wait_us
 *fill*         0x100018b6        0x2 
 .text.hardware_alarm_set_callback
                0x100018b8       0x90 CMakeFiles/HW3.dir/Users/grace/Desktop/Pico/pico-sdk/src/rp2_common/hardware_timer/timer.c.obj
                0x100018b8                hardware_alarm_set_callback
 .text.hardware_alarm_set_target
                0x10001948       0xe8 CMakeFiles/HW3.dir/Users/grace/Desktop/Pico/pico-sdk/src/rp2_common/hardware_timer/timer.c.obj
                0x10001948                hardware_alarm_set_target
 .text.hardware_alarm_cancel
                0x10001a30       0x40 CMakeFiles/HW3.dir/Users/grace/Desktop/Pico/pico-sdk/src/rp2_common/hardware_timer/timer.c.obj
                0x10001a30                hardware_alarm_cancel
 .text.ph_get_node
                0x10001a70       0x30 CMakeFiles/HW3.dir/Users/grace/Desktop/Pico/pico-sdk/src/common/pico_util/pheap.c.obj
 .text.ph_add_child_node
                0x10001aa0       0x6c CMakeFiles/HW3.dir/Users/grace/Desktop/Pico/pico-sdk/src/common/pico_util/pheap.c.obj
 .text.ph_merge_nodes
                0x10001b0c       0x3e CMakeFiles/HW3.dir/Users/grace/Desktop/Pico/pico-sdk/src/common/pico_util/pheap.c.obj
 .text.ph_clear
                0x10001b4a       0x34 CMakeFiles/HW3.dir/Users/grace/Desktop/Pico/pico-sdk/src/common/pico_util/pheap.c.obj
                0x10001b4a                ph_clear
 .text.ph_post_alloc_init
                0x10001b7e        0xe CMakeFiles/HW3.dir/Users/grace/Desktop/Pico/pico-sdk/src/common/pico_util/pheap.c.obj
                0x10001b7e                ph_post_alloc_init
 .text.ph_merge_two_pass
                0x10001b8c       0x5c CMakeFiles/HW3.dir/Users/grace/Desktop/Pico/pico-sdk/src/common/pico_util/pheap.c.obj
                0x10001b8c                ph_merge_two_pass
 .text.ph_remove_any_head
                0x10001be8       0xc0 CMakeFiles/HW3.dir/Users/grace/Desktop/Pico/pico-sdk/src/common/pico_util/pheap.c.obj
 .text.ph_remove_head
                0x10001ca8       0x14 CMakeFiles/HW3.dir/Users/grace/Desktop/Pico/pico-sdk/src/common/pico_util/pheap.c.obj
                0x10001ca8                ph_remove_head
 .text.ph_remove_and_free_node
                0x10001cbc       0xa0 CMakeFiles/HW3.dir/Users/grace/Desktop/Pico/pico-sdk/src/common/pico_util/pheap.c.obj
                0x10001cbc                ph_remove_and_free_node
 .text.clock_configure
                0x10001d5c      0x108 CMakeFiles/HW3.dir/Users/grace/Desktop/Pico/pico-sdk/src/rp2_common/hardware_clocks/clocks.c.obj
                0x10001d5c                clock_configure
 .text.clocks_init
                0x10001e64      0x100 CMakeFiles/HW3.dir/Users/grace/Desktop/Pico/pico-sdk/src/rp2_common/hardware_clocks/clocks.c.obj
                0x10001e64                clocks_init
 .text.pll_init
                0x10001f64      0x120 CMakeFiles/HW3.dir/Users/grace/Desktop/Pico/pico-sdk/src/rp2_common/hardware_pll/pll.c.obj
                0x10001f64                pll_init
 .text.watchdog_start_tick
                0x10002084       0x10 CMakeFiles/HW3.dir/Users/grace/Desktop/Pico/pico-sdk/src/rp2_common/hardware_watchdog/watchdog.c.obj
                0x10002084                watchdog_start_tick
 .text.watchdog_update
                0x10002094       0x14 CMakeFiles/HW3.dir/Users/grace/Desktop/Pico/pico-sdk/src/rp2_common/hardware_watchdog/watchdog.c.obj
                0x10002094                watchdog_update
 .text._watchdog_enable
                0x100020a8       0x78 CMakeFiles/HW3.dir/Users/grace/Desktop/Pico/pico-sdk/src/rp2_common/hardware_watchdog/watchdog.c.obj
                0x100020a8                _watchdog_enable
 .text.watchdog_reboot
                0x10002120       0x48 CMakeFiles/HW3.dir/Users/grace/Desktop/Pico/pico-sdk/src/rp2_common/hardware_watchdog/watchdog.c.obj
                0x10002120                watchdog_reboot
 .text.xosc_init
                0x10002168       0x28 CMakeFiles/HW3.dir/Users/grace/Desktop/Pico/pico-sdk/src/rp2_common/hardware_xosc/xosc.c.obj
                0x10002168                xosc_init
 .text._exit    0x10002190        0x4 CMakeFiles/HW3.dir/Users/grace/Desktop/Pico/pico-sdk/src/rp2_common/pico_runtime/runtime.c.obj
                0x10002190                _exit
 .text._sbrk    0x10002194       0x38 CMakeFiles/HW3.dir/Users/grace/Desktop/Pico/pico-sdk/src/rp2_common/pico_runtime/runtime.c.obj
                0x10002194                _sbrk
 .text.exit     0x100021cc        0x6 CMakeFiles/HW3.dir/Users/grace/Desktop/Pico/pico-sdk/src/rp2_common/pico_runtime/runtime.c.obj
                0x100021cc                exit
 *fill*         0x100021d2        0x2 
 .text.__assert_func
                0x100021d4       0x38 CMakeFiles/HW3.dir/Users/grace/Desktop/Pico/pico-sdk/src/rp2_common/pico_runtime/runtime.c.obj
                0x100021d4                __assert_func
 .text.runtime_init
                0x1000220c       0xf8 CMakeFiles/HW3.dir/Users/grace/Desktop/Pico/pico-sdk/src/rp2_common/pico_runtime/runtime.c.obj
                0x1000220c                runtime_init
 .text.panic    0x10002304       0x30 CMakeFiles/HW3.dir/Users/grace/Desktop/Pico/pico-sdk/src/rp2_common/pico_runtime/runtime.c.obj
                0x10002304                panic
 .text._out_buffer
                0x10002334        0x8 CMakeFiles/HW3.dir/Users/grace/Desktop/Pico/pico-sdk/src/rp2_common/pico_printf/printf.c.obj
 .text._out_null
                0x1000233c        0x2 CMakeFiles/HW3.dir/Users/grace/Desktop/Pico/pico-sdk/src/rp2_common/pico_printf/printf.c.obj
 .text._out_fct
                0x1000233e        0xe CMakeFiles/HW3.dir/Users/grace/Desktop/Pico/pico-sdk/src/rp2_common/pico_printf/printf.c.obj
 .text._atoi    0x1000234c       0x24 CMakeFiles/HW3.dir/Users/grace/Desktop/Pico/pico-sdk/src/rp2_common/pico_printf/printf.c.obj
 .text._out_rev
                0x10002370       0xae CMakeFiles/HW3.dir/Users/grace/Desktop/Pico/pico-sdk/src/rp2_common/pico_printf/printf.c.obj
 .text._ntoa_format
                0x1000241e      0x110 CMakeFiles/HW3.dir/Users/grace/Desktop/Pico/pico-sdk/src/rp2_common/pico_printf/printf.c.obj
 .text._ntoa_long
                0x1000252e       0xbc CMakeFiles/HW3.dir/Users/grace/Desktop/Pico/pico-sdk/src/rp2_common/pico_printf/printf.c.obj
 .text._ntoa_long_long
                0x100025ea      0x10e CMakeFiles/HW3.dir/Users/grace/Desktop/Pico/pico-sdk/src/rp2_common/pico_printf/printf.c.obj
 .text._etoa    0x100026f8      0x420 CMakeFiles/HW3.dir/Users/grace/Desktop/Pico/pico-sdk/src/rp2_common/pico_printf/printf.c.obj
 .text._ftoa    0x10002b18      0x354 CMakeFiles/HW3.dir/Users/grace/Desktop/Pico/pico-sdk/src/rp2_common/pico_printf/printf.c.obj
 .text._vsnprintf
                0x10002e6c      0x668 CMakeFiles/HW3.dir/Users/grace/Desktop/Pico/pico-sdk/src/rp2_common/pico_printf/printf.c.obj
 .text.__wrap_sprintf
                0x100034d4       0x2c CMakeFiles/HW3.dir/Users/grace/Desktop/Pico/pico-sdk/src/rp2_common/pico_printf/printf.c.obj
                0x100034d4                __wrap_sprintf
 .text.vfctprintf
                0x10003500       0x20 CMakeFiles/HW3.dir/Users/grace/Desktop/Pico/pico-sdk/src/rp2_common/pico_printf/printf.c.obj
                0x10003500                vfctprintf
 .text          0x10003520       0x10 CMakeFiles/HW3.dir/Users/grace/Desktop/Pico/pico-sdk/src/rp2_common/pico_bit_ops/bit_ops_aeabi.S.obj
 .text.rom_func_lookup
                0x10003530       0x10 CMakeFiles/HW3.dir/Users/grace/Desktop/Pico/pico-sdk/src/rp2_common/pico_bootrom/bootrom.c.obj
                0x10003530                rom_func_lookup
 .text.rom_data_lookup
                0x10003540       0x10 CMakeFiles/HW3.dir/Users/grace/Desktop/Pico/pico-sdk/src/rp2_common/pico_bootrom/bootrom.c.obj
                0x10003540                rom_data_lookup
 .text.rom_funcs_lookup
                0x10003550       0x36 CMakeFiles/HW3.dir/Users/grace/Desktop/Pico/pico-sdk/src/rp2_common/pico_bootrom/bootrom.c.obj
                0x10003550                rom_funcs_lookup
 *fill*         0x10003586        0x2 
 .text.__wrap___aeabi_idiv
                0x10003588       0x50 CMakeFiles/HW3.dir/Users/grace/Desktop/Pico/pico-sdk/src/rp2_common/pico_divider/divider.S.obj
                0x10003588                __wrap___aeabi_idivmod
                0x10003588                divmod_s32s32
                0x10003588                div_s32s32
                0x10003588                __wrap___aeabi_idiv
                0x10003590                divmod_s32s32_unsafe
                0x100035bc                divmod_s32s32_savestate
 .text.__wrap___aeabi_uidiv
                0x100035d8       0x4c CMakeFiles/HW3.dir/Users/grace/Desktop/Pico/pico-sdk/src/rp2_common/pico_divider/divider.S.obj
                0x100035d8                __wrap___aeabi_uidiv
                0x100035d8                __wrap___aeabi_uidivmod
                0x100035d8                div_u32u32
                0x100035d8                divmod_u32u32
                0x100035e0                divmod_u32u32_unsafe
                0x10003608                divmod_u32u32_savestate
 .text.__wrap___aeabi_ldiv
                0x10003624      0x424 CMakeFiles/HW3.dir/Users/grace/Desktop/Pico/pico-sdk/src/rp2_common/pico_divider/divider.S.obj
                0x10003624                __wrap___aeabi_ldivmod
                0x10003624                div_s64s64
                0x10003624                divmod_s64s64
                0x10003654                divmod_u64u64
                0x10003654                div_u64u64
                0x10003654                __wrap___aeabi_uldivmod
                0x10003664                divmod_u64u64_savestate
                0x10003684                divmod_s64s64_unsafe
                0x1000370c                divmod_u64u64_unsafe
 .text.__wrap___aeabi_darithmetic
                0x10003a48       0x80 CMakeFiles/HW3.dir/Users/grace/Desktop/Pico/pico-sdk/src/rp2_common/pico_double/double_aeabi.S.obj
                0x10003a48                __wrap___aeabi_drsub
                0x10003a4e                __wrap___aeabi_dsub
                0x10003a60                __wrap___aeabi_dadd
                0x10003a72                __wrap___aeabi_ddiv
                0x10003aae                __wrap___aeabi_dmul
 .text.__wrap___aeabi_cdcmple
                0x10003ac8       0x6c CMakeFiles/HW3.dir/Users/grace/Desktop/Pico/pico-sdk/src/rp2_common/pico_double/double_aeabi.S.obj
                0x10003ac8                __wrap___aeabi_cdrcmple
                0x10003ad8                __wrap___aeabi_cdcmple
                0x10003ad8                __wrap___aeabi_cdcmpeq
 .text.__wrap___aeabi_dcmpeq
                0x10003b34       0x10 CMakeFiles/HW3.dir/Users/grace/Desktop/Pico/pico-sdk/src/rp2_common/pico_double/double_aeabi.S.obj
                0x10003b34                __wrap___aeabi_dcmpeq
 .text.__wrap___aeabi_dcmplt
                0x10003b44        0xc CMakeFiles/HW3.dir/Users/grace/Desktop/Pico/pico-sdk/src/rp2_common/pico_double/double_aeabi.S.obj
                0x10003b44                __wrap___aeabi_dcmplt
 .text.__wrap___aeabi_dcmple
                0x10003b50       0x10 CMakeFiles/HW3.dir/Users/grace/Desktop/Pico/pico-sdk/src/rp2_common/pico_double/double_aeabi.S.obj
                0x10003b50                __wrap___aeabi_dcmple
 .text.__wrap___aeabi_dcmpge
                0x10003b60       0x10 CMakeFiles/HW3.dir/Users/grace/Desktop/Pico/pico-sdk/src/rp2_common/pico_double/double_aeabi.S.obj
                0x10003b60                __wrap___aeabi_dcmpge
 .text.__wrap___aeabi_dcmpgt
                0x10003b70        0xa CMakeFiles/HW3.dir/Users/grace/Desktop/Pico/pico-sdk/src/rp2_common/pico_double/double_aeabi.S.obj
                0x10003b70                __wrap___aeabi_dcmpgt
 .text.__wrap___aeabi_dcmpun
                0x10003b7a       0x1c CMakeFiles/HW3.dir/Users/grace/Desktop/Pico/pico-sdk/src/rp2_common/pico_double/double_aeabi.S.obj
                0x10003b7a                __wrap___aeabi_dcmpun
 *fill*         0x10003b96        0x2 
 .text.__wrap___aeabi_i2d
                0x10003b98       0x38 CMakeFiles/HW3.dir/Users/grace/Desktop/Pico/pico-sdk/src/rp2_common/pico_double/double_aeabi.S.obj
                0x10003b98                __wrap___aeabi_ui2d
                0x10003ba0                __wrap___aeabi_i2d
 .text.__wrap___aeabi_d2iz
                0x10003bd0       0x48 CMakeFiles/HW3.dir/Users/grace/Desktop/Pico/pico-sdk/src/rp2_common/pico_double/double_aeabi.S.obj
                0x10003bd0                __wrap___aeabi_d2iz
                0x10003bd0                double2int_z
 .text.__wrap___aeabi_d2uiz
                0x10003c18       0x18 CMakeFiles/HW3.dir/Users/grace/Desktop/Pico/pico-sdk/src/rp2_common/pico_double/double_aeabi.S.obj
                0x10003c18                double2uint
                0x10003c18                __wrap___aeabi_d2uiz
 .text.__wrap___aeabi_l2d
                0x10003c30       0x18 CMakeFiles/HW3.dir/Users/grace/Desktop/Pico/pico-sdk/src/rp2_common/pico_double/double_aeabi.S.obj
                0x10003c30                __wrap___aeabi_l2d
 .text.__wrap___aeabi_d2lz
                0x10003c48       0x26 CMakeFiles/HW3.dir/Users/grace/Desktop/Pico/pico-sdk/src/rp2_common/pico_double/double_aeabi.S.obj
                0x10003c48                __wrap___aeabi_d2lz
                0x10003c48                double2int64_z
 *fill*         0x10003c6e        0x2 
 .text.double2int64
                0x10003c70       0x18 CMakeFiles/HW3.dir/Users/grace/Desktop/Pico/pico-sdk/src/rp2_common/pico_double/double_aeabi.S.obj
                0x10003c70                double2int64
 .text.double2ufix64
                0x10003c88       0x18 CMakeFiles/HW3.dir/Users/grace/Desktop/Pico/pico-sdk/src/rp2_common/pico_double/double_aeabi.S.obj
                0x10003c88                double2ufix64
 .text.__wrap___aeabi_d2f
                0x10003ca0       0x18 CMakeFiles/HW3.dir/Users/grace/Desktop/Pico/pico-sdk/src/rp2_common/pico_double/double_aeabi.S.obj
                0x10003ca0                __wrap___aeabi_d2f
 .text.__aeabi_double_init
                0x10003cb8       0xcc CMakeFiles/HW3.dir/Users/grace/Desktop/Pico/pico-sdk/src/rp2_common/pico_double/double_init_rom.c.obj
                0x10003cb8                __aeabi_double_init
 .text.double_table_shim_on_use_helper
                0x10003d84       0x34 CMakeFiles/HW3.dir/Users/grace/Desktop/Pico/pico-sdk/src/rp2_common/pico_double/double_v1_rom_shim.S.obj
                0x10003d84                double_table_shim_on_use_helper
 .text.__wrap___aeabi_dsub
                0x10003db8       0x10 CMakeFiles/HW3.dir/Users/grace/Desktop/Pico/pico-sdk/src/rp2_common/pico_double/double_v1_rom_shim.S.obj
                0x10003db8                drsub_shim
                0x10003dbe                dsub_shim
 .text.dadd_shim
                0x10003dc8      0x15c CMakeFiles/HW3.dir/Users/grace/Desktop/Pico/pico-sdk/src/rp2_common/pico_double/double_v1_rom_shim.S.obj
                0x10003dc8                dadd_shim
 .text.dmul_shim
                0x10003f24      0x15c CMakeFiles/HW3.dir/Users/grace/Desktop/Pico/pico-sdk/src/rp2_common/pico_double/double_v1_rom_shim.S.obj
                0x10003f24                dmul_shim
 .text.ddiv_shim
                0x10004080      0x1b0 CMakeFiles/HW3.dir/Users/grace/Desktop/Pico/pico-sdk/src/rp2_common/pico_double/double_v1_rom_shim.S.obj
                0x10004080                ddiv_shim
 .text.double2uint_shim
                0x10004230        0xe CMakeFiles/HW3.dir/Users/grace/Desktop/Pico/pico-sdk/src/rp2_common/pico_double/double_v1_rom_shim.S.obj
                0x10004230                double2uint_shim
                0x10004232                double2ufix_shim
 .text.double2int64_shim
                0x1000423e       0x1a CMakeFiles/HW3.dir/Users/grace/Desktop/Pico/pico-sdk/src/rp2_common/pico_double/double_v1_rom_shim.S.obj
                0x1000423e                double2int64_shim
                0x10004240                double2fix64_shim
 .text.double2uint64_shim
                0x10004258       0x70 CMakeFiles/HW3.dir/Users/grace/Desktop/Pico/pico-sdk/src/rp2_common/pico_double/double_v1_rom_shim.S.obj
                0x10004258                double2uint64_shim
                0x1000425a                double2ufix64_shim
                0x1000427a                d2fix_a
 .text.double2float_shim
                0x100042c8       0x5c CMakeFiles/HW3.dir/Users/grace/Desktop/Pico/pico-sdk/src/rp2_common/pico_double/double_v1_rom_shim.S.obj
                0x100042c8                double2float_shim
 .text.x2double_shims
                0x10004324       0x90 CMakeFiles/HW3.dir/Users/grace/Desktop/Pico/pico-sdk/src/rp2_common/pico_double/double_v1_rom_shim.S.obj
                0x10004324                uint2double_shim
                0x10004326                ufix2double_shim
                0x1000432c                int2double_shim
                0x1000432e                fix2double_shim
                0x10004334                uint642double_shim
                0x10004336                ufix642double_shim
                0x1000433c                int642double_shim
                0x1000433e                fix642double_shim
 .text.dunpacks
                0x100043b4       0x3c CMakeFiles/HW3.dir/Users/grace/Desktop/Pico/pico-sdk/src/rp2_common/pico_double/double_v1_rom_shim.S.obj
                0x100043b4                dunpacks
 .text.__aeabi_lmul
                0x100043f0       0x32 CMakeFiles/HW3.dir/Users/grace/Desktop/Pico/pico-sdk/src/rp2_common/pico_int64_ops/pico_int64_ops_aeabi.S.obj
                0x100043f0                __wrap___aeabi_lmul
 *fill*         0x10004422        0x2 
 .text.__aeabi_float_init
                0x10004424       0xfc CMakeFiles/HW3.dir/Users/grace/Desktop/Pico/pico-sdk/src/rp2_common/pico_float/float_init_rom.c.obj
                0x10004424                __aeabi_float_init
 .text.float_table_shim_on_use_helper
                0x10004520       0x34 CMakeFiles/HW3.dir/Users/grace/Desktop/Pico/pico-sdk/src/rp2_common/pico_float/float_v1_rom_shim.S.obj
                0x10004520                float_table_shim_on_use_helper
 .text.check_alloc
                0x10004554       0x20 CMakeFiles/HW3.dir/Users/grace/Desktop/Pico/pico-sdk/src/rp2_common/pico_malloc/pico_malloc.c.obj
 .text.__wrap_malloc
                0x10004574       0x14 CMakeFiles/HW3.dir/Users/grace/Desktop/Pico/pico-sdk/src/rp2_common/pico_malloc/pico_malloc.c.obj
                0x10004574                __wrap_malloc
 .text.__wrap_realloc
                0x10004588       0x14 CMakeFiles/HW3.dir/Users/grace/Desktop/Pico/pico-sdk/src/rp2_common/pico_malloc/pico_malloc.c.obj
                0x10004588                __wrap_realloc
 .text.__wrap_free
                0x1000459c        0x8 CMakeFiles/HW3.dir/Users/grace/Desktop/Pico/pico-sdk/src/rp2_common/pico_malloc/pico_malloc.c.obj
                0x1000459c                __wrap_free
 .text          0x100045a4       0x10 CMakeFiles/HW3.dir/Users/grace/Desktop/Pico/pico-sdk/src/rp2_common/pico_mem_ops/mem_ops_aeabi.S.obj
                0x100045a4                __aeabi_mem_init
 .text.memset   0x100045b4        0xc CMakeFiles/HW3.dir/Users/grace/Desktop/Pico/pico-sdk/src/rp2_common/pico_mem_ops/mem_ops_aeabi.S.obj
                0x100045b4                __wrap_memset
 .text.memcpy   0x100045c0        0xc CMakeFiles/HW3.dir/Users/grace/Desktop/Pico/pico-sdk/src/rp2_common/pico_mem_ops/mem_ops_aeabi.S.obj
                0x100045c0                __wrap___aeabi_memcpy
                0x100045c0                __wrap_memcpy
 .text.time_reached
                0x100045cc       0x28 CMakeFiles/HW3.dir/Users/grace/Desktop/Pico/pico-sdk/src/rp2_common/pico_stdio/stdio.c.obj
 .text.stdio_out_chars_no_crlf
                0x100045f4        0xe CMakeFiles/HW3.dir/Users/grace/Desktop/Pico/pico-sdk/src/rp2_common/pico_stdio/stdio.c.obj
 *fill*         0x10004602        0x2 
 .text.stdio_out_chars_crlf
                0x10004604       0x80 CMakeFiles/HW3.dir/Users/grace/Desktop/Pico/pico-sdk/src/rp2_common/pico_stdio/stdio.c.obj
 .text.stdio_stack_buffer_flush
                0x10004684       0x44 CMakeFiles/HW3.dir/Users/grace/Desktop/Pico/pico-sdk/src/rp2_common/pico_stdio/stdio.c.obj
 .text.stdio_buffered_printer
                0x100046c8       0x20 CMakeFiles/HW3.dir/Users/grace/Desktop/Pico/pico-sdk/src/rp2_common/pico_stdio/stdio.c.obj
 .text.update_us_since_boot
                0x100046e8       0x24 CMakeFiles/HW3.dir/Users/grace/Desktop/Pico/pico-sdk/src/rp2_common/pico_stdio/stdio.c.obj
 .text.get_absolute_time
                0x1000470c       0x22 CMakeFiles/HW3.dir/Users/grace/Desktop/Pico/pico-sdk/src/rp2_common/pico_stdio/stdio.c.obj
 *fill*         0x1000472e        0x2 
 .text.delayed_by_ms
                0x10004730       0x44 CMakeFiles/HW3.dir/Users/grace/Desktop/Pico/pico-sdk/src/rp2_common/pico_stdio/stdio.c.obj
 .text.make_timeout_time_ms
                0x10004774       0x20 CMakeFiles/HW3.dir/Users/grace/Desktop/Pico/pico-sdk/src/rp2_common/pico_stdio/stdio.c.obj
 .text.stdio_get_until
                0x10004794       0x64 CMakeFiles/HW3.dir/Users/grace/Desktop/Pico/pico-sdk/src/rp2_common/pico_stdio/stdio.c.obj
 .text.stdout_serialize_begin
                0x100047f8       0x20 CMakeFiles/HW3.dir/Users/grace/Desktop/Pico/pico-sdk/src/rp2_common/pico_stdio/stdio.c.obj
                0x100047f8                stdout_serialize_begin
 .text.stdout_serialize_end
                0x10004818       0x10 CMakeFiles/HW3.dir/Users/grace/Desktop/Pico/pico-sdk/src/rp2_common/pico_stdio/stdio.c.obj
                0x10004818                stdout_serialize_end
 .text.stdio_put_string
                0x10004828       0x98 CMakeFiles/HW3.dir/Users/grace/Desktop/Pico/pico-sdk/src/rp2_common/pico_stdio/stdio.c.obj
 .text._read    0x100048c0       0x24 CMakeFiles/HW3.dir/Users/grace/Desktop/Pico/pico-sdk/src/rp2_common/pico_stdio/stdio.c.obj
                0x100048c0                _read
 .text._write   0x100048e4       0x22 CMakeFiles/HW3.dir/Users/grace/Desktop/Pico/pico-sdk/src/rp2_common/pico_stdio/stdio.c.obj
                0x100048e4                _write
 .text._close   0x10004906        0x6 CMakeFiles/HW3.dir/Users/grace/Desktop/Pico/pico-sdk/src/rp2_common/pico_stdio/stdio.c.obj
                0x10004906                _close
 .text._lseek   0x1000490c        0x6 CMakeFiles/HW3.dir/Users/grace/Desktop/Pico/pico-sdk/src/rp2_common/pico_stdio/stdio.c.obj
                0x1000490c                _lseek
 .text._fstat   0x10004912        0x6 CMakeFiles/HW3.dir/Users/grace/Desktop/Pico/pico-sdk/src/rp2_common/pico_stdio/stdio.c.obj
                0x10004912                _fstat
 .text._isatty  0x10004918        0xc CMakeFiles/HW3.dir/Users/grace/Desktop/Pico/pico-sdk/src/rp2_common/pico_stdio/stdio.c.obj
                0x10004918                _isatty
 .text.stdio_set_driver_enabled
                0x10004924       0x2c CMakeFiles/HW3.dir/Users/grace/Desktop/Pico/pico-sdk/src/rp2_common/pico_stdio/stdio.c.obj
                0x10004924                stdio_set_driver_enabled
 .text.stdio_flush
                0x10004950       0x20 CMakeFiles/HW3.dir/Users/grace/Desktop/Pico/pico-sdk/src/rp2_common/pico_stdio/stdio.c.obj
                0x10004950                stdio_flush
 .text.__wrap_puts
                0x10004970       0x1e CMakeFiles/HW3.dir/Users/grace/Desktop/Pico/pico-sdk/src/rp2_common/pico_stdio/stdio.c.obj
                0x10004970                __wrap_puts
 *fill*         0x1000498e        0x2 
 .text.__wrap_vprintf
                0x10004990       0x40 CMakeFiles/HW3.dir/Users/grace/Desktop/Pico/pico-sdk/src/rp2_common/pico_stdio/stdio.c.obj
                0x10004990                __wrap_vprintf
 .text.__wrap_printf
                0x100049d0       0x18 CMakeFiles/HW3.dir/Users/grace/Desktop/Pico/pico-sdk/src/rp2_common/pico_stdio/stdio.c.obj
                0x100049d0                __wrap_printf
 .text.stdio_init_all
                0x100049e8        0x8 CMakeFiles/HW3.dir/Users/grace/Desktop/Pico/pico-sdk/src/rp2_common/pico_stdio/stdio.c.obj
                0x100049e8                stdio_init_all
 .text.resetd_init
                0x100049f0        0x2 CMakeFiles/HW3.dir/Users/grace/Desktop/Pico/pico-sdk/src/rp2_common/pico_stdio_usb/reset_interface.c.obj
 *fill*         0x100049f2        0x2 
 .text.resetd_reset
                0x100049f4        0xc CMakeFiles/HW3.dir/Users/grace/Desktop/Pico/pico-sdk/src/rp2_common/pico_stdio_usb/reset_interface.c.obj
 .text.resetd_open
                0x10004a00       0x34 CMakeFiles/HW3.dir/Users/grace/Desktop/Pico/pico-sdk/src/rp2_common/pico_stdio_usb/reset_interface.c.obj
 .text.resetd_xfer_cb
                0x10004a34        0x4 CMakeFiles/HW3.dir/Users/grace/Desktop/Pico/pico-sdk/src/rp2_common/pico_stdio_usb/reset_interface.c.obj
 .text.reset_usb_boot
                0x10004a38       0x18 CMakeFiles/HW3.dir/Users/grace/Desktop/Pico/pico-sdk/src/rp2_common/pico_stdio_usb/reset_interface.c.obj
 .text.resetd_control_xfer_cb
                0x10004a50       0x5c CMakeFiles/HW3.dir/Users/grace/Desktop/Pico/pico-sdk/src/rp2_common/pico_stdio_usb/reset_interface.c.obj
 .text.usbd_app_driver_get_cb
                0x10004aac        0xc CMakeFiles/HW3.dir/Users/grace/Desktop/Pico/pico-sdk/src/rp2_common/pico_stdio_usb/reset_interface.c.obj
                0x10004aac                usbd_app_driver_get_cb
 .text.tud_cdc_line_coding_cb
                0x10004ab8       0x28 CMakeFiles/HW3.dir/Users/grace/Desktop/Pico/pico-sdk/src/rp2_common/pico_stdio_usb/reset_interface.c.obj
                0x10004ab8                tud_cdc_line_coding_cb
 .text.stdio_usb_set_chars_available_callback
                0x10004ae0       0x14 CMakeFiles/HW3.dir/Users/grace/Desktop/Pico/pico-sdk/src/rp2_common/pico_stdio_usb/stdio_usb.c.obj
                0x10004ae0                stdio_usb_set_chars_available_callback
 .text.update_us_since_boot
                0x10004af4       0x24 CMakeFiles/HW3.dir/Users/grace/Desktop/Pico/pico-sdk/src/rp2_common/pico_stdio_usb/stdio_usb.c.obj
 .text.get_absolute_time
                0x10004b18       0x22 CMakeFiles/HW3.dir/Users/grace/Desktop/Pico/pico-sdk/src/rp2_common/pico_stdio_usb/stdio_usb.c.obj
 *fill*         0x10004b3a        0x2 
 .text.delayed_by_ms
                0x10004b3c       0x44 CMakeFiles/HW3.dir/Users/grace/Desktop/Pico/pico-sdk/src/rp2_common/pico_stdio_usb/stdio_usb.c.obj
 .text.make_timeout_time_ms
                0x10004b80       0x20 CMakeFiles/HW3.dir/Users/grace/Desktop/Pico/pico-sdk/src/rp2_common/pico_stdio_usb/stdio_usb.c.obj
 .text.delayed_by_us
                0x10004ba0       0x34 CMakeFiles/HW3.dir/Users/grace/Desktop/Pico/pico-sdk/src/rp2_common/pico_stdio_usb/stdio_usb.c.obj
 .text.usb_irq  0x10004bd4       0x10 CMakeFiles/HW3.dir/Users/grace/Desktop/Pico/pico-sdk/src/rp2_common/pico_stdio_usb/stdio_usb.c.obj
 .text.critical_section_enter_blocking
                0x10004be4       0x16 CMakeFiles/HW3.dir/Users/grace/Desktop/Pico/pico-sdk/src/rp2_common/pico_stdio_usb/stdio_usb.c.obj
 *fill*         0x10004bfa        0x2 
 .text.timer_task
                0x10004bfc       0x4c CMakeFiles/HW3.dir/Users/grace/Desktop/Pico/pico-sdk/src/rp2_common/pico_stdio_usb/stdio_usb.c.obj
 .text.alarm_pool_add_alarm_in_us
                0x10004c48       0x3a CMakeFiles/HW3.dir/Users/grace/Desktop/Pico/pico-sdk/src/rp2_common/pico_stdio_usb/stdio_usb.c.obj
 .text.add_alarm_in_us
                0x10004c82       0x2e CMakeFiles/HW3.dir/Users/grace/Desktop/Pico/pico-sdk/src/rp2_common/pico_stdio_usb/stdio_usb.c.obj
 .text.low_priority_worker_irq
                0x10004cb0       0x7c CMakeFiles/HW3.dir/Users/grace/Desktop/Pico/pico-sdk/src/rp2_common/pico_stdio_usb/stdio_usb.c.obj
 .text.tud_cdc_rx_cb
                0x10004d2c       0x20 CMakeFiles/HW3.dir/Users/grace/Desktop/Pico/pico-sdk/src/rp2_common/pico_stdio_usb/stdio_usb.c.obj
                0x10004d2c                tud_cdc_rx_cb
 .text.stdio_usb_init
                0x10004d4c       0xd0 CMakeFiles/HW3.dir/Users/grace/Desktop/Pico/pico-sdk/src/rp2_common/pico_stdio_usb/stdio_usb.c.obj
                0x10004d4c                stdio_usb_init
 .text.stdio_usb_connected
                0x10004e1c        0xa CMakeFiles/HW3.dir/Users/grace/Desktop/Pico/pico-sdk/src/rp2_common/pico_stdio_usb/stdio_usb.c.obj
                0x10004e1c                stdio_usb_connected
 *fill*         0x10004e26        0x2 
 .text.stdio_usb_in_chars
                0x10004e28       0x88 CMakeFiles/HW3.dir/Users/grace/Desktop/Pico/pico-sdk/src/rp2_common/pico_stdio_usb/stdio_usb.c.obj
                0x10004e28                stdio_usb_in_chars
 .text.stdio_usb_out_chars
                0x10004eb0       0xd8 CMakeFiles/HW3.dir/Users/grace/Desktop/Pico/pico-sdk/src/rp2_common/pico_stdio_usb/stdio_usb.c.obj
 .text.tud_descriptor_device_cb
                0x10004f88        0x8 CMakeFiles/HW3.dir/Users/grace/Desktop/Pico/pico-sdk/src/rp2_common/pico_stdio_usb/stdio_usb_descriptors.c.obj
                0x10004f88                tud_descriptor_device_cb
 .text.tud_descriptor_configuration_cb
                0x10004f90        0x8 CMakeFiles/HW3.dir/Users/grace/Desktop/Pico/pico-sdk/src/rp2_common/pico_stdio_usb/stdio_usb_descriptors.c.obj
                0x10004f90                tud_descriptor_configuration_cb
 .text.tud_descriptor_string_cb
                0x10004f98       0x6c CMakeFiles/HW3.dir/Users/grace/Desktop/Pico/pico-sdk/src/rp2_common/pico_stdio_usb/stdio_usb_descriptors.c.obj
                0x10004f98                tud_descriptor_string_cb
 .text._retrieve_unique_id_on_boot
                0x10005004       0x10 CMakeFiles/HW3.dir/Users/grace/Desktop/Pico/pico-sdk/src/rp2_common/pico_unique_id/unique_id.c.obj
 .text.pico_get_unique_board_id_string
                0x10005014       0x5c CMakeFiles/HW3.dir/Users/grace/Desktop/Pico/pico-sdk/src/rp2_common/pico_unique_id/unique_id.c.obj
                0x10005014                pico_get_unique_board_id_string
 .text.flash_get_unique_id
                0x10005070       0x40 CMakeFiles/HW3.dir/Users/grace/Desktop/Pico/pico-sdk/src/rp2_common/hardware_flash/flash.c.obj
                0x10005070                flash_get_unique_id
 .text.hw_endpoint_get_by_addr
                0x100050b0       0x18 CMakeFiles/HW3.dir/Users/grace/Desktop/Pico/pico-sdk/lib/tinyusb/src/portable/raspberrypi/rp2040/dcd_rp2040.c.obj
 .text._hw_endpoint_alloc
                0x100050c8       0x70 CMakeFiles/HW3.dir/Users/grace/Desktop/Pico/pico-sdk/lib/tinyusb/src/portable/raspberrypi/rp2040/dcd_rp2040.c.obj
 .text.hw_endpoint_init
                0x10005138       0x88 CMakeFiles/HW3.dir/Users/grace/Desktop/Pico/pico-sdk/lib/tinyusb/src/portable/raspberrypi/rp2040/dcd_rp2040.c.obj
 .text.dcd_event_sof
                0x100051c0       0x2c CMakeFiles/HW3.dir/Users/grace/Desktop/Pico/pico-sdk/lib/tinyusb/src/portable/raspberrypi/rp2040/dcd_rp2040.c.obj
 .text.hw_endpoint_xfer
                0x100051ec       0x14 CMakeFiles/HW3.dir/Users/grace/Desktop/Pico/pico-sdk/lib/tinyusb/src/portable/raspberrypi/rp2040/dcd_rp2040.c.obj
 .text.dcd_int_enable
                0x10005200       0x2c CMakeFiles/HW3.dir/Users/grace/Desktop/Pico/pico-sdk/lib/tinyusb/src/portable/raspberrypi/rp2040/dcd_rp2040.c.obj
                0x10005200                dcd_int_enable
 .text.dcd_set_address
                0x1000522c       0x2c CMakeFiles/HW3.dir/Users/grace/Desktop/Pico/pico-sdk/lib/tinyusb/src/portable/raspberrypi/rp2040/dcd_rp2040.c.obj
                0x1000522c                dcd_set_address
 .text.dcd_connect
                0x10005258       0x10 CMakeFiles/HW3.dir/Users/grace/Desktop/Pico/pico-sdk/lib/tinyusb/src/portable/raspberrypi/rp2040/dcd_rp2040.c.obj
                0x10005258                dcd_connect
 .text.dcd_init
                0x10005268       0x80 CMakeFiles/HW3.dir/Users/grace/Desktop/Pico/pico-sdk/lib/tinyusb/src/portable/raspberrypi/rp2040/dcd_rp2040.c.obj
                0x10005268                dcd_init
 .text.dcd_edpt0_status_complete
                0x100052e8       0x1c CMakeFiles/HW3.dir/Users/grace/Desktop/Pico/pico-sdk/lib/tinyusb/src/portable/raspberrypi/rp2040/dcd_rp2040.c.obj
                0x100052e8                dcd_edpt0_status_complete
 .text.dcd_edpt_open
                0x10005304       0x40 CMakeFiles/HW3.dir/Users/grace/Desktop/Pico/pico-sdk/lib/tinyusb/src/portable/raspberrypi/rp2040/dcd_rp2040.c.obj
                0x10005304                dcd_edpt_open
 .text.dcd_edpt_close_all
                0x10005344        0x8 CMakeFiles/HW3.dir/Users/grace/Desktop/Pico/pico-sdk/lib/tinyusb/src/portable/raspberrypi/rp2040/dcd_rp2040.c.obj
                0x10005344                dcd_edpt_close_all
 .text.dcd_edpt_xfer
                0x1000534c       0x34 CMakeFiles/HW3.dir/Users/grace/Desktop/Pico/pico-sdk/lib/tinyusb/src/portable/raspberrypi/rp2040/dcd_rp2040.c.obj
                0x1000534c                dcd_edpt_xfer
 .text.dcd_edpt_stall
                0x10005380       0x2c CMakeFiles/HW3.dir/Users/grace/Desktop/Pico/pico-sdk/lib/tinyusb/src/portable/raspberrypi/rp2040/dcd_rp2040.c.obj
                0x10005380                dcd_edpt_stall
 .text.dcd_edpt_clear_stall
                0x100053ac       0x20 CMakeFiles/HW3.dir/Users/grace/Desktop/Pico/pico-sdk/lib/tinyusb/src/portable/raspberrypi/rp2040/dcd_rp2040.c.obj
                0x100053ac                dcd_edpt_clear_stall
 .text.rp2040_usb_init
                0x100053cc       0x4c CMakeFiles/HW3.dir/Users/grace/Desktop/Pico/pico-sdk/lib/tinyusb/src/portable/raspberrypi/rp2040/rp2040_usb.c.obj
                0x100053cc                rp2040_usb_init
 .text.hw_endpoint_xfer_start
                0x10005418       0x50 CMakeFiles/HW3.dir/Users/grace/Desktop/Pico/pico-sdk/lib/tinyusb/src/portable/raspberrypi/rp2040/rp2040_usb.c.obj
                0x10005418                hw_endpoint_xfer_start
 .text.configuration_reset
                0x10005468       0x84 CMakeFiles/HW3.dir/Users/grace/Desktop/Pico/pico-sdk/lib/tinyusb/src/device/usbd.c.obj
 .text.critical_section_enter_blocking
                0x100054ec       0x16 CMakeFiles/HW3.dir/Users/grace/Desktop/Pico/pico-sdk/lib/tinyusb/src/device/usbd.c.obj
 .text.usbd_reset
                0x10005502        0xc CMakeFiles/HW3.dir/Users/grace/Desktop/Pico/pico-sdk/lib/tinyusb/src/device/usbd.c.obj
 .text.invoke_class_control
                0x1000550e       0x1a CMakeFiles/HW3.dir/Users/grace/Desktop/Pico/pico-sdk/lib/tinyusb/src/device/usbd.c.obj
 .text.process_set_config
                0x10005528      0x178 CMakeFiles/HW3.dir/Users/grace/Desktop/Pico/pico-sdk/lib/tinyusb/src/device/usbd.c.obj
 .text.process_get_descriptor
                0x100056a0       0xdc CMakeFiles/HW3.dir/Users/grace/Desktop/Pico/pico-sdk/lib/tinyusb/src/device/usbd.c.obj
 .text.tud_mounted
                0x1000577c       0x10 CMakeFiles/HW3.dir/Users/grace/Desktop/Pico/pico-sdk/lib/tinyusb/src/device/usbd.c.obj
                0x1000577c                tud_mounted
 .text.tud_suspended
                0x1000578c       0x10 CMakeFiles/HW3.dir/Users/grace/Desktop/Pico/pico-sdk/lib/tinyusb/src/device/usbd.c.obj
                0x1000578c                tud_suspended
 .text.tud_inited
                0x1000579c       0x14 CMakeFiles/HW3.dir/Users/grace/Desktop/Pico/pico-sdk/lib/tinyusb/src/device/usbd.c.obj
                0x1000579c                tud_inited
 .text.tud_init
                0x100057b0       0xcc CMakeFiles/HW3.dir/Users/grace/Desktop/Pico/pico-sdk/lib/tinyusb/src/device/usbd.c.obj
                0x100057b0                tud_init
 .text.usbd_defer_func
                0x1000587c       0x2a CMakeFiles/HW3.dir/Users/grace/Desktop/Pico/pico-sdk/lib/tinyusb/src/device/usbd.c.obj
                0x1000587c                usbd_defer_func
 *fill*         0x100058a6        0x2 
 .text.usbd_edpt_open
                0x100058a8       0x34 CMakeFiles/HW3.dir/Users/grace/Desktop/Pico/pico-sdk/lib/tinyusb/src/device/usbd.c.obj
                0x100058a8                usbd_edpt_open
 .text.usbd_open_edpt_pair
                0x100058dc       0x62 CMakeFiles/HW3.dir/Users/grace/Desktop/Pico/pico-sdk/lib/tinyusb/src/device/usbd.c.obj
                0x100058dc                usbd_open_edpt_pair
 *fill*         0x1000593e        0x2 
 .text.usbd_edpt_claim
                0x10005940       0x28 CMakeFiles/HW3.dir/Users/grace/Desktop/Pico/pico-sdk/lib/tinyusb/src/device/usbd.c.obj
                0x10005940                usbd_edpt_claim
 .text.usbd_edpt_release
                0x10005968       0x28 CMakeFiles/HW3.dir/Users/grace/Desktop/Pico/pico-sdk/lib/tinyusb/src/device/usbd.c.obj
                0x10005968                usbd_edpt_release
 .text.usbd_edpt_xfer
                0x10005990       0x78 CMakeFiles/HW3.dir/Users/grace/Desktop/Pico/pico-sdk/lib/tinyusb/src/device/usbd.c.obj
                0x10005990                usbd_edpt_xfer
 .text.usbd_edpt_stall
                0x10005a08       0x48 CMakeFiles/HW3.dir/Users/grace/Desktop/Pico/pico-sdk/lib/tinyusb/src/device/usbd.c.obj
                0x10005a08                usbd_edpt_stall
 .text.usbd_edpt_clear_stall
                0x10005a50       0x48 CMakeFiles/HW3.dir/Users/grace/Desktop/Pico/pico-sdk/lib/tinyusb/src/device/usbd.c.obj
                0x10005a50                usbd_edpt_clear_stall
 .text.usbd_edpt_stalled
                0x10005a98       0x1c CMakeFiles/HW3.dir/Users/grace/Desktop/Pico/pico-sdk/lib/tinyusb/src/device/usbd.c.obj
                0x10005a98                usbd_edpt_stalled
 .text.process_control_request
                0x10005ab4      0x374 CMakeFiles/HW3.dir/Users/grace/Desktop/Pico/pico-sdk/lib/tinyusb/src/device/usbd.c.obj
 .text.tud_task_ext
                0x10005e28      0x1a8 CMakeFiles/HW3.dir/Users/grace/Desktop/Pico/pico-sdk/lib/tinyusb/src/device/usbd.c.obj
                0x10005e28                tud_task_ext
 .text._status_stage_xact
                0x10005fd0       0x1a CMakeFiles/HW3.dir/Users/grace/Desktop/Pico/pico-sdk/lib/tinyusb/src/device/usbd_control.c.obj
 *fill*         0x10005fea        0x2 
 .text._data_stage_xact
                0x10005fec       0x58 CMakeFiles/HW3.dir/Users/grace/Desktop/Pico/pico-sdk/lib/tinyusb/src/device/usbd_control.c.obj
 .text.tud_control_status
                0x10006044       0x28 CMakeFiles/HW3.dir/Users/grace/Desktop/Pico/pico-sdk/lib/tinyusb/src/device/usbd_control.c.obj
                0x10006044                tud_control_status
 .text.tud_control_xfer
                0x1000606c       0x68 CMakeFiles/HW3.dir/Users/grace/Desktop/Pico/pico-sdk/lib/tinyusb/src/device/usbd_control.c.obj
                0x1000606c                tud_control_xfer
 .text.usbd_control_reset
                0x100060d4       0x14 CMakeFiles/HW3.dir/Users/grace/Desktop/Pico/pico-sdk/lib/tinyusb/src/device/usbd_control.c.obj
                0x100060d4                usbd_control_reset
 .text.usbd_control_set_complete_callback
                0x100060e8        0xc CMakeFiles/HW3.dir/Users/grace/Desktop/Pico/pico-sdk/lib/tinyusb/src/device/usbd_control.c.obj
                0x100060e8                usbd_control_set_complete_callback
 .text.usbd_control_set_request
                0x100060f4       0x1c CMakeFiles/HW3.dir/Users/grace/Desktop/Pico/pico-sdk/lib/tinyusb/src/device/usbd_control.c.obj
                0x100060f4                usbd_control_set_request
 .text.usbd_control_xfer_cb
                0x10006110       0xbc CMakeFiles/HW3.dir/Users/grace/Desktop/Pico/pico-sdk/lib/tinyusb/src/device/usbd_control.c.obj
                0x10006110                usbd_control_xfer_cb
 .text._prep_out_transaction
                0x100061cc       0x4a CMakeFiles/HW3.dir/Users/grace/Desktop/Pico/pico-sdk/lib/tinyusb/src/class/cdc/cdc_device.c.obj
 *fill*         0x10006216        0x2 
 .text.tud_cdc_n_connected
                0x10006218       0x38 CMakeFiles/HW3.dir/Users/grace/Desktop/Pico/pico-sdk/lib/tinyusb/src/class/cdc/cdc_device.c.obj
                0x10006218                tud_cdc_n_connected
 .text.tud_cdc_n_available
                0x10006250       0x18 CMakeFiles/HW3.dir/Users/grace/Desktop/Pico/pico-sdk/lib/tinyusb/src/class/cdc/cdc_device.c.obj
                0x10006250                tud_cdc_n_available
 .text.tud_cdc_n_read
                0x10006268       0x28 CMakeFiles/HW3.dir/Users/grace/Desktop/Pico/pico-sdk/lib/tinyusb/src/class/cdc/cdc_device.c.obj
                0x10006268                tud_cdc_n_read
 .text.tud_cdc_n_write_flush
                0x10006290       0xb8 CMakeFiles/HW3.dir/Users/grace/Desktop/Pico/pico-sdk/lib/tinyusb/src/class/cdc/cdc_device.c.obj
                0x10006290                tud_cdc_n_write_flush
 .text.tud_cdc_n_write
                0x10006348       0x38 CMakeFiles/HW3.dir/Users/grace/Desktop/Pico/pico-sdk/lib/tinyusb/src/class/cdc/cdc_device.c.obj
                0x10006348                tud_cdc_n_write
 .text.tud_cdc_n_write_available
                0x10006380       0x1c CMakeFiles/HW3.dir/Users/grace/Desktop/Pico/pico-sdk/lib/tinyusb/src/class/cdc/cdc_device.c.obj
                0x10006380                tud_cdc_n_write_available
 .text.cdcd_init
                0x1000639c       0xbc CMakeFiles/HW3.dir/Users/grace/Desktop/Pico/pico-sdk/lib/tinyusb/src/class/cdc/cdc_device.c.obj
                0x1000639c                cdcd_init
 .text.cdcd_reset
                0x10006458       0x44 CMakeFiles/HW3.dir/Users/grace/Desktop/Pico/pico-sdk/lib/tinyusb/src/class/cdc/cdc_device.c.obj
                0x10006458                cdcd_reset
 .text.cdcd_open
                0x1000649c       0xc4 CMakeFiles/HW3.dir/Users/grace/Desktop/Pico/pico-sdk/lib/tinyusb/src/class/cdc/cdc_device.c.obj
                0x1000649c                cdcd_open
 .text.cdcd_control_xfer_cb
                0x10006560      0x134 CMakeFiles/HW3.dir/Users/grace/Desktop/Pico/pico-sdk/lib/tinyusb/src/class/cdc/cdc_device.c.obj
                0x10006560                cdcd_control_xfer_cb
 .text.cdcd_xfer_cb
                0x10006694      0x130 CMakeFiles/HW3.dir/Users/grace/Desktop/Pico/pico-sdk/lib/tinyusb/src/class/cdc/cdc_device.c.obj
                0x10006694                cdcd_xfer_cb
 .text.tusb_init
                0x100067c4        0xa CMakeFiles/HW3.dir/Users/grace/Desktop/Pico/pico-sdk/lib/tinyusb/src/tusb.c.obj
                0x100067c4                tusb_init
 .text.tusb_inited
                0x100067ce        0xe CMakeFiles/HW3.dir/Users/grace/Desktop/Pico/pico-sdk/lib/tinyusb/src/tusb.c.obj
                0x100067ce                tusb_inited
 .text.tu_edpt_claim
                0x100067dc       0x50 CMakeFiles/HW3.dir/Users/grace/Desktop/Pico/pico-sdk/lib/tinyusb/src/tusb.c.obj
                0x100067dc                tu_edpt_claim
 .text.tu_edpt_release
                0x1000682c       0x38 CMakeFiles/HW3.dir/Users/grace/Desktop/Pico/pico-sdk/lib/tinyusb/src/tusb.c.obj
                0x1000682c                tu_edpt_release
 .text.tu_edpt_validate
                0x10006864       0x78 CMakeFiles/HW3.dir/Users/grace/Desktop/Pico/pico-sdk/lib/tinyusb/src/tusb.c.obj
                0x10006864                tu_edpt_validate
 .text.tu_edpt_bind_driver
                0x100068dc       0x26 CMakeFiles/HW3.dir/Users/grace/Desktop/Pico/pico-sdk/lib/tinyusb/src/tusb.c.obj
                0x100068dc                tu_edpt_bind_driver
 .text.advance_index
                0x10006902       0x1a CMakeFiles/HW3.dir/Users/grace/Desktop/Pico/pico-sdk/lib/tinyusb/src/common/tusb_fifo.c.obj
 .text._tu_fifo_peek
                0x1000691c       0x56 CMakeFiles/HW3.dir/Users/grace/Desktop/Pico/pico-sdk/lib/tinyusb/src/common/tusb_fifo.c.obj
 .text._ff_pull_const_addr
                0x10006972       0x4c CMakeFiles/HW3.dir/Users/grace/Desktop/Pico/pico-sdk/lib/tinyusb/src/common/tusb_fifo.c.obj
 .text._ff_pull_n
                0x100069be      0x110 CMakeFiles/HW3.dir/Users/grace/Desktop/Pico/pico-sdk/lib/tinyusb/src/common/tusb_fifo.c.obj
 .text._tu_fifo_peek_n
                0x10006ace       0x6a CMakeFiles/HW3.dir/Users/grace/Desktop/Pico/pico-sdk/lib/tinyusb/src/common/tusb_fifo.c.obj
 .text._tu_fifo_read_n
                0x10006b38       0x4e CMakeFiles/HW3.dir/Users/grace/Desktop/Pico/pico-sdk/lib/tinyusb/src/common/tusb_fifo.c.obj
 .text._ff_push_const_addr
                0x10006b86       0x40 CMakeFiles/HW3.dir/Users/grace/Desktop/Pico/pico-sdk/lib/tinyusb/src/common/tusb_fifo.c.obj
 .text._ff_push_n
                0x10006bc6      0x10c CMakeFiles/HW3.dir/Users/grace/Desktop/Pico/pico-sdk/lib/tinyusb/src/common/tusb_fifo.c.obj
 .text._tu_fifo_write_n
                0x10006cd2       0xf0 CMakeFiles/HW3.dir/Users/grace/Desktop/Pico/pico-sdk/lib/tinyusb/src/common/tusb_fifo.c.obj
 .text.tu_fifo_config
                0x10006dc2       0x7c CMakeFiles/HW3.dir/Users/grace/Desktop/Pico/pico-sdk/lib/tinyusb/src/common/tusb_fifo.c.obj
                0x10006dc2                tu_fifo_config
 .text.tu_fifo_count
                0x10006e3e       0x2a CMakeFiles/HW3.dir/Users/grace/Desktop/Pico/pico-sdk/lib/tinyusb/src/common/tusb_fifo.c.obj
                0x10006e3e                tu_fifo_count
 .text.tu_fifo_empty
                0x10006e68        0xe CMakeFiles/HW3.dir/Users/grace/Desktop/Pico/pico-sdk/lib/tinyusb/src/common/tusb_fifo.c.obj
                0x10006e68                tu_fifo_empty
 .text.tu_fifo_full
                0x10006e76       0x28 CMakeFiles/HW3.dir/Users/grace/Desktop/Pico/pico-sdk/lib/tinyusb/src/common/tusb_fifo.c.obj
                0x10006e76                tu_fifo_full
 .text.tu_fifo_remaining
                0x10006e9e       0x2c CMakeFiles/HW3.dir/Users/grace/Desktop/Pico/pico-sdk/lib/tinyusb/src/common/tusb_fifo.c.obj
                0x10006e9e                tu_fifo_remaining
 .text.tu_fifo_read
                0x10006eca       0x42 CMakeFiles/HW3.dir/Users/grace/Desktop/Pico/pico-sdk/lib/tinyusb/src/common/tusb_fifo.c.obj
                0x10006eca                tu_fifo_read
 .text.tu_fifo_read_n
                0x10006f0c        0xa CMakeFiles/HW3.dir/Users/grace/Desktop/Pico/pico-sdk/lib/tinyusb/src/common/tusb_fifo.c.obj
                0x10006f0c                tu_fifo_read_n
 .text.tu_fifo_write
                0x10006f16       0x64 CMakeFiles/HW3.dir/Users/grace/Desktop/Pico/pico-sdk/lib/tinyusb/src/common/tusb_fifo.c.obj
                0x10006f16                tu_fifo_write
 .text.tu_fifo_write_n
                0x10006f7a        0xa CMakeFiles/HW3.dir/Users/grace/Desktop/Pico/pico-sdk/lib/tinyusb/src/common/tusb_fifo.c.obj
                0x10006f7a                tu_fifo_write_n
 .text.tu_fifo_clear
                0x10006f84       0x3e CMakeFiles/HW3.dir/Users/grace/Desktop/Pico/pico-sdk/lib/tinyusb/src/common/tusb_fifo.c.obj
                0x10006f84                tu_fifo_clear
 .text.tu_fifo_set_overwritable
                0x10006fc2       0x46 CMakeFiles/HW3.dir/Users/grace/Desktop/Pico/pico-sdk/lib/tinyusb/src/common/tusb_fifo.c.obj
                0x10006fc2                tu_fifo_set_overwritable
 .text.adc_init
                0x10007008       0x34 CMakeFiles/HW3.dir/Users/grace/Desktop/Pico/pico-sdk/src/rp2_common/hardware_adc/adc.c.obj
                0x10007008                adc_init
 .text.atoi     0x1000703c        0xc /Applications/ArmGNUToolchain/13.2.Rel1/arm-none-eabi/bin/../lib/gcc/arm-none-eabi/13.2.1/../../../../arm-none-eabi/lib/thumb/v6-m/nofp/libg.a(libc_a-atoi.o)
                0x1000703c                atoi
 .text._calloc_r
                0x10007048       0xa8 /Applications/ArmGNUToolchain/13.2.Rel1/arm-none-eabi/bin/../lib/gcc/arm-none-eabi/13.2.1/../../../../arm-none-eabi/lib/thumb/v6-m/nofp/libg.a(libc_a-callocr.o)
                0x10007048                _calloc_r
 .text.malloc   0x100070f0       0x14 /Applications/ArmGNUToolchain/13.2.Rel1/arm-none-eabi/bin/../lib/gcc/arm-none-eabi/13.2.1/../../../../arm-none-eabi/lib/thumb/v6-m/nofp/libg.a(libc_a-malloc.o)
                0x100070f0                malloc
 .text.free     0x10007104       0x14 /Applications/ArmGNUToolchain/13.2.Rel1/arm-none-eabi/bin/../lib/gcc/arm-none-eabi/13.2.1/../../../../arm-none-eabi/lib/thumb/v6-m/nofp/libg.a(libc_a-malloc.o)
                0x10007104                free
 .text._malloc_r
                0x10007118      0x5c4 /Applications/ArmGNUToolchain/13.2.Rel1/arm-none-eabi/bin/../lib/gcc/arm-none-eabi/13.2.1/../../../../arm-none-eabi/lib/thumb/v6-m/nofp/libg.a(libc_a-mallocr.o)
                0x10007118                _malloc_r
 .text.__malloc_lock
                0x100076dc       0x10 /Applications/ArmGNUToolchain/13.2.Rel1/arm-none-eabi/bin/../lib/gcc/arm-none-eabi/13.2.1/../../../../arm-none-eabi/lib/thumb/v6-m/nofp/libg.a(libc_a-mlock.o)
                0x100076dc                __malloc_lock
 .text.__malloc_unlock
                0x100076ec       0x10 /Applications/ArmGNUToolchain/13.2.Rel1/arm-none-eabi/bin/../lib/gcc/arm-none-eabi/13.2.1/../../../../arm-none-eabi/lib/thumb/v6-m/nofp/libg.a(libc_a-mlock.o)
                0x100076ec                __malloc_unlock
 .text.realloc  0x100076fc       0x18 /Applications/ArmGNUToolchain/13.2.Rel1/arm-none-eabi/bin/../lib/gcc/arm-none-eabi/13.2.1/../../../../arm-none-eabi/lib/thumb/v6-m/nofp/libg.a(libc_a-realloc.o)
                0x100076fc                realloc
 .text.scanf    0x10007714       0x24 /Applications/ArmGNUToolchain/13.2.Rel1/arm-none-eabi/bin/../lib/gcc/arm-none-eabi/13.2.1/../../../../arm-none-eabi/lib/thumb/v6-m/nofp/libg.a(libc_a-scanf.o)
                0x10007714                scanf
 .text._realloc_r
                0x10007738      0x350 /Applications/ArmGNUToolchain/13.2.Rel1/arm-none-eabi/bin/../lib/gcc/arm-none-eabi/13.2.1/../../../../arm-none-eabi/lib/thumb/v6-m/nofp/libg.a(libc_a-reallocr.o)
                0x10007738                _realloc_r
 .text._strtol_l.isra.0
                0x10007a88      0x158 /Applications/ArmGNUToolchain/13.2.Rel1/arm-none-eabi/bin/../lib/gcc/arm-none-eabi/13.2.1/../../../../arm-none-eabi/lib/thumb/v6-m/nofp/libg.a(libc_a-strtol.o)
 .text._strtol_r
                0x10007be0        0x8 /Applications/ArmGNUToolchain/13.2.Rel1/arm-none-eabi/bin/../lib/gcc/arm-none-eabi/13.2.1/../../../../arm-none-eabi/lib/thumb/v6-m/nofp/libg.a(libc_a-strtol.o)
                0x10007be0                _strtol_r
 .text.strtol   0x10007be8       0x18 /Applications/ArmGNUToolchain/13.2.Rel1/arm-none-eabi/bin/../lib/gcc/arm-none-eabi/13.2.1/../../../../arm-none-eabi/lib/thumb/v6-m/nofp/libg.a(libc_a-strtol.o)
                0x10007be8                strtol
 .text.memmove  0x10007c00       0xb0 /Applications/ArmGNUToolchain/13.2.Rel1/arm-none-eabi/bin/../lib/gcc/arm-none-eabi/13.2.1/../../../../arm-none-eabi/lib/thumb/v6-m/nofp/libg.a(libc_a-memmove.o)
                0x10007c00                memmove
 .text._sbrk_r  0x10007cb0       0x24 /Applications/ArmGNUToolchain/13.2.Rel1/arm-none-eabi/bin/../lib/gcc/arm-none-eabi/13.2.1/../../../../arm-none-eabi/lib/thumb/v6-m/nofp/libg.a(libc_a-sbrkr.o)
                0x10007cb0                _sbrk_r
 .text.__errno  0x10007cd4        0xc /Applications/ArmGNUToolchain/13.2.Rel1/arm-none-eabi/bin/../lib/gcc/arm-none-eabi/13.2.1/../../../../arm-none-eabi/lib/thumb/v6-m/nofp/libg.a(libc_a-errno.o)
                0x10007cd4                __errno
 .text.sysconf  0x10007ce0       0x1c /Applications/ArmGNUToolchain/13.2.Rel1/arm-none-eabi/bin/../lib/gcc/arm-none-eabi/13.2.1/../../../../arm-none-eabi/lib/thumb/v6-m/nofp/libg.a(libc_a-sysconf.o)
                0x10007ce0                sysconf
 .text.__retarget_lock_init_recursive
                0x10007cfc        0x4 /Applications/ArmGNUToolchain/13.2.Rel1/arm-none-eabi/bin/../lib/gcc/arm-none-eabi/13.2.1/../../../../arm-none-eabi/lib/thumb/v6-m/nofp/libg.a(libc_a-lock.o)
                0x10007cfc                __retarget_lock_init_recursive
 .text.__retarget_lock_close_recursive
                0x10007d00        0x4 /Applications/ArmGNUToolchain/13.2.Rel1/arm-none-eabi/bin/../lib/gcc/arm-none-eabi/13.2.1/../../../../arm-none-eabi/lib/thumb/v6-m/nofp/libg.a(libc_a-lock.o)
                0x10007d00                __retarget_lock_close_recursive
 .text.__retarget_lock_acquire_recursive
                0x10007d04        0x4 /Applications/ArmGNUToolchain/13.2.Rel1/arm-none-eabi/bin/../lib/gcc/arm-none-eabi/13.2.1/../../../../arm-none-eabi/lib/thumb/v6-m/nofp/libg.a(libc_a-lock.o)
                0x10007d04                __retarget_lock_acquire_recursive
 .text.__retarget_lock_release_recursive
                0x10007d08        0x4 /Applications/ArmGNUToolchain/13.2.Rel1/arm-none-eabi/bin/../lib/gcc/arm-none-eabi/13.2.1/../../../../arm-none-eabi/lib/thumb/v6-m/nofp/libg.a(libc_a-lock.o)
                0x10007d08                __retarget_lock_release_recursive
 .text.strlen   0x10007d0c       0x5c /Applications/ArmGNUToolchain/13.2.Rel1/arm-none-eabi/bin/../lib/gcc/arm-none-eabi/13.2.1/../../../../arm-none-eabi/lib/thumb/v6-m/nofp/libg.a(libc_a-strlen-stub.o)
                0x10007d0c                strlen
 .text._malloc_trim_r
                0x10007d68       0xb4 /Applications/ArmGNUToolchain/13.2.Rel1/arm-none-eabi/bin/../lib/gcc/arm-none-eabi/13.2.1/../../../../arm-none-eabi/lib/thumb/v6-m/nofp/libg.a(libc_a-freer.o)
                0x10007d68                _malloc_trim_r
 .text._free_r  0x10007e1c      0x1d4 /Applications/ArmGNUToolchain/13.2.Rel1/arm-none-eabi/bin/../lib/gcc/arm-none-eabi/13.2.1/../../../../arm-none-eabi/lib/thumb/v6-m/nofp/libg.a(libc_a-freer.o)
                0x10007e1c                _free_r
 .text.__svfscanf_r
                0x10007ff0     0x1884 /Applications/ArmGNUToolchain/13.2.Rel1/arm-none-eabi/bin/../lib/gcc/arm-none-eabi/13.2.1/../../../../arm-none-eabi/lib/thumb/v6-m/nofp/libg.a(libc_a-vfscanf.o)
                0x10007ff0                __svfscanf_r
 .text._vfscanf_r
                0x10009874       0x28 /Applications/ArmGNUToolchain/13.2.Rel1/arm-none-eabi/bin/../lib/gcc/arm-none-eabi/13.2.1/../../../../arm-none-eabi/lib/thumb/v6-m/nofp/libg.a(libc_a-vfscanf.o)
                0x10009874                _vfscanf_r
 .text.__sccl   0x1000989c       0x80 /Applications/ArmGNUToolchain/13.2.Rel1/arm-none-eabi/bin/../lib/gcc/arm-none-eabi/13.2.1/../../../../arm-none-eabi/lib/thumb/v6-m/nofp/libg.a(libc_a-sccl.o)
                0x1000989c                __sccl
 .text.sulp     0x1000991c       0x30 /Applications/ArmGNUToolchain/13.2.Rel1/arm-none-eabi/bin/../lib/gcc/arm-none-eabi/13.2.1/../../../../arm-none-eabi/lib/thumb/v6-m/nofp/libg.a(libc_a-strtod.o)
 .text._strtod_l
                0x1000994c      0xeb8 /Applications/ArmGNUToolchain/13.2.Rel1/arm-none-eabi/bin/../lib/gcc/arm-none-eabi/13.2.1/../../../../arm-none-eabi/lib/thumb/v6-m/nofp/libg.a(libc_a-strtod.o)
                0x1000994c                _strtod_l
 .text._strtod_r
                0x1000a804       0x10 /Applications/ArmGNUToolchain/13.2.Rel1/arm-none-eabi/bin/../lib/gcc/arm-none-eabi/13.2.1/../../../../arm-none-eabi/lib/thumb/v6-m/nofp/libg.a(libc_a-strtod.o)
                0x1000a804                _strtod_r
 .text._strtoul_l.isra.0
                0x1000a814      0x144 /Applications/ArmGNUToolchain/13.2.Rel1/arm-none-eabi/bin/../lib/gcc/arm-none-eabi/13.2.1/../../../../arm-none-eabi/lib/thumb/v6-m/nofp/libg.a(libc_a-strtoul.o)
 .text._strtoul_r
                0x1000a958        0x8 /Applications/ArmGNUToolchain/13.2.Rel1/arm-none-eabi/bin/../lib/gcc/arm-none-eabi/13.2.1/../../../../arm-none-eabi/lib/thumb/v6-m/nofp/libg.a(libc_a-strtoul.o)
                0x1000a958                _strtoul_r
 .text.stdio_exit_handler
                0x1000a960       0x1c /Applications/ArmGNUToolchain/13.2.Rel1/arm-none-eabi/bin/../lib/gcc/arm-none-eabi/13.2.1/../../../../arm-none-eabi/lib/thumb/v6-m/nofp/libg.a(libc_a-findfp.o)
 .text.cleanup_stdio
                0x1000a97c       0x3c /Applications/ArmGNUToolchain/13.2.Rel1/arm-none-eabi/bin/../lib/gcc/arm-none-eabi/13.2.1/../../../../arm-none-eabi/lib/thumb/v6-m/nofp/libg.a(libc_a-findfp.o)
 .text.global_stdio_init.part.0
                0x1000a9b8      0x118 /Applications/ArmGNUToolchain/13.2.Rel1/arm-none-eabi/bin/../lib/gcc/arm-none-eabi/13.2.1/../../../../arm-none-eabi/lib/thumb/v6-m/nofp/libg.a(libc_a-findfp.o)
 .text.__sinit  0x1000aad0       0x38 /Applications/ArmGNUToolchain/13.2.Rel1/arm-none-eabi/bin/../lib/gcc/arm-none-eabi/13.2.1/../../../../arm-none-eabi/lib/thumb/v6-m/nofp/libg.a(libc_a-findfp.o)
                0x1000aad0                __sinit
 .text.__sfp_lock_acquire
                0x1000ab08       0x10 /Applications/ArmGNUToolchain/13.2.Rel1/arm-none-eabi/bin/../lib/gcc/arm-none-eabi/13.2.1/../../../../arm-none-eabi/lib/thumb/v6-m/nofp/libg.a(libc_a-findfp.o)
                0x1000ab08                __sfp_lock_acquire
 .text.__sfp_lock_release
                0x1000ab18       0x10 /Applications/ArmGNUToolchain/13.2.Rel1/arm-none-eabi/bin/../lib/gcc/arm-none-eabi/13.2.1/../../../../arm-none-eabi/lib/thumb/v6-m/nofp/libg.a(libc_a-findfp.o)
                0x1000ab18                __sfp_lock_release
 .text.__submore
                0x1000ab28       0x84 /Applications/ArmGNUToolchain/13.2.Rel1/arm-none-eabi/bin/../lib/gcc/arm-none-eabi/13.2.1/../../../../arm-none-eabi/lib/thumb/v6-m/nofp/libg.a(libc_a-ungetc.o)
                0x1000ab28                __submore
 .text._ungetc_r
                0x1000abac      0x144 /Applications/ArmGNUToolchain/13.2.Rel1/arm-none-eabi/bin/../lib/gcc/arm-none-eabi/13.2.1/../../../../arm-none-eabi/lib/thumb/v6-m/nofp/libg.a(libc_a-ungetc.o)
                0x1000abac                _ungetc_r
 .text._fread_r
                0x1000acf0      0x1e8 /Applications/ArmGNUToolchain/13.2.Rel1/arm-none-eabi/bin/../lib/gcc/arm-none-eabi/13.2.1/../../../../arm-none-eabi/lib/thumb/v6-m/nofp/libg.a(libc_a-fread.o)
                0x1000acf0                _fread_r
 .text._fwalk_sglue
                0x1000aed8       0x44 /Applications/ArmGNUToolchain/13.2.Rel1/arm-none-eabi/bin/../lib/gcc/arm-none-eabi/13.2.1/../../../../arm-none-eabi/lib/thumb/v6-m/nofp/libg.a(libc_a-fwalk.o)
                0x1000aed8                _fwalk_sglue
 .text.strncmp  0x1000af1c       0x74 /Applications/ArmGNUToolchain/13.2.Rel1/arm-none-eabi/bin/../lib/gcc/arm-none-eabi/13.2.1/../../../../arm-none-eabi/lib/thumb/v6-m/nofp/libg.a(libc_a-strncmp.o)
                0x1000af1c                strncmp
 .text.stpncpy  0x1000af90       0x78 /Applications/ArmGNUToolchain/13.2.Rel1/arm-none-eabi/bin/../lib/gcc/arm-none-eabi/13.2.1/../../../../arm-none-eabi/lib/thumb/v6-m/nofp/libg.a(libc_a-stpncpy.o)
                0x1000af90                stpncpy
 .text.__locale_mb_cur_max
                0x1000b008       0x10 /Applications/ArmGNUToolchain/13.2.Rel1/arm-none-eabi/bin/../lib/gcc/arm-none-eabi/13.2.1/../../../../arm-none-eabi/lib/thumb/v6-m/nofp/libg.a(libc_a-locale.o)
                0x1000b008                __locale_mb_cur_max
 .text._localeconv_r
                0x1000b018        0x8 /Applications/ArmGNUToolchain/13.2.Rel1/arm-none-eabi/bin/../lib/gcc/arm-none-eabi/13.2.1/../../../../arm-none-eabi/lib/thumb/v6-m/nofp/libg.a(libc_a-localeconv.o)
                0x1000b018                _localeconv_r
 .text          0x1000b020       0x88 /Applications/ArmGNUToolchain/13.2.Rel1/arm-none-eabi/bin/../lib/gcc/arm-none-eabi/13.2.1/../../../../arm-none-eabi/lib/thumb/v6-m/nofp/libg.a(libc_a-strcmp.o)
                0x1000b020                strcmp
 .text._strtoll_l.isra.0
                0x1000b0a8      0x1a0 /Applications/ArmGNUToolchain/13.2.Rel1/arm-none-eabi/bin/../lib/gcc/arm-none-eabi/13.2.1/../../../../arm-none-eabi/lib/thumb/v6-m/nofp/libg.a(libc_a-strtoll.o)
 .text._strtoll_r
                0x1000b248        0x8 /Applications/ArmGNUToolchain/13.2.Rel1/arm-none-eabi/bin/../lib/gcc/arm-none-eabi/13.2.1/../../../../arm-none-eabi/lib/thumb/v6-m/nofp/libg.a(libc_a-strtoll.o)
                0x1000b248                _strtoll_r
 .text._strtoull_l.isra.0
                0x1000b250      0x1c4 /Applications/ArmGNUToolchain/13.2.Rel1/arm-none-eabi/bin/../lib/gcc/arm-none-eabi/13.2.1/../../../../arm-none-eabi/lib/thumb/v6-m/nofp/libg.a(libc_a-strtoull.o)
 .text._strtoull_r
                0x1000b414        0x8 /Applications/ArmGNUToolchain/13.2.Rel1/arm-none-eabi/bin/../lib/gcc/arm-none-eabi/13.2.1/../../../../arm-none-eabi/lib/thumb/v6-m/nofp/libg.a(libc_a-strtoull.o)
                0x1000b414                _strtoull_r
 .text._mbrtowc_r
                0x1000b41c       0x54 /Applications/ArmGNUToolchain/13.2.Rel1/arm-none-eabi/bin/../lib/gcc/arm-none-eabi/13.2.1/../../../../arm-none-eabi/lib/thumb/v6-m/nofp/libg.a(libc_a-mbrtowc.o)
                0x1000b41c                _mbrtowc_r
 .text.iswspace
                0x1000b470        0xc /Applications/ArmGNUToolchain/13.2.Rel1/arm-none-eabi/bin/../lib/gcc/arm-none-eabi/13.2.1/../../../../arm-none-eabi/lib/thumb/v6-m/nofp/libg.a(libc_a-iswspace.o)
                0x1000b470                iswspace
 .text.iswspace_l
                0x1000b47c       0x24 /Applications/ArmGNUToolchain/13.2.Rel1/arm-none-eabi/bin/../lib/gcc/arm-none-eabi/13.2.1/../../../../arm-none-eabi/lib/thumb/v6-m/nofp/libg.a(libc_a-iswspace_l.o)
                0x1000b47c                iswspace_l
 .text.nan      0x1000b4a0        0xc /Applications/ArmGNUToolchain/13.2.Rel1/arm-none-eabi/bin/../lib/gcc/arm-none-eabi/13.2.1/../../../../arm-none-eabi/lib/thumb/v6-m/nofp/libg.a(libm_a-s_nan.o)
                0x1000b4a0                nan
 .text.nanf     0x1000b4ac        0x8 /Applications/ArmGNUToolchain/13.2.Rel1/arm-none-eabi/bin/../lib/gcc/arm-none-eabi/13.2.1/../../../../arm-none-eabi/lib/thumb/v6-m/nofp/libg.a(libm_a-sf_nan.o)
                0x1000b4ac                nanf
 .text.__jp2uc  0x1000b4b4      0x154 /Applications/ArmGNUToolchain/13.2.Rel1/arm-none-eabi/bin/../lib/gcc/arm-none-eabi/13.2.1/../../../../arm-none-eabi/lib/thumb/v6-m/nofp/libg.a(libc_a-jp2uc.o)
 .text._jp2uc_l
                0x1000b608       0x68 /Applications/ArmGNUToolchain/13.2.Rel1/arm-none-eabi/bin/../lib/gcc/arm-none-eabi/13.2.1/../../../../arm-none-eabi/lib/thumb/v6-m/nofp/libg.a(libc_a-jp2uc.o)
                0x1000b608                _jp2uc_l
 .text.category
                0x1000b670       0x54 /Applications/ArmGNUToolchain/13.2.Rel1/arm-none-eabi/bin/../lib/gcc/arm-none-eabi/13.2.1/../../../../arm-none-eabi/lib/thumb/v6-m/nofp/libg.a(libc_a-categories.o)
                0x1000b670                category
 .text.rshift   0x1000b6c4       0xb0 /Applications/ArmGNUToolchain/13.2.Rel1/arm-none-eabi/bin/../lib/gcc/arm-none-eabi/13.2.1/../../../../arm-none-eabi/lib/thumb/v6-m/nofp/libg.a(libc_a-gdtoa-gethex.o)
 .text.__gethex
                0x1000b774      0x5a8 /Applications/ArmGNUToolchain/13.2.Rel1/arm-none-eabi/bin/../lib/gcc/arm-none-eabi/13.2.1/../../../../arm-none-eabi/lib/thumb/v6-m/nofp/libg.a(libc_a-gdtoa-gethex.o)
                0x1000b774                __gethex
 .text.__match  0x1000bd1c       0x2c /Applications/ArmGNUToolchain/13.2.Rel1/arm-none-eabi/bin/../lib/gcc/arm-none-eabi/13.2.1/../../../../arm-none-eabi/lib/thumb/v6-m/nofp/libg.a(libc_a-gdtoa-hexnan.o)
                0x1000bd1c                __match
 .text.__hexnan
                0x1000bd48      0x204 /Applications/ArmGNUToolchain/13.2.Rel1/arm-none-eabi/bin/../lib/gcc/arm-none-eabi/13.2.1/../../../../arm-none-eabi/lib/thumb/v6-m/nofp/libg.a(libc_a-gdtoa-hexnan.o)
                0x1000bd48                __hexnan
 .text.__ascii_mbtowc
                0x1000bf4c       0x2c /Applications/ArmGNUToolchain/13.2.Rel1/arm-none-eabi/bin/../lib/gcc/arm-none-eabi/13.2.1/../../../../arm-none-eabi/lib/thumb/v6-m/nofp/libg.a(libc_a-mbtowc_r.o)
                0x1000bf4c                __ascii_mbtowc
 .text._Balloc  0x1000bf78       0x50 /Applications/ArmGNUToolchain/13.2.Rel1/arm-none-eabi/bin/../lib/gcc/arm-none-eabi/13.2.1/../../../../arm-none-eabi/lib/thumb/v6-m/nofp/libg.a(libc_a-mprec.o)
                0x1000bf78                _Balloc
 .text._Bfree   0x1000bfc8       0x14 /Applications/ArmGNUToolchain/13.2.Rel1/arm-none-eabi/bin/../lib/gcc/arm-none-eabi/13.2.1/../../../../arm-none-eabi/lib/thumb/v6-m/nofp/libg.a(libc_a-mprec.o)
                0x1000bfc8                _Bfree
 .text.__multadd
                0x1000bfdc       0xa8 /Applications/ArmGNUToolchain/13.2.Rel1/arm-none-eabi/bin/../lib/gcc/arm-none-eabi/13.2.1/../../../../arm-none-eabi/lib/thumb/v6-m/nofp/libg.a(libc_a-mprec.o)
                0x1000bfdc                __multadd
 .text.__s2b    0x1000c084       0xb0 /Applications/ArmGNUToolchain/13.2.Rel1/arm-none-eabi/bin/../lib/gcc/arm-none-eabi/13.2.1/../../../../arm-none-eabi/lib/thumb/v6-m/nofp/libg.a(libc_a-mprec.o)
                0x1000c084                __s2b
 .text.__hi0bits
                0x1000c134       0x4c /Applications/ArmGNUToolchain/13.2.Rel1/arm-none-eabi/bin/../lib/gcc/arm-none-eabi/13.2.1/../../../../arm-none-eabi/lib/thumb/v6-m/nofp/libg.a(libc_a-mprec.o)
                0x1000c134                __hi0bits
 .text.__lo0bits
                0x1000c180       0x5c /Applications/ArmGNUToolchain/13.2.Rel1/arm-none-eabi/bin/../lib/gcc/arm-none-eabi/13.2.1/../../../../arm-none-eabi/lib/thumb/v6-m/nofp/libg.a(libc_a-mprec.o)
                0x1000c180                __lo0bits
 .text.__i2b    0x1000c1dc       0x60 /Applications/ArmGNUToolchain/13.2.Rel1/arm-none-eabi/bin/../lib/gcc/arm-none-eabi/13.2.1/../../../../arm-none-eabi/lib/thumb/v6-m/nofp/libg.a(libc_a-mprec.o)
                0x1000c1dc                __i2b
 .text.__multiply
                0x1000c23c      0x1ac /Applications/ArmGNUToolchain/13.2.Rel1/arm-none-eabi/bin/../lib/gcc/arm-none-eabi/13.2.1/../../../../arm-none-eabi/lib/thumb/v6-m/nofp/libg.a(libc_a-mprec.o)
                0x1000c23c                __multiply
 .text.__pow5mult
                0x1000c3e8       0xd0 /Applications/ArmGNUToolchain/13.2.Rel1/arm-none-eabi/bin/../lib/gcc/arm-none-eabi/13.2.1/../../../../arm-none-eabi/lib/thumb/v6-m/nofp/libg.a(libc_a-mprec.o)
                0x1000c3e8                __pow5mult
 .text.__lshift
                0x1000c4b8       0xfc /Applications/ArmGNUToolchain/13.2.Rel1/arm-none-eabi/bin/../lib/gcc/arm-none-eabi/13.2.1/../../../../arm-none-eabi/lib/thumb/v6-m/nofp/libg.a(libc_a-mprec.o)
                0x1000c4b8                __lshift
 .text.__mcmp   0x1000c5b4       0x3c /Applications/ArmGNUToolchain/13.2.Rel1/arm-none-eabi/bin/../lib/gcc/arm-none-eabi/13.2.1/../../../../arm-none-eabi/lib/thumb/v6-m/nofp/libg.a(libc_a-mprec.o)
                0x1000c5b4                __mcmp
 .text.__mdiff  0x1000c5f0      0x1b4 /Applications/ArmGNUToolchain/13.2.Rel1/arm-none-eabi/bin/../lib/gcc/arm-none-eabi/13.2.1/../../../../arm-none-eabi/lib/thumb/v6-m/nofp/libg.a(libc_a-mprec.o)
                0x1000c5f0                __mdiff
 .text.__ulp    0x1000c7a4       0x40 /Applications/ArmGNUToolchain/13.2.Rel1/arm-none-eabi/bin/../lib/gcc/arm-none-eabi/13.2.1/../../../../arm-none-eabi/lib/thumb/v6-m/nofp/libg.a(libc_a-mprec.o)
                0x1000c7a4                __ulp
 .text.__b2d    0x1000c7e4       0xb8 /Applications/ArmGNUToolchain/13.2.Rel1/arm-none-eabi/bin/../lib/gcc/arm-none-eabi/13.2.1/../../../../arm-none-eabi/lib/thumb/v6-m/nofp/libg.a(libc_a-mprec.o)
                0x1000c7e4                __b2d
 .text.__d2b    0x1000c89c       0xcc /Applications/ArmGNUToolchain/13.2.Rel1/arm-none-eabi/bin/../lib/gcc/arm-none-eabi/13.2.1/../../../../arm-none-eabi/lib/thumb/v6-m/nofp/libg.a(libc_a-mprec.o)
                0x1000c89c                __d2b
 .text.__ratio  0x1000c968       0x68 /Applications/ArmGNUToolchain/13.2.Rel1/arm-none-eabi/bin/../lib/gcc/arm-none-eabi/13.2.1/../../../../arm-none-eabi/lib/thumb/v6-m/nofp/libg.a(libc_a-mprec.o)
                0x1000c968                __ratio
 .text.__copybits
                0x1000c9d0       0x40 /Applications/ArmGNUToolchain/13.2.Rel1/arm-none-eabi/bin/../lib/gcc/arm-none-eabi/13.2.1/../../../../arm-none-eabi/lib/thumb/v6-m/nofp/libg.a(libc_a-mprec.o)
                0x1000c9d0                __copybits
 .text.__any_on
                0x1000ca10       0x4c /Applications/ArmGNUToolchain/13.2.Rel1/arm-none-eabi/bin/../lib/gcc/arm-none-eabi/13.2.1/../../../../arm-none-eabi/lib/thumb/v6-m/nofp/libg.a(libc_a-mprec.o)
                0x1000ca10                __any_on
 .text.lflush   0x1000ca5c       0x20 /Applications/ArmGNUToolchain/13.2.Rel1/arm-none-eabi/bin/../lib/gcc/arm-none-eabi/13.2.1/../../../../arm-none-eabi/lib/thumb/v6-m/nofp/libg.a(libc_a-refill.o)
 .text.__srefill_r
                0x1000ca7c      0x118 /Applications/ArmGNUToolchain/13.2.Rel1/arm-none-eabi/bin/../lib/gcc/arm-none-eabi/13.2.1/../../../../arm-none-eabi/lib/thumb/v6-m/nofp/libg.a(libc_a-refill.o)
                0x1000ca7c                __srefill_r
 .text._fclose_r
                0x1000cb94       0xd0 /Applications/ArmGNUToolchain/13.2.Rel1/arm-none-eabi/bin/../lib/gcc/arm-none-eabi/13.2.1/../../../../arm-none-eabi/lib/thumb/v6-m/nofp/libg.a(libc_a-fclose.o)
                0x1000cb94                _fclose_r
 .text.__sflush_r
                0x1000cc64      0x148 /Applications/ArmGNUToolchain/13.2.Rel1/arm-none-eabi/bin/../lib/gcc/arm-none-eabi/13.2.1/../../../../arm-none-eabi/lib/thumb/v6-m/nofp/libg.a(libc_a-fflush.o)
                0x1000cc64                __sflush_r
 .text._fflush_r
                0x1000cdac       0x68 /Applications/ArmGNUToolchain/13.2.Rel1/arm-none-eabi/bin/../lib/gcc/arm-none-eabi/13.2.1/../../../../arm-none-eabi/lib/thumb/v6-m/nofp/libg.a(libc_a-fflush.o)
                0x1000cdac                _fflush_r
 .text.__sread  0x1000ce14       0x28 /Applications/ArmGNUToolchain/13.2.Rel1/arm-none-eabi/bin/../lib/gcc/arm-none-eabi/13.2.1/../../../../arm-none-eabi/lib/thumb/v6-m/nofp/libg.a(libc_a-stdio.o)
                0x1000ce14                __sread
 .text.__swrite
                0x1000ce3c       0x40 /Applications/ArmGNUToolchain/13.2.Rel1/arm-none-eabi/bin/../lib/gcc/arm-none-eabi/13.2.1/../../../../arm-none-eabi/lib/thumb/v6-m/nofp/libg.a(libc_a-stdio.o)
                0x1000ce3c                __swrite
 .text.__sseek  0x1000ce7c       0x30 /Applications/ArmGNUToolchain/13.2.Rel1/arm-none-eabi/bin/../lib/gcc/arm-none-eabi/13.2.1/../../../../arm-none-eabi/lib/thumb/v6-m/nofp/libg.a(libc_a-stdio.o)
                0x1000ce7c                __sseek
 .text.__sclose
                0x1000ceac        0xc /Applications/ArmGNUToolchain/13.2.Rel1/arm-none-eabi/bin/../lib/gcc/arm-none-eabi/13.2.1/../../../../arm-none-eabi/lib/thumb/v6-m/nofp/libg.a(libc_a-stdio.o)
                0x1000ceac                __sclose
 .text.__ascii_wctomb
                0x1000ceb8       0x1c /Applications/ArmGNUToolchain/13.2.Rel1/arm-none-eabi/bin/../lib/gcc/arm-none-eabi/13.2.1/../../../../arm-none-eabi/lib/thumb/v6-m/nofp/libg.a(libc_a-wctomb_r.o)
                0x1000ceb8                __ascii_wctomb
 .text._close_r
                0x1000ced4       0x24 /Applications/ArmGNUToolchain/13.2.Rel1/arm-none-eabi/bin/../lib/gcc/arm-none-eabi/13.2.1/../../../../arm-none-eabi/lib/thumb/v6-m/nofp/libg.a(libc_a-closer.o)
                0x1000ced4                _close_r
 .text._lseek_r
                0x1000cef8       0x28 /Applications/ArmGNUToolchain/13.2.Rel1/arm-none-eabi/bin/../lib/gcc/arm-none-eabi/13.2.1/../../../../arm-none-eabi/lib/thumb/v6-m/nofp/libg.a(libc_a-lseekr.o)
                0x1000cef8                _lseek_r
 .text._read_r  0x1000cf20       0x28 /Applications/ArmGNUToolchain/13.2.Rel1/arm-none-eabi/bin/../lib/gcc/arm-none-eabi/13.2.1/../../../../arm-none-eabi/lib/thumb/v6-m/nofp/libg.a(libc_a-readr.o)
                0x1000cf20                _read_r
 .text._write_r
                0x1000cf48       0x28 /Applications/ArmGNUToolchain/13.2.Rel1/arm-none-eabi/bin/../lib/gcc/arm-none-eabi/13.2.1/../../../../arm-none-eabi/lib/thumb/v6-m/nofp/libg.a(libc_a-writer.o)
                0x1000cf48                _write_r
 .text.__smakebuf_r
                0x1000cf70       0xe0 /Applications/ArmGNUToolchain/13.2.Rel1/arm-none-eabi/bin/../lib/gcc/arm-none-eabi/13.2.1/../../../../arm-none-eabi/lib/thumb/v6-m/nofp/libg.a(libc_a-makebuf.o)
                0x1000cf70                __smakebuf_r
 .text._fstat_r
                0x1000d050       0x28 /Applications/ArmGNUToolchain/13.2.Rel1/arm-none-eabi/bin/../lib/gcc/arm-none-eabi/13.2.1/../../../../arm-none-eabi/lib/thumb/v6-m/nofp/libg.a(libc_a-fstatr.o)
                0x1000d050                _fstat_r
 .text._isatty_r
                0x1000d078       0x24 /Applications/ArmGNUToolchain/13.2.Rel1/arm-none-eabi/bin/../lib/gcc/arm-none-eabi/13.2.1/../../../../arm-none-eabi/lib/thumb/v6-m/nofp/libg.a(libc_a-isattyr.o)
                0x1000d078                _isatty_r
 *(.fini)
 .fini          0x1000d09c        0x4 /Applications/ArmGNUToolchain/13.2.Rel1/arm-none-eabi/bin/../lib/gcc/arm-none-eabi/13.2.1/thumb/v6-m/nofp/crti.o
                0x1000d09c                _fini
 .fini.__stub   0x1000d0a0       0xe0 linker stubs
 *crtbegin.o(.ctors)
 *crtbegin?.o(.ctors)
 *(EXCLUDE_FILE(*crtend.o *crtend?.o) .ctors)
 *(SORT_BY_NAME(.ctors.*))
 *(.ctors)
 *crtbegin.o(.dtors)
 *crtbegin?.o(.dtors)
 *(EXCLUDE_FILE(*crtend.o *crtend?.o) .dtors)
 *(SORT_BY_NAME(.dtors.*))
 *(.dtors)
 *(.eh_frame*)
 .eh_frame      0x1000d180        0x0 /Applications/ArmGNUToolchain/13.2.Rel1/arm-none-eabi/bin/../lib/gcc/arm-none-eabi/13.2.1/thumb/v6-m/nofp/crtbegin.o
                0x1000d180                        . = ALIGN (0x4)

.glue_7         0x1000d180        0x0
 .glue_7        0x1000d180        0x0 linker stubs

.glue_7t        0x1000d180        0x0
 .glue_7t       0x1000d180        0x0 linker stubs

.vfp11_veneer   0x1000d180        0x0
 .vfp11_veneer  0x1000d180        0x0 linker stubs

.v4_bx          0x1000d180        0x0
 .v4_bx         0x1000d180        0x0 linker stubs

.iplt           0x1000d180        0x0
 .iplt          0x1000d180        0x0 /Applications/ArmGNUToolchain/13.2.Rel1/arm-none-eabi/bin/../lib/gcc/arm-none-eabi/13.2.1/thumb/v6-m/nofp/crtbegin.o

.rodata         0x1000d180     0x8ac0
 *(EXCLUDE_FILE(*libm.a: *libc.a:*lib_a-mem*.o *libgcc.a:) .rodata*)
 .rodata.main.str1.4
                0x1000d180     0x1112 CMakeFiles/HW3.dir/combined.c.obj
                                 0xd5 (size before relaxing)
 .rodata.spin_lock_claim_unused.str1.4
                0x1000e292       0x1b CMakeFiles/HW3.dir/Users/grace/Desktop/Pico/pico-sdk/src/rp2_common/hardware_sync/sync.c.obj
 .rodata.resolve_branch.str1.4
                0x1000e292       0x5d CMakeFiles/HW3.dir/Users/grace/Desktop/Pico/pico-sdk/src/rp2_common/hardware_irq/irq.c.obj
 .rodata.make_branch.str1.4
                0x1000e292       0x30 CMakeFiles/HW3.dir/Users/grace/Desktop/Pico/pico-sdk/src/rp2_common/hardware_irq/irq.c.obj
 .rodata.insert_branch_and_link.str1.4
                0x1000e292       0x10 CMakeFiles/HW3.dir/Users/grace/Desktop/Pico/pico-sdk/src/rp2_common/hardware_irq/irq.c.obj
 .rodata.irq_set_exclusive_handler.str1.4