Archive member included to satisfy reference by file (symbol)

/Applications/ArmGNUToolchain/13.2.Rel1/arm-none-eabi/bin/../lib/gcc/arm-none-eabi/13.2.1/thumb/v6-m/nofp/libgcc.a(_dvmd_tls.o)
                              CMakeFiles/HW6.dir/Users/grace/Desktop/Pico/pico-sdk/src/rp2_common/pico_divider/divider.S.obj (__aeabi_idiv0)
/Applications/ArmGNUToolchain/13.2.Rel1/arm-none-eabi/bin/../lib/gcc/arm-none-eabi/13.2.1/../../../../arm-none-eabi/lib/thumb/v6-m/nofp/libg.a(libc_a-calloc.o)
                              CMakeFiles/HW6.dir/Users/grace/Desktop/Pico/pico-sdk/src/rp2_common/pico_malloc/pico_malloc.c.obj (calloc)
/Applications/ArmGNUToolchain/13.2.Rel1/arm-none-eabi/bin/../lib/gcc/arm-none-eabi/13.2.1/../../../../arm-none-eabi/lib/thumb/v6-m/nofp/libg.a(libc_a-callocr.o)
                              /Applications/ArmGNUToolchain/13.2.Rel1/arm-none-eabi/bin/../lib/gcc/arm-none-eabi/13.2.1/../../../../arm-none-eabi/lib/thumb/v6-m/nofp/libg.a(libc_a-calloc.o) (_calloc_r)
/Applications/ArmGNUToolchain/13.2.Rel1/arm-none-eabi/bin/../lib/gcc/arm-none-eabi/13.2.1/../../../../arm-none-eabi/lib/thumb/v6-m/nofp/libg.a(libc_a-malloc.o)
                              CMakeFiles/HW6.dir/Users/grace/Desktop/Pico/pico-sdk/src/rp2_common/pico_malloc/pico_malloc.c.obj (malloc)
/Applications/ArmGNUToolchain/13.2.Rel1/arm-none-eabi/bin/../lib/gcc/arm-none-eabi/13.2.1/../../../../arm-none-eabi/lib/thumb/v6-m/nofp/libg.a(libc_a-mallocr.o)
                              /Applications/ArmGNUToolchain/13.2.Rel1/arm-none-eabi/bin/../lib/gcc/arm-none-eabi/13.2.1/../../../../arm-none-eabi/lib/thumb/v6-m/nofp/libg.a(libc_a-callocr.o) (_malloc_r)
/Applications/ArmGNUToolchain/13.2.Rel1/arm-none-eabi/bin/../lib/gcc/arm-none-eabi/13.2.1/../../../../arm-none-eabi/lib/thumb/v6-m/nofp/libg.a(libc_a-mlock.o)
                              /Applications/ArmGNUToolchain/13.2.Rel1/arm-none-eabi/bin/../lib/gcc/arm-none-eabi/13.2.1/../../../../arm-none-eabi/lib/thumb/v6-m/nofp/libg.a(libc_a-mallocr.o) (__malloc_lock)
/Applications/ArmGNUToolchain/13.2.Rel1/arm-none-eabi/bin/../lib/gcc/arm-none-eabi/13.2.1/../../../../arm-none-eabi/lib/thumb/v6-m/nofp/libg.a(libc_a-realloc.o)
                              CMakeFiles/HW6.dir/Users/grace/Desktop/Pico/pico-sdk/src/rp2_common/pico_malloc/pico_malloc.c.obj (realloc)
/Applications/ArmGNUToolchain/13.2.Rel1/arm-none-eabi/bin/../lib/gcc/arm-none-eabi/13.2.1/../../../../arm-none-eabi/lib/thumb/v6-m/nofp/libg.a(libc_a-reallocr.o)
                              /Applications/ArmGNUToolchain/13.2.Rel1/arm-none-eabi/bin/../lib/gcc/arm-none-eabi/13.2.1/../../../../arm-none-eabi/lib/thumb/v6-m/nofp/libg.a(libc_a-realloc.o) (_realloc_r)
/Applications/ArmGNUToolchain/13.2.Rel1/arm-none-eabi/bin/../lib/gcc/arm-none-eabi/13.2.1/../../../../arm-none-eabi/lib/thumb/v6-m/nofp/libg.a(libc_a-memmove.o)
                              /Applications/ArmGNUToolchain/13.2.Rel1/arm-none-eabi/bin/../lib/gcc/arm-none-eabi/13.2.1/../../../../arm-none-eabi/lib/thumb/v6-m/nofp/libg.a(libc_a-reallocr.o) (memmove)
/Applications/ArmGNUToolchain/13.2.Rel1/arm-none-eabi/bin/../lib/gcc/arm-none-eabi/13.2.1/../../../../arm-none-eabi/lib/thumb/v6-m/nofp/libg.a(libc_a-impure.o)
                              /Applications/ArmGNUToolchain/13.2.Rel1/arm-none-eabi/bin/../lib/gcc/arm-none-eabi/13.2.1/../../../../arm-none-eabi/lib/thumb/v6-m/nofp/libg.a(libc_a-calloc.o) (_impure_ptr)
/Applications/ArmGNUToolchain/13.2.Rel1/arm-none-eabi/bin/../lib/gcc/arm-none-eabi/13.2.1/../../../../arm-none-eabi/lib/thumb/v6-m/nofp/libg.a(libc_a-sbrkr.o)
                              /Applications/ArmGNUToolchain/13.2.Rel1/arm-none-eabi/bin/../lib/gcc/arm-none-eabi/13.2.1/../../../../arm-none-eabi/lib/thumb/v6-m/nofp/libg.a(libc_a-mallocr.o) (_sbrk_r)
/Applications/ArmGNUToolchain/13.2.Rel1/arm-none-eabi/bin/../lib/gcc/arm-none-eabi/13.2.1/../../../../arm-none-eabi/lib/thumb/v6-m/nofp/libg.a(libc_a-errno.o)
                              /Applications/ArmGNUToolchain/13.2.Rel1/arm-none-eabi/bin/../lib/gcc/arm-none-eabi/13.2.1/../../../../arm-none-eabi/lib/thumb/v6-m/nofp/libg.a(libc_a-callocr.o) (__errno)
/Applications/ArmGNUToolchain/13.2.Rel1/arm-none-eabi/bin/../lib/gcc/arm-none-eabi/13.2.1/../../../../arm-none-eabi/lib/thumb/v6-m/nofp/libg.a(libc_a-sysconf.o)
                              /Applications/ArmGNUToolchain/13.2.Rel1/arm-none-eabi/bin/../lib/gcc/arm-none-eabi/13.2.1/../../../../arm-none-eabi/lib/thumb/v6-m/nofp/libg.a(libc_a-mallocr.o) (sysconf)
/Applications/ArmGNUToolchain/13.2.Rel1/arm-none-eabi/bin/../lib/gcc/arm-none-eabi/13.2.1/../../../../arm-none-eabi/lib/thumb/v6-m/nofp/libg.a(libc_a-init.o)
                              /Applications/ArmGNUToolchain/13.2.Rel1/arm-none-eabi/bin/../lib/gcc/arm-none-eabi/13.2.1/../../../../arm-none-eabi/lib/thumb/v6-m/nofp/crt0.o (__libc_init_array)
[...]
Memory Configuration

Name             Origin             Length             Attributes
FLASH            0x10000000         0x00200000         xr
RAM              0x20000000         0x00040000         xrw
SCRATCH_X        0x20040000         0x00001000         xrw
SCRATCH_Y        0x20041000         0x00001000         xrw
*default*        0x00000000         0xffffffff

Linker script and memory map

LOAD /Applications/ArmGNUToolchain/13.2.Rel1/arm-none-eabi/bin/../lib/gcc/arm-none-eabi/13.2.1/thumb/v6-m/nofp/crti.o
LOAD /Applications/ArmGNUToolchain/13.2.Rel1/arm-none-eabi/bin/../lib/gcc/arm-none-eabi/13.2.1/thumb/v6-m/nofp/crtbegin.o
LOAD /Applications/ArmGNUToolchain/13.2.Rel1/arm-none-eabi/bin/../lib/gcc/arm-none-eabi/13.2.1/../../../../arm-none-eabi/lib/thumb/v6-m/nofp/crt0.o

.flash_begin    0x10000000        0x0
                0x10000000                        __flash_binary_start = .

.boot2          0x10000000      0x100
                0x10000000                        __boot2_start__ = .
 *(.boot2)
 .boot2         0x10000000      0x100 /var/folders/5s/lc8x57150kg5rb79bhp9_fd00000gn/T//ccRsaEAD.o
                0x10000100                        __boot2_end__ = .
                0x00000001                        ASSERT (((__boot2_end__ - __boot2_start__) == 0x100), ERROR: Pico second stage bootloader must be 256 bytes in size)

.text           0x10000100     0x72b0
                0x10000100                        __logical_binary_start = .
 *(.vectors)
 .vectors       0x10000100       0xd4 CMakeFiles/HW6.dir/Users/grace/Desktop/Pico/pico-sdk/src/rp2_common/pico_standard_link/crt0.S.obj
                0x10000100                __VECTOR_TABLE
                0x10000100                __vectors
                0x100001c0                __default_isrs_start
                0x100001c0                isr_invalid
                0x100001c2                isr_nmi
                0x100001c4                isr_hardfault
                0x100001c6                isr_svcall
                0x100001c8                isr_pendsv
                0x100001ca                isr_systick
                0x100001cc                isr_irq28
                0x100001cc                isr_irq19
                0x100001cc                isr_irq0
                0x100001cc                isr_irq6
                0x100001cc                isr_irq22
                0x100001cc                isr_irq17
                0x100001cc                isr_irq14
                0x100001cc                isr_irq2
                0x100001cc                isr_irq10
                0x100001cc                isr_irq8
                0x100001cc                isr_irq24
                0x100001cc                isr_irq1
                0x100001cc                isr_irq7
                0x100001cc                isr_irq21
                0x100001cc                isr_irq20
                0x100001cc                isr_irq15
                0x100001cc                isr_irq25
                0x100001cc                isr_irq4
                0x100001cc                isr_irq16
                0x100001cc                isr_irq29
                0x100001cc                isr_irq26
                0x100001cc                __default_isrs_end
                0x100001cc                isr_irq3
                0x100001cc                isr_irq9
                0x100001cc                __unhandled_user_irq
                0x100001cc                isr_irq13
                0x100001cc                isr_irq27
                0x100001cc                isr_irq31
                0x100001cc                isr_irq5
                0x100001cc                isr_irq11
                0x100001cc                isr_irq23
                0x100001cc                isr_irq18
                0x100001cc                isr_irq30
                0x100001cc                isr_irq12
                0x100001d2                unhandled_user_irq_num_in_r0
 *(.binary_info_header)
 .binary_info_header
                0x100001d4       0x14 CMakeFiles/HW6.dir/Users/grace/Desktop/Pico/pico-sdk/src/rp2_common/pico_standard_link/crt0.S.obj
                0x100001e8                        __binary_info_header_end = .
 *(.reset)
 .reset         0x100001e8       0xa0 CMakeFiles/HW6.dir/Users/grace/Desktop/Pico/pico-sdk/src/rp2_common/pico_standard_link/crt0.S.obj
                0x100001e8                _entry_point
 .reset         0x10000288       0x30 CMakeFiles/HW6.dir/Users/grace/Desktop/Pico/pico-sdk/src/rp2_common/pico_standard_link/binary_info.c.obj
 *(.init)
 .init          0x100002b8        0x4 /Applications/ArmGNUToolchain/13.2.Rel1/arm-none-eabi/bin/../lib/gcc/arm-none-eabi/13.2.1/thumb/v6-m/nofp/crti.o
                0x100002b8                _init
 *(EXCLUDE_FILE(*libm.a: *libc.a:*lib_a-mem*.o *libgcc.a:) .text*)
 .text.register_tm_clones
                0x100002bc       0x28 /Applications/ArmGNUToolchain/13.2.Rel1/arm-none-eabi/bin/../lib/gcc/arm-none-eabi/13.2.1/thumb/v6-m/nofp/crtbegin.o
 .text.frame_dummy
                0x100002e4       0x24 /Applications/ArmGNUToolchain/13.2.Rel1/arm-none-eabi/bin/../lib/gcc/arm-none-eabi/13.2.1/thumb/v6-m/nofp/crtbegin.o
 .text.adc_gpio_init
                0x10000308       0x1e CMakeFiles/HW6.dir/I2COLED.c.obj
 *fill*         0x10000326        0x2 
 .text.update_us_since_boot
                0x10000328       0x24 CMakeFiles/HW6.dir/I2COLED.c.obj
 .text.get_absolute_time
                0x1000034c       0x22 CMakeFiles/HW6.dir/I2COLED.c.obj
 *fill*         0x1000036e        0x2 
 .text.drawChar
                0x10000370       0x68 CMakeFiles/HW6.dir/I2COLED.c.obj
                0x10000370                drawChar
 .text.drawMessage
                0x100003d8       0x24 CMakeFiles/HW6.dir/I2COLED.c.obj
                0x100003d8                drawMessage
 .text.main     0x100003fc       0xf8 CMakeFiles/HW6.dir/I2COLED.c.obj
                0x100003fc                main
 .text.ssd1306_command
                0x100004f4       0x28 CMakeFiles/HW6.dir/ssd1306.c.obj
                0x100004f4                ssd1306_command
 .text.ssd1306_update
                0x1000051c       0x50 CMakeFiles/HW6.dir/ssd1306.c.obj
                0x1000051c                ssd1306_update
 .text.ssd1306_drawPixel
                0x1000056c       0x4c CMakeFiles/HW6.dir/ssd1306.c.obj
                0x1000056c                ssd1306_drawPixel
 .text.ssd1306_clear
                0x100005b8       0x1c CMakeFiles/HW6.dir/ssd1306.c.obj
                0x100005b8                ssd1306_clear
 .text.ssd1306_setup
                0x100005d4       0xa8 CMakeFiles/HW6.dir/ssd1306.c.obj
                0x100005d4                ssd1306_setup
 .text.gpio_set_function
                0x1000067c       0x30 CMakeFiles/HW6.dir/Users/grace/Desktop/Pico/pico-sdk/src/rp2_common/hardware_gpio/gpio.c.obj
                0x1000067c                gpio_set_function
 .text.gpio_set_pulls
                0x100006ac       0x34 CMakeFiles/HW6.dir/Users/grace/Desktop/Pico/pico-sdk/src/rp2_common/hardware_gpio/gpio.c.obj
                0x100006ac                gpio_set_pulls
 .text.gpio_set_input_enabled
                0x100006e0       0x30 CMakeFiles/HW6.dir/Users/grace/Desktop/Pico/pico-sdk/src/rp2_common/hardware_gpio/gpio.c.obj
                0x100006e0                gpio_set_input_enabled
 .text.gpio_init
                0x10000710       0x16 CMakeFiles/HW6.dir/Users/grace/Desktop/Pico/pico-sdk/src/rp2_common/hardware_gpio/gpio.c.obj
                0x10000710                gpio_init
 *fill*         0x10000726        0x2 
 .text.running_on_fpga
                0x10000728       0x14 CMakeFiles/HW6.dir/Users/grace/Desktop/Pico/pico-sdk/src/rp2_common/pico_platform/platform.c.obj
                0x10000728                running_on_fpga
 .text.hw_claim_lock
                0x1000073c       0x18 CMakeFiles/HW6.dir/Users/grace/Desktop/Pico/pico-sdk/src/rp2_common/hardware_claim/claim.c.obj
                0x1000073c                hw_claim_lock
 .text.hw_claim_unlock
                0x10000754       0x14 CMakeFiles/HW6.dir/Users/grace/Desktop/Pico/pico-sdk/src/rp2_common/hardware_claim/claim.c.obj
                0x10000754                hw_claim_unlock
 .text.hw_claim_or_assert
                0x10000768       0x32 CMakeFiles/HW6.dir/Users/grace/Desktop/Pico/pico-sdk/src/rp2_common/hardware_claim/claim.c.obj
                0x10000768                hw_claim_or_assert
 .text.hw_claim_unused_from_range
                0x1000079a       0x50 CMakeFiles/HW6.dir/Users/grace/Desktop/Pico/pico-sdk/src/rp2_common/hardware_claim/claim.c.obj
                0x1000079a                hw_claim_unused_from_range
 *fill*         0x100007ea        0x2 
 .text.spin_locks_reset
                0x100007ec       0x20 CMakeFiles/HW6.dir/Users/grace/Desktop/Pico/pico-sdk/src/rp2_common/hardware_sync/sync.c.obj
                0x100007ec                spin_locks_reset
 .text.next_striped_spin_lock_num
                0x1000080c       0x1c CMakeFiles/HW6.dir/Users/grace/Desktop/Pico/pico-sdk/src/rp2_common/hardware_sync/sync.c.obj
                0x1000080c                next_striped_spin_lock_num
 .text.spin_lock_claim_unused
                0x10000828       0x24 CMakeFiles/HW6.dir/Users/grace/Desktop/Pico/pico-sdk/src/rp2_common/hardware_sync/sync.c.obj
                0x10000828                spin_lock_claim_unused
 .text.set_raw_irq_handler_and_unlock
                0x1000084c       0x28 CMakeFiles/HW6.dir/Users/grace/Desktop/Pico/pico-sdk/src/rp2_common/hardware_irq/irq.c.obj
 .text.resolve_branch
                0x10000874       0x30 CMakeFiles/HW6.dir/Users/grace/Desktop/Pico/pico-sdk/src/rp2_common/hardware_irq/irq.c.obj
 .text.make_branch
                0x100008a4       0x48 CMakeFiles/HW6.dir/Users/grace/Desktop/Pico/pico-sdk/src/rp2_common/hardware_irq/irq.c.obj
 .text.insert_branch_and_link
                0x100008ec       0x40 CMakeFiles/HW6.dir/Users/grace/Desktop/Pico/pico-sdk/src/rp2_common/hardware_irq/irq.c.obj
 .text.irq_is_enabled
                0x1000092c       0x18 CMakeFiles/HW6.dir/Users/grace/Desktop/Pico/pico-sdk/src/rp2_common/hardware_irq/irq.c.obj
                0x1000092c                irq_is_enabled
 .text.irq_set_mask_enabled
                0x10000944       0x20 CMakeFiles/HW6.dir/Users/grace/Desktop/Pico/pico-sdk/src/rp2_common/hardware_irq/irq.c.obj
                0x10000944                irq_set_mask_enabled
 .text.irq_set_enabled
                0x10000964        0xe CMakeFiles/HW6.dir/Users/grace/Desktop/Pico/pico-sdk/src/rp2_common/hardware_irq/irq.c.obj
                0x10000964                irq_set_enabled
 *fill*         0x10000972        0x2 
 .text.irq_set_pending
                0x10000974       0x10 CMakeFiles/HW6.dir/Users/grace/Desktop/Pico/pico-sdk/src/rp2_common/hardware_irq/irq.c.obj
                0x10000974                irq_set_pending
 .text.irq_get_vtable_handler
                0x10000984       0x10 CMakeFiles/HW6.dir/Users/grace/Desktop/Pico/pico-sdk/src/rp2_common/hardware_irq/irq.c.obj
                0x10000984                irq_get_vtable_handler
 .text.irq_has_shared_handler
                0x10000994       0x24 CMakeFiles/HW6.dir/Users/grace/Desktop/Pico/pico-sdk/src/rp2_common/hardware_irq/irq.c.obj
                0x10000994                irq_has_shared_handler
 .text.irq_set_exclusive_handler
                0x100009b8       0x54 CMakeFiles/HW6.dir/Users/grace/Desktop/Pico/pico-sdk/src/rp2_common/hardware_irq/irq.c.obj
                0x100009b8                irq_set_exclusive_handler
 .text.irq_add_shared_handler
                0x10000a0c      0x210 CMakeFiles/HW6.dir/Users/grace/Desktop/Pico/pico-sdk/src/rp2_common/hardware_irq/irq.c.obj
                0x10000a0c                irq_add_shared_handler
 .text.irq_remove_handler
                0x10000c1c      0x188 CMakeFiles/HW6.dir/Users/grace/Desktop/Pico/pico-sdk/src/rp2_common/hardware_irq/irq.c.obj
                0x10000c1c                irq_remove_handler
 .text.irq_add_tail_to_free_list
                0x10000da4       0xf0 CMakeFiles/HW6.dir/Users/grace/Desktop/Pico/pico-sdk/src/rp2_common/hardware_irq/irq.c.obj
                0x10000da4                irq_add_tail_to_free_list
 .text.irq_init_priorities
                0x10000e94       0x1c CMakeFiles/HW6.dir/Users/grace/Desktop/Pico/pico-sdk/src/rp2_common/hardware_irq/irq.c.obj
                0x10000e94                irq_init_priorities
 .text.user_irq_claim_unused
                0x10000eb0       0x2c CMakeFiles/HW6.dir/Users/grace/Desktop/Pico/pico-sdk/src/rp2_common/hardware_irq/irq.c.obj
                0x10000eb0                user_irq_claim_unused
 .text.lock_init
                0x10000edc       0x10 CMakeFiles/HW6.dir/Users/grace/Desktop/Pico/pico-sdk/src/common/pico_sync/lock_core.c.obj
                0x10000edc                lock_init
 .text.update_us_since_boot
                0x10000eec       0x24 CMakeFiles/HW6.dir/Users/grace/Desktop/Pico/pico-sdk/src/common/pico_sync/mutex.c.obj
 .text.delayed_by_ms
                0x10000f10       0x44 CMakeFiles/HW6.dir/Users/grace/Desktop/Pico/pico-sdk/src/common/pico_sync/mutex.c.obj
 .text.get_absolute_time
                0x10000f54       0x22 CMakeFiles/HW6.dir/Users/grace/Desktop/Pico/pico-sdk/src/common/pico_sync/mutex.c.obj
 .text.make_timeout_time_ms
                0x10000f76       0x20 CMakeFiles/HW6.dir/Users/grace/Desktop/Pico/pico-sdk/src/common/pico_sync/mutex.c.obj
 .text.mutex_init
                0x10000f96       0x1a CMakeFiles/HW6.dir/Users/grace/Desktop/Pico/pico-sdk/src/common/pico_sync/mutex.c.obj
                0x10000f96                mutex_init
 .text.recursive_mutex_init
                0x10000fb0       0x1e CMakeFiles/HW6.dir/Users/grace/Desktop/Pico/pico-sdk/src/common/pico_sync/mutex.c.obj
                0x10000fb0                recursive_mutex_init
 *fill*         0x10000fce        0x2 
 .text.critical_section_init_with_lock_num
                0x10000fd0       0x14 CMakeFiles/HW6.dir/Users/grace/Desktop/Pico/pico-sdk/src/common/pico_sync/critical_section.c.obj
                0x10000fd0                critical_section_init_with_lock_num
 .text.critical_section_init
                0x10000fe4       0x14 CMakeFiles/HW6.dir/Users/grace/Desktop/Pico/pico-sdk/src/common/pico_sync/critical_section.c.obj
                0x10000fe4                critical_section_init
 .text.time_reached
                0x10000ff8       0x28 CMakeFiles/HW6.dir/Users/grace/Desktop/Pico/pico-sdk/src/common/pico_time/time.c.obj
 .text.get_entry
                0x10001020       0x38 CMakeFiles/HW6.dir/Users/grace/Desktop/Pico/pico-sdk/src/common/pico_time/time.c.obj
 .text.timer_pool_entry_comparator
                0x10001058       0x2e CMakeFiles/HW6.dir/Users/grace/Desktop/Pico/pico-sdk/src/common/pico_time/time.c.obj
                0x10001058                timer_pool_entry_comparator
 *fill*         0x10001086        0x2 
 .text.update_us_since_boot
                0x10001088       0x24 CMakeFiles/HW6.dir/Users/grace/Desktop/Pico/pico-sdk/src/common/pico_time/time.c.obj
 .text.delayed_by_us
                0x100010ac       0x34 CMakeFiles/HW6.dir/Users/grace/Desktop/Pico/pico-sdk/src/common/pico_time/time.c.obj
 .text.ph_get_node
                0x100010e0       0x30 CMakeFiles/HW6.dir/Users/grace/Desktop/Pico/pico-sdk/src/common/pico_time/time.c.obj
 .text.ph_contains_node
                0x10001110       0x1e CMakeFiles/HW6.dir/Users/grace/Desktop/Pico/pico-sdk/src/common/pico_time/time.c.obj
 .text.ph_new_node
                0x1000112e       0x28 CMakeFiles/HW6.dir/Users/grace/Desktop/Pico/pico-sdk/src/common/pico_time/time.c.obj
 *fill*         0x10001156        0x2 
 .text.ph_add_child_node
                0x10001158       0x6c CMakeFiles/HW6.dir/Users/grace/Desktop/Pico/pico-sdk/src/common/pico_time/time.c.obj
 .text.ph_merge_nodes
                0x100011c4       0x3e CMakeFiles/HW6.dir/Users/grace/Desktop/Pico/pico-sdk/src/common/pico_time/time.c.obj
 *fill*         0x10001202        0x2 
 .text.ph_insert_node
                0x10001204       0x3c CMakeFiles/HW6.dir/Users/grace/Desktop/Pico/pico-sdk/src/common/pico_time/time.c.obj
 .text.ph_free_node
                0x10001240       0x5c CMakeFiles/HW6.dir/Users/grace/Desktop/Pico/pico-sdk/src/common/pico_time/time.c.obj
 .text.get_entry_id_high
                0x1000129c       0x30 CMakeFiles/HW6.dir/Users/grace/Desktop/Pico/pico-sdk/src/common/pico_time/time.c.obj
 .text.alarm_pool_post_alloc_init
                0x100012cc       0x40 CMakeFiles/HW6.dir/Users/grace/Desktop/Pico/pico-sdk/src/common/pico_time/time.c.obj
 .text.sleep_until_callback
                0x1000130c       0x30 CMakeFiles/HW6.dir/Users/grace/Desktop/Pico/pico-sdk/src/common/pico_time/time.c.obj
 .text.get_absolute_time
                0x1000133c       0x22 CMakeFiles/HW6.dir/Users/grace/Desktop/Pico/pico-sdk/src/common/pico_time/time.c.obj
 .text.make_timeout_time_us
                0x1000135e       0x24 CMakeFiles/HW6.dir/Users/grace/Desktop/Pico/pico-sdk/src/common/pico_time/time.c.obj
 *fill*         0x10001382        0x2 
 .text.add_alarm_under_lock
                0x10001384       0x94 CMakeFiles/HW6.dir/Users/grace/Desktop/Pico/pico-sdk/src/common/pico_time/time.c.obj
 .text.alarm_pool_alarm_callback
                0x10001418      0x210 CMakeFiles/HW6.dir/Users/grace/Desktop/Pico/pico-sdk/src/common/pico_time/time.c.obj
 .text.alarm_pool_init_default
                0x10001628       0x40 CMakeFiles/HW6.dir/Users/grace/Desktop/Pico/pico-sdk/src/common/pico_time/time.c.obj
                0x10001628                alarm_pool_init_default
 .text.alarm_pool_get_default
                0x10001668       0x2c CMakeFiles/HW6.dir/Users/grace/Desktop/Pico/pico-sdk/src/common/pico_time/time.c.obj
                0x10001668                alarm_pool_get_default
 .text.alarm_pool_add_alarm_at
                0x10001694      0x10e CMakeFiles/HW6.dir/Users/grace/Desktop/Pico/pico-sdk/src/common/pico_time/time.c.obj
                0x10001694                alarm_pool_add_alarm_at
 .text.add_alarm_at
                0x100017a2       0x2e CMakeFiles/HW6.dir/Users/grace/Desktop/Pico/pico-sdk/src/common/pico_time/time.c.obj
 .text.alarm_pool_cancel_alarm
                0x100017d0       0xa8 CMakeFiles/HW6.dir/Users/grace/Desktop/Pico/pico-sdk/src/common/pico_time/time.c.obj
                0x100017d0                alarm_pool_cancel_alarm
 .text.cancel_alarm
                0x10001878       0x10 CMakeFiles/HW6.dir/Users/grace/Desktop/Pico/pico-sdk/src/common/pico_time/time.c.obj
 .text.alarm_pool_core_num
                0x10001888        0x4 CMakeFiles/HW6.dir/Users/grace/Desktop/Pico/pico-sdk/src/common/pico_time/time.c.obj
                0x10001888                alarm_pool_core_num
 .text.sleep_until
                0x1000188c       0xb0 CMakeFiles/HW6.dir/Users/grace/Desktop/Pico/pico-sdk/src/common/pico_time/time.c.obj
                0x1000188c                sleep_until
 .text.sleep_us
                0x1000193c       0x1a CMakeFiles/HW6.dir/Users/grace/Desktop/Pico/pico-sdk/src/common/pico_time/time.c.obj
                0x1000193c                sleep_us
 .text.sleep_ms
                0x10001956       0x14 CMakeFiles/HW6.dir/Users/grace/Desktop/Pico/pico-sdk/src/common/pico_time/time.c.obj
                0x10001956                sleep_ms
 *fill*         0x1000196a        0x2 
 .text.best_effort_wfe_or_timeout
                0x1000196c       0x44 CMakeFiles/HW6.dir/Users/grace/Desktop/Pico/pico-sdk/src/common/pico_time/time.c.obj
                0x1000196c                best_effort_wfe_or_timeout
 .text.hardware_alarm_irq_handler
                0x100019b0       0x8c CMakeFiles/HW6.dir/Users/grace/Desktop/Pico/pico-sdk/src/rp2_common/hardware_timer/timer.c.obj
 .text.hardware_alarm_claim
                0x10001a3c       0x18 CMakeFiles/HW6.dir/Users/grace/Desktop/Pico/pico-sdk/src/rp2_common/hardware_timer/timer.c.obj
                0x10001a3c                hardware_alarm_claim
 .text.time_us_64
                0x10001a54       0x18 CMakeFiles/HW6.dir/Users/grace/Desktop/Pico/pico-sdk/src/rp2_common/hardware_timer/timer.c.obj
                0x10001a54                time_us_64
 .text.busy_wait_until
                0x10001a6c       0x28 CMakeFiles/HW6.dir/Users/grace/Desktop/Pico/pico-sdk/src/rp2_common/hardware_timer/timer.c.obj
                0x10001a6c                busy_wait_until
 .text.hardware_alarm_set_callback
                0x10001a94       0x90 CMakeFiles/HW6.dir/Users/grace/Desktop/Pico/pico-sdk/src/rp2_common/hardware_timer/timer.c.obj
                0x10001a94                hardware_alarm_set_callback
 .text.hardware_alarm_set_target
                0x10001b24       0xe8 CMakeFiles/HW6.dir/Users/grace/Desktop/Pico/pico-sdk/src/rp2_common/hardware_timer/timer.c.obj
                0x10001b24                hardware_alarm_set_target
 .text.hardware_alarm_cancel
                0x10001c0c       0x40 CMakeFiles/HW6.dir/Users/grace/Desktop/Pico/pico-sdk/src/rp2_common/hardware_timer/timer.c.obj
                0x10001c0c                hardware_alarm_cancel
 .text.ph_get_node
                0x10001c4c       0x30 CMakeFiles/HW6.dir/Users/grace/Desktop/Pico/pico-sdk/src/common/pico_util/pheap.c.obj
 .text.ph_add_child_node
                0x10001c7c       0x6c CMakeFiles/HW6.dir/Users/grace/Desktop/Pico/pico-sdk/src/common/pico_util/pheap.c.obj
 .text.ph_merge_nodes
                0x10001ce8       0x3e CMakeFiles/HW6.dir/Users/grace/Desktop/Pico/pico-sdk/src/common/pico_util/pheap.c.obj
 .text.ph_clear
                0x10001d26       0x34 CMakeFiles/HW6.dir/Users/grace/Desktop/Pico/pico-sdk/src/common/pico_util/pheap.c.obj
                0x10001d26                ph_clear
 .text.ph_post_alloc_init
                0x10001d5a        0xe CMakeFiles/HW6.dir/Users/grace/Desktop/Pico/pico-sdk/src/common/pico_util/pheap.c.obj
                0x10001d5a                ph_post_alloc_init
 .text.ph_merge_two_pass
                0x10001d68       0x5c CMakeFiles/HW6.dir/Users/grace/Desktop/Pico/pico-sdk/src/common/pico_util/pheap.c.obj
                0x10001d68                ph_merge_two_pass
 .text.ph_remove_any_head
                0x10001dc4       0xc0 CMakeFiles/HW6.dir/Users/grace/Desktop/Pico/pico-sdk/src/common/pico_util/pheap.c.obj
 .text.ph_remove_head
                0x10001e84       0x14 CMakeFiles/HW6.dir/Users/grace/Desktop/Pico/pico-sdk/src/common/pico_util/pheap.c.obj
                0x10001e84                ph_remove_head
 .text.ph_remove_and_free_node
                0x10001e98       0xa0 CMakeFiles/HW6.dir/Users/grace/Desktop/Pico/pico-sdk/src/common/pico_util/pheap.c.obj
                0x10001e98                ph_remove_and_free_node
 .text.clock_configure
                0x10001f38      0x108 CMakeFiles/HW6.dir/Users/grace/Desktop/Pico/pico-sdk/src/rp2_common/hardware_clocks/clocks.c.obj
                0x10001f38                clock_configure
 .text.clocks_init
                0x10002040      0x100 CMakeFiles/HW6.dir/Users/grace/Desktop/Pico/pico-sdk/src/rp2_common/hardware_clocks/clocks.c.obj
                0x10002040                clocks_init
 .text.clock_get_hz
                0x10002140        0xc CMakeFiles/HW6.dir/Users/grace/Desktop/Pico/pico-sdk/src/rp2_common/hardware_clocks/clocks.c.obj
                0x10002140                clock_get_hz
 .text.pll_init
                0x1000214c      0x120 CMakeFiles/HW6.dir/Users/grace/Desktop/Pico/pico-sdk/src/rp2_common/hardware_pll/pll.c.obj
                0x1000214c                pll_init
 .text.watchdog_start_tick
                0x1000226c       0x10 CMakeFiles/HW6.dir/Users/grace/Desktop/Pico/pico-sdk/src/rp2_common/hardware_watchdog/watchdog.c.obj
                0x1000226c                watchdog_start_tick
 .text.watchdog_update
                0x1000227c       0x14 CMakeFiles/HW6.dir/Users/grace/Desktop/Pico/pico-sdk/src/rp2_common/hardware_watchdog/watchdog.c.obj
                0x1000227c                watchdog_update
 .text._watchdog_enable
                0x10002290       0x78 CMakeFiles/HW6.dir/Users/grace/Desktop/Pico/pico-sdk/src/rp2_common/hardware_watchdog/watchdog.c.obj
                0x10002290                _watchdog_enable
 .text.watchdog_reboot
                0x10002308       0x48 CMakeFiles/HW6.dir/Users/grace/Desktop/Pico/pico-sdk/src/rp2_common/hardware_watchdog/watchdog.c.obj
                0x10002308                watchdog_reboot
 .text.xosc_init
                0x10002350       0x28 CMakeFiles/HW6.dir/Users/grace/Desktop/Pico/pico-sdk/src/rp2_common/hardware_xosc/xosc.c.obj
                0x10002350                xosc_init
 .text._exit    0x10002378        0x4 CMakeFiles/HW6.dir/Users/grace/Desktop/Pico/pico-sdk/src/rp2_common/pico_runtime/runtime.c.obj
                0x10002378                _exit
 .text.exit     0x1000237c        0x6 CMakeFiles/HW6.dir/Users/grace/Desktop/Pico/pico-sdk/src/rp2_common/pico_runtime/runtime.c.obj
                0x1000237c                exit
 *fill*         0x10002382        0x2 
 .text.__assert_func
                0x10002384       0x38 CMakeFiles/HW6.dir/Users/grace/Desktop/Pico/pico-sdk/src/rp2_common/pico_runtime/runtime.c.obj
                0x10002384                __assert_func
 .text.runtime_init
                0x100023bc       0xf8 CMakeFiles/HW6.dir/Users/grace/Desktop/Pico/pico-sdk/src/rp2_common/pico_runtime/runtime.c.obj
                0x100023bc                runtime_init
 .text.panic    0x100024b4       0x30 CMakeFiles/HW6.dir/Users/grace/Desktop/Pico/pico-sdk/src/rp2_common/pico_runtime/runtime.c.obj
                0x100024b4                panic
 .text._out_buffer
                0x100024e4        0x8 CMakeFiles/HW6.dir/Users/grace/Desktop/Pico/pico-sdk/src/rp2_common/pico_printf/printf.c.obj
 .text._out_null
                0x100024ec        0x2 CMakeFiles/HW6.dir/Users/grace/Desktop/Pico/pico-sdk/src/rp2_common/pico_printf/printf.c.obj
 .text._out_fct
                0x100024ee        0xe CMakeFiles/HW6.dir/Users/grace/Desktop/Pico/pico-sdk/src/rp2_common/pico_printf/printf.c.obj
 .text._atoi    0x100024fc       0x24 CMakeFiles/HW6.dir/Users/grace/Desktop/Pico/pico-sdk/src/rp2_common/pico_printf/printf.c.obj
 .text._out_rev
                0x10002520       0xae CMakeFiles/HW6.dir/Users/grace/Desktop/Pico/pico-sdk/src/rp2_common/pico_printf/printf.c.obj
 .text._ntoa_format
                0x100025ce      0x110 CMakeFiles/HW6.dir/Users/grace/Desktop/Pico/pico-sdk/src/rp2_common/pico_printf/printf.c.obj
 .text._ntoa_long
                0x100026de       0xbc CMakeFiles/HW6.dir/Users/grace/Desktop/Pico/pico-sdk/src/rp2_common/pico_printf/printf.c.obj
 .text._ntoa_long_long
                0x1000279a      0x10e CMakeFiles/HW6.dir/Users/grace/Desktop/Pico/pico-sdk/src/rp2_common/pico_printf/printf.c.obj
 .text._etoa    0x100028a8      0x420 CMakeFiles/HW6.dir/Users/grace/Desktop/Pico/pico-sdk/src/rp2_common/pico_printf/printf.c.obj
 .text._ftoa    0x10002cc8      0x354 CMakeFiles/HW6.dir/Users/grace/Desktop/Pico/pico-sdk/src/rp2_common/pico_printf/printf.c.obj
 .text._vsnprintf
                0x1000301c      0x668 CMakeFiles/HW6.dir/Users/grace/Desktop/Pico/pico-sdk/src/rp2_common/pico_printf/printf.c.obj
 .text.__wrap_sprintf
                0x10003684       0x2c CMakeFiles/HW6.dir/Users/grace/Desktop/Pico/pico-sdk/src/rp2_common/pico_printf/printf.c.obj
                0x10003684                __wrap_sprintf
 .text.vfctprintf
                0x100036b0       0x20 CMakeFiles/HW6.dir/Users/grace/Desktop/Pico/pico-sdk/src/rp2_common/pico_printf/printf.c.obj
                0x100036b0                vfctprintf
 .text          0x100036d0       0x10 CMakeFiles/HW6.dir/Users/grace/Desktop/Pico/pico-sdk/src/rp2_common/pico_bit_ops/bit_ops_aeabi.S.obj
 .text.rom_func_lookup
                0x100036e0       0x10 CMakeFiles/HW6.dir/Users/grace/Desktop/Pico/pico-sdk/src/rp2_common/pico_bootrom/bootrom.c.obj
                0x100036e0                rom_func_lookup
 .text.rom_data_lookup
                0x100036f0       0x10 CMakeFiles/HW6.dir/Users/grace/Desktop/Pico/pico-sdk/src/rp2_common/pico_bootrom/bootrom.c.obj
                0x100036f0                rom_data_lookup
 .text.rom_funcs_lookup
                0x10003700       0x36 CMakeFiles/HW6.dir/Users/grace/Desktop/Pico/pico-sdk/src/rp2_common/pico_bootrom/bootrom.c.obj
                0x10003700                rom_funcs_lookup
 *fill*         0x10003736        0x2 
 .text.__wrap___aeabi_idiv
                0x10003738       0x50 CMakeFiles/HW6.dir/Users/grace/Desktop/Pico/pico-sdk/src/rp2_common/pico_divider/divider.S.obj
                0x10003738                __wrap___aeabi_idivmod
                0x10003738                divmod_s32s32
                0x10003738                div_s32s32
                0x10003738                __wrap___aeabi_idiv
                0x10003740                divmod_s32s32_unsafe
                0x1000376c                divmod_s32s32_savestate
 .text.__wrap___aeabi_uidiv
                0x10003788       0x4c CMakeFiles/HW6.dir/Users/grace/Desktop/Pico/pico-sdk/src/rp2_common/pico_divider/divider.S.obj
                0x10003788                __wrap___aeabi_uidiv
                0x10003788                __wrap___aeabi_uidivmod
                0x10003788                div_u32u32
                0x10003788                divmod_u32u32
                0x10003790                divmod_u32u32_unsafe
                0x100037b8                divmod_u32u32_savestate
 .text.__wrap___aeabi_ldiv
                0x100037d4      0x424 CMakeFiles/HW6.dir/Users/grace/Desktop/Pico/pico-sdk/src/rp2_common/pico_divider/divider.S.obj
                0x100037d4                __wrap___aeabi_ldivmod
                0x100037d4                div_s64s64
                0x100037d4                divmod_s64s64
                0x10003804                divmod_u64u64
                0x10003804                div_u64u64
                0x10003804                __wrap___aeabi_uldivmod
                0x10003814                divmod_u64u64_savestate
                0x10003834                divmod_s64s64_unsafe
                0x100038bc                divmod_u64u64_unsafe
 .text.__wrap___aeabi_darithmetic
                0x10003bf8       0x80 CMakeFiles/HW6.dir/Users/grace/Desktop/Pico/pico-sdk/src/rp2_common/pico_double/double_aeabi.S.obj
                0x10003bf8                __wrap___aeabi_drsub
                0x10003bfe                __wrap___aeabi_dsub
                0x10003c10                __wrap___aeabi_dadd
                0x10003c22                __wrap___aeabi_ddiv
                0x10003c5e                __wrap___aeabi_dmul
 .text.__wrap___aeabi_cdcmple
                0x10003c78       0x6c CMakeFiles/HW6.dir/Users/grace/Desktop/Pico/pico-sdk/src/rp2_common/pico_double/double_aeabi.S.obj
                0x10003c78                __wrap___aeabi_cdrcmple
                0x10003c88                __wrap___aeabi_cdcmple
                0x10003c88                __wrap___aeabi_cdcmpeq
 .text.__wrap___aeabi_dcmplt
                0x10003ce4        0xc CMakeFiles/HW6.dir/Users/grace/Desktop/Pico/pico-sdk/src/rp2_common/pico_double/double_aeabi.S.obj
                0x10003ce4                __wrap___aeabi_dcmplt
 .text.__wrap___aeabi_dcmple
                0x10003cf0       0x10 CMakeFiles/HW6.dir/Users/grace/Desktop/Pico/pico-sdk/src/rp2_common/pico_double/double_aeabi.S.obj
                0x10003cf0                __wrap___aeabi_dcmple
 .text.__wrap___aeabi_dcmpge
                0x10003d00       0x10 CMakeFiles/HW6.dir/Users/grace/Desktop/Pico/pico-sdk/src/rp2_common/pico_double/double_aeabi.S.obj
                0x10003d00                __wrap___aeabi_dcmpge
 .text.__wrap___aeabi_dcmpgt
                0x10003d10        0xa CMakeFiles/HW6.dir/Users/grace/Desktop/Pico/pico-sdk/src/rp2_common/pico_double/double_aeabi.S.obj
                0x10003d10                __wrap___aeabi_dcmpgt
 .text.__wrap___aeabi_dcmpun
                0x10003d1a       0x1c CMakeFiles/HW6.dir/Users/grace/Desktop/Pico/pico-sdk/src/rp2_common/pico_double/double_aeabi.S.obj
                0x10003d1a                __wrap___aeabi_dcmpun
 *fill*         0x10003d36        0x2 
 .text.__wrap___aeabi_i2d
                0x10003d38       0x38 CMakeFiles/HW6.dir/Users/grace/Desktop/Pico/pico-sdk/src/rp2_common/pico_double/double_aeabi.S.obj
                0x10003d38                __wrap___aeabi_ui2d
                0x10003d40                __wrap___aeabi_i2d
 .text.__wrap___aeabi_d2iz
                0x10003d70       0x48 CMakeFiles/HW6.dir/Users/grace/Desktop/Pico/pico-sdk/src/rp2_common/pico_double/double_aeabi.S.obj
                0x10003d70                __wrap___aeabi_d2iz
                0x10003d70                double2int_z
 .text.__wrap___aeabi_d2uiz
                0x10003db8       0x18 CMakeFiles/HW6.dir/Users/grace/Desktop/Pico/pico-sdk/src/rp2_common/pico_double/double_aeabi.S.obj
                0x10003db8                double2uint
                0x10003db8                __wrap___aeabi_d2uiz
 .text.__wrap___aeabi_d2f
                0x10003dd0       0x18 CMakeFiles/HW6.dir/Users/grace/Desktop/Pico/pico-sdk/src/rp2_common/pico_double/double_aeabi.S.obj
                0x10003dd0                __wrap___aeabi_d2f
 .text.__aeabi_double_init
                0x10003de8       0xcc CMakeFiles/HW6.dir/Users/grace/Desktop/Pico/pico-sdk/src/rp2_common/pico_double/double_init_rom.c.obj
                0x10003de8                __aeabi_double_init
 .text.double_table_shim_on_use_helper
                0x10003eb4       0x34 CMakeFiles/HW6.dir/Users/grace/Desktop/Pico/pico-sdk/src/rp2_common/pico_double/double_v1_rom_shim.S.obj
                0x10003eb4                double_table_shim_on_use_helper
 .text.__wrap___aeabi_dsub
                0x10003ee8       0x10 CMakeFiles/HW6.dir/Users/grace/Desktop/Pico/pico-sdk/src/rp2_common/pico_double/double_v1_rom_shim.S.obj
                0x10003ee8                drsub_shim
                0x10003eee                dsub_shim
 .text.dadd_shim
                0x10003ef8      0x15c CMakeFiles/HW6.dir/Users/grace/Desktop/Pico/pico-sdk/src/rp2_common/pico_double/double_v1_rom_shim.S.obj
                0x10003ef8                dadd_shim
 .text.dmul_shim
                0x10004054      0x15c CMakeFiles/HW6.dir/Users/grace/Desktop/Pico/pico-sdk/src/rp2_common/pico_double/double_v1_rom_shim.S.obj
                0x10004054                dmul_shim
 .text.ddiv_shim
                0x100041b0      0x1b0 CMakeFiles/HW6.dir/Users/grace/Desktop/Pico/pico-sdk/src/rp2_common/pico_double/double_v1_rom_shim.S.obj
                0x100041b0                ddiv_shim
 .text.double2uint_shim
                0x10004360        0xe CMakeFiles/HW6.dir/Users/grace/Desktop/Pico/pico-sdk/src/rp2_common/pico_double/double_v1_rom_shim.S.obj
                0x10004360                double2uint_shim
                0x10004362                double2ufix_shim
 *fill*         0x1000436e        0x2 
 .text.double2uint64_shim
                0x10004370       0x70 CMakeFiles/HW6.dir/Users/grace/Desktop/Pico/pico-sdk/src/rp2_common/pico_double/double_v1_rom_shim.S.obj
                0x10004370                double2uint64_shim
                0x10004372                double2ufix64_shim
                0x10004392                d2fix_a
 .text.double2float_shim
                0x100043e0       0x5c CMakeFiles/HW6.dir/Users/grace/Desktop/Pico/pico-sdk/src/rp2_common/pico_double/double_v1_rom_shim.S.obj
                0x100043e0                double2float_shim
 .text.dunpacks
                0x1000443c       0x3c CMakeFiles/HW6.dir/Users/grace/Desktop/Pico/pico-sdk/src/rp2_common/pico_double/double_v1_rom_shim.S.obj
                0x1000443c                dunpacks
 .text.__aeabi_lmul
                0x10004478       0x32 CMakeFiles/HW6.dir/Users/grace/Desktop/Pico/pico-sdk/src/rp2_common/pico_int64_ops/pico_int64_ops_aeabi.S.obj
                0x10004478                __wrap___aeabi_lmul
 *fill*         0x100044aa        0x2 
 .text.__wrap___aeabi_f2d
                0x100044ac       0x14 CMakeFiles/HW6.dir/Users/grace/Desktop/Pico/pico-sdk/src/rp2_common/pico_float/float_aeabi.S.obj
                0x100044ac                __wrap___aeabi_f2d
 .text.__aeabi_float_init
                0x100044c0       0xfc CMakeFiles/HW6.dir/Users/grace/Desktop/Pico/pico-sdk/src/rp2_common/pico_float/float_init_rom.c.obj
                0x100044c0                __aeabi_float_init
 .text.float_table_shim_on_use_helper
                0x100045bc       0x34 CMakeFiles/HW6.dir/Users/grace/Desktop/Pico/pico-sdk/src/rp2_common/pico_float/float_v1_rom_shim.S.obj
                0x100045bc                float_table_shim_on_use_helper
 .text.float2double_shim
                0x100045f0       0x30 CMakeFiles/HW6.dir/Users/grace/Desktop/Pico/pico-sdk/src/rp2_common/pico_float/float_v1_rom_shim.S.obj
                0x100045f0                float2double_shim
 .text          0x10004620       0x10 CMakeFiles/HW6.dir/Users/grace/Desktop/Pico/pico-sdk/src/rp2_common/pico_mem_ops/mem_ops_aeabi.S.obj
                0x10004620                __aeabi_mem_init
 .text.memset   0x10004630        0xc CMakeFiles/HW6.dir/Users/grace/Desktop/Pico/pico-sdk/src/rp2_common/pico_mem_ops/mem_ops_aeabi.S.obj
                0x10004630                __wrap_memset
 .text.memcpy   0x1000463c        0xc CMakeFiles/HW6.dir/Users/grace/Desktop/Pico/pico-sdk/src/rp2_common/pico_mem_ops/mem_ops_aeabi.S.obj
                0x1000463c                __wrap___aeabi_memcpy
                0x1000463c                __wrap_memcpy
 .text.stdio_out_chars_no_crlf
                0x10004648        0xe CMakeFiles/HW6.dir/Users/grace/Desktop/Pico/pico-sdk/src/rp2_common/pico_stdio/stdio.c.obj
 *fill*         0x10004656        0x2 
 .text.stdio_out_chars_crlf
                0x10004658       0x80 CMakeFiles/HW6.dir/Users/grace/Desktop/Pico/pico-sdk/src/rp2_common/pico_stdio/stdio.c.obj
 .text.stdio_stack_buffer_flush
                0x100046d8       0x44 CMakeFiles/HW6.dir/Users/grace/Desktop/Pico/pico-sdk/src/rp2_common/pico_stdio/stdio.c.obj
 .text.stdio_buffered_printer
                0x1000471c       0x20 CMakeFiles/HW6.dir/Users/grace/Desktop/Pico/pico-sdk/src/rp2_common/pico_stdio/stdio.c.obj
 .text.update_us_since_boot
                0x1000473c       0x24 CMakeFiles/HW6.dir/Users/grace/Desktop/Pico/pico-sdk/src/rp2_common/pico_stdio/stdio.c.obj
 .text.get_absolute_time
                0x10004760       0x22 CMakeFiles/HW6.dir/Users/grace/Desktop/Pico/pico-sdk/src/rp2_common/pico_stdio/stdio.c.obj
 *fill*         0x10004782        0x2 
 .text.delayed_by_ms
                0x10004784       0x44 CMakeFiles/HW6.dir/Users/grace/Desktop/Pico/pico-sdk/src/rp2_common/pico_stdio/stdio.c.obj
 .text.make_timeout_time_ms
                0x100047c8       0x20 CMakeFiles/HW6.dir/Users/grace/Desktop/Pico/pico-sdk/src/rp2_common/pico_stdio/stdio.c.obj
 .text.stdout_serialize_begin
                0x100047e8       0x20 CMakeFiles/HW6.dir/Users/grace/Desktop/Pico/pico-sdk/src/rp2_common/pico_stdio/stdio.c.obj
                0x100047e8                stdout_serialize_begin
 .text.stdout_serialize_end
                0x10004808       0x10 CMakeFiles/HW6.dir/Users/grace/Desktop/Pico/pico-sdk/src/rp2_common/pico_stdio/stdio.c.obj
                0x10004808                stdout_serialize_end
 .text.stdio_put_string
                0x10004818       0x98 CMakeFiles/HW6.dir/Users/grace/Desktop/Pico/pico-sdk/src/rp2_common/pico_stdio/stdio.c.obj
 .text.stdio_set_driver_enabled
                0x100048b0       0x2c CMakeFiles/HW6.dir/Users/grace/Desktop/Pico/pico-sdk/src/rp2_common/pico_stdio/stdio.c.obj
                0x100048b0                stdio_set_driver_enabled
 .text.stdio_flush
                0x100048dc       0x20 CMakeFiles/HW6.dir/Users/grace/Desktop/Pico/pico-sdk/src/rp2_common/pico_stdio/stdio.c.obj
                0x100048dc                stdio_flush
 .text.__wrap_puts
                0x100048fc       0x1e CMakeFiles/HW6.dir/Users/grace/Desktop/Pico/pico-sdk/src/rp2_common/pico_stdio/stdio.c.obj
                0x100048fc                __wrap_puts
 *fill*         0x1000491a        0x2 
 .text.__wrap_vprintf
                0x1000491c       0x40 CMakeFiles/HW6.dir/Users/grace/Desktop/Pico/pico-sdk/src/rp2_common/pico_stdio/stdio.c.obj
                0x1000491c                __wrap_vprintf
 .text.__wrap_printf
                0x1000495c       0x18 CMakeFiles/HW6.dir/Users/grace/Desktop/Pico/pico-sdk/src/rp2_common/pico_stdio/stdio.c.obj
                0x1000495c                __wrap_printf
 .text.stdio_init_all
                0x10004974        0x8 CMakeFiles/HW6.dir/Users/grace/Desktop/Pico/pico-sdk/src/rp2_common/pico_stdio/stdio.c.obj
                0x10004974                stdio_init_all
 .text.resetd_init
                0x1000497c        0x2 CMakeFiles/HW6.dir/Users/grace/Desktop/Pico/pico-sdk/src/rp2_common/pico_stdio_usb/reset_interface.c.obj
 *fill*         0x1000497e        0x2 
 .text.resetd_reset
                0x10004980        0xc CMakeFiles/HW6.dir/Users/grace/Desktop/Pico/pico-sdk/src/rp2_common/pico_stdio_usb/reset_interface.c.obj
 .text.resetd_open
                0x1000498c       0x34 CMakeFiles/HW6.dir/Users/grace/Desktop/Pico/pico-sdk/src/rp2_common/pico_stdio_usb/reset_interface.c.obj
 .text.resetd_xfer_cb
                0x100049c0        0x4 CMakeFiles/HW6.dir/Users/grace/Desktop/Pico/pico-sdk/src/rp2_common/pico_stdio_usb/reset_interface.c.obj
 .text.reset_usb_boot
                0x100049c4       0x18 CMakeFiles/HW6.dir/Users/grace/Desktop/Pico/pico-sdk/src/rp2_common/pico_stdio_usb/reset_interface.c.obj
 .text.resetd_control_xfer_cb
                0x100049dc       0x5c CMakeFiles/HW6.dir/Users/grace/Desktop/Pico/pico-sdk/src/rp2_common/pico_stdio_usb/reset_interface.c.obj
 .text.usbd_app_driver_get_cb
                0x10004a38        0xc CMakeFiles/HW6.dir/Users/grace/Desktop/Pico/pico-sdk/src/rp2_common/pico_stdio_usb/reset_interface.c.obj
                0x10004a38                usbd_app_driver_get_cb
 .text.tud_cdc_line_coding_cb
                0x10004a44       0x28 CMakeFiles/HW6.dir/Users/grace/Desktop/Pico/pico-sdk/src/rp2_common/pico_stdio_usb/reset_interface.c.obj
                0x10004a44                tud_cdc_line_coding_cb
 .text.stdio_usb_set_chars_available_callback
                0x10004a6c       0x14 CMakeFiles/HW6.dir/Users/grace/Desktop/Pico/pico-sdk/src/rp2_common/pico_stdio_usb/stdio_usb.c.obj
                0x10004a6c                stdio_usb_set_chars_available_callback
 .text.update_us_since_boot
                0x10004a80       0x24 CMakeFiles/HW6.dir/Users/grace/Desktop/Pico/pico-sdk/src/rp2_common/pico_stdio_usb/stdio_usb.c.obj
 .text.get_absolute_time
                0x10004aa4       0x22 CMakeFiles/HW6.dir/Users/grace/Desktop/Pico/pico-sdk/src/rp2_common/pico_stdio_usb/stdio_usb.c.obj
 *fill*         0x10004ac6        0x2 
 .text.delayed_by_ms
                0x10004ac8       0x44 CMakeFiles/HW6.dir/Users/grace/Desktop/Pico/pico-sdk/src/rp2_common/pico_stdio_usb/stdio_usb.c.obj
 .text.make_timeout_time_ms
                0x10004b0c       0x20 CMakeFiles/HW6.dir/Users/grace/Desktop/Pico/pico-sdk/src/rp2_common/pico_stdio_usb/stdio_usb.c.obj
 .text.delayed_by_us
                0x10004b2c       0x34 CMakeFiles/HW6.dir/Users/grace/Desktop/Pico/pico-sdk/src/rp2_common/pico_stdio_usb/stdio_usb.c.obj
 .text.usb_irq  0x10004b60       0x10 CMakeFiles/HW6.dir/Users/grace/Desktop/Pico/pico-sdk/src/rp2_common/pico_stdio_usb/stdio_usb.c.obj
 .text.critical_section_enter_blocking
                0x10004b70       0x16 CMakeFiles/HW6.dir/Users/grace/Desktop/Pico/pico-sdk/src/rp2_common/pico_stdio_usb/stdio_usb.c.obj
 *fill*         0x10004b86        0x2 
 .text.timer_task
                0x10004b88       0x4c CMakeFiles/HW6.dir/Users/grace/Desktop/Pico/pico-sdk/src/rp2_common/pico_stdio_usb/stdio_usb.c.obj
 .text.alarm_pool_add_alarm_in_us
                0x10004bd4       0x3a CMakeFiles/HW6.dir/Users/grace/Desktop/Pico/pico-sdk/src/rp2_common/pico_stdio_usb/stdio_usb.c.obj
 .text.add_alarm_in_us
                0x10004c0e       0x2e CMakeFiles/HW6.dir/Users/grace/Desktop/Pico/pico-sdk/src/rp2_common/pico_stdio_usb/stdio_usb.c.obj
 .text.low_priority_worker_irq
                0x10004c3c       0x7c CMakeFiles/HW6.dir/Users/grace/Desktop/Pico/pico-sdk/src/rp2_common/pico_stdio_usb/stdio_usb.c.obj
 .text.tud_cdc_rx_cb
                0x10004cb8       0x20 CMakeFiles/HW6.dir/Users/grace/Desktop/Pico/pico-sdk/src/rp2_common/pico_stdio_usb/stdio_usb.c.obj
                0x10004cb8                tud_cdc_rx_cb
 .text.stdio_usb_init
                0x10004cd8       0xd0 CMakeFiles/HW6.dir/Users/grace/Desktop/Pico/pico-sdk/src/rp2_common/pico_stdio_usb/stdio_usb.c.obj
                0x10004cd8                stdio_usb_init
 .text.stdio_usb_connected
                0x10004da8        0xa CMakeFiles/HW6.dir/Users/grace/Desktop/Pico/pico-sdk/src/rp2_common/pico_stdio_usb/stdio_usb.c.obj
                0x10004da8                stdio_usb_connected
 *fill*         0x10004db2        0x2 
 .text.stdio_usb_in_chars
                0x10004db4       0x88 CMakeFiles/HW6.dir/Users/grace/Desktop/Pico/pico-sdk/src/rp2_common/pico_stdio_usb/stdio_usb.c.obj
                0x10004db4                stdio_usb_in_chars
 .text.stdio_usb_out_chars
                0x10004e3c       0xd8 CMakeFiles/HW6.dir/Users/grace/Desktop/Pico/pico-sdk/src/rp2_common/pico_stdio_usb/stdio_usb.c.obj
 .text.tud_descriptor_device_cb
                0x10004f14        0x8 CMakeFiles/HW6.dir/Users/grace/Desktop/Pico/pico-sdk/src/rp2_common/pico_stdio_usb/stdio_usb_descriptors.c.obj
                0x10004f14                tud_descriptor_device_cb
 .text.tud_descriptor_configuration_cb
                0x10004f1c        0x8 CMakeFiles/HW6.dir/Users/grace/Desktop/Pico/pico-sdk/src/rp2_common/pico_stdio_usb/stdio_usb_descriptors.c.obj
                0x10004f1c                tud_descriptor_configuration_cb
 .text.tud_descriptor_string_cb
                0x10004f24       0x6c CMakeFiles/HW6.dir/Users/grace/Desktop/Pico/pico-sdk/src/rp2_common/pico_stdio_usb/stdio_usb_descriptors.c.obj
                0x10004f24                tud_descriptor_string_cb
 .text._retrieve_unique_id_on_boot
                0x10004f90       0x10 CMakeFiles/HW6.dir/Users/grace/Desktop/Pico/pico-sdk/src/rp2_common/pico_unique_id/unique_id.c.obj
 .text.pico_get_unique_board_id_string
                0x10004fa0       0x5c CMakeFiles/HW6.dir/Users/grace/Desktop/Pico/pico-sdk/src/rp2_common/pico_unique_id/unique_id.c.obj
                0x10004fa0                pico_get_unique_board_id_string
 .text.flash_get_unique_id
                0x10004ffc       0x40 CMakeFiles/HW6.dir/Users/grace/Desktop/Pico/pico-sdk/src/rp2_common/hardware_flash/flash.c.obj
                0x10004ffc                flash_get_unique_id
 .text.hw_endpoint_get_by_addr
                0x1000503c       0x18 CMakeFiles/HW6.dir/Users/grace/Desktop/Pico/pico-sdk/lib/tinyusb/src/portable/raspberrypi/rp2040/dcd_rp2040.c.obj
 .text._hw_endpoint_alloc
                0x10005054       0x70 CMakeFiles/HW6.dir/Users/grace/Desktop/Pico/pico-sdk/lib/tinyusb/src/portable/raspberrypi/rp2040/dcd_rp2040.c.obj
 .text.hw_endpoint_init
                0x100050c4       0x88 CMakeFiles/HW6.dir/Users/grace/Desktop/Pico/pico-sdk/lib/tinyusb/src/portable/raspberrypi/rp2040/dcd_rp2040.c.obj
 .text.dcd_event_sof
                0x1000514c       0x2c CMakeFiles/HW6.dir/Users/grace/Desktop/Pico/pico-sdk/lib/tinyusb/src/portable/raspberrypi/rp2040/dcd_rp2040.c.obj
 .text.hw_endpoint_xfer
                0x10005178       0x14 CMakeFiles/HW6.dir/Users/grace/Desktop/Pico/pico-sdk/lib/tinyusb/src/portable/raspberrypi/rp2040/dcd_rp2040.c.obj
 .text.dcd_int_enable
                0x1000518c       0x2c CMakeFiles/HW6.dir/Users/grace/Desktop/Pico/pico-sdk/lib/tinyusb/src/portable/raspberrypi/rp2040/dcd_rp2040.c.obj
                0x1000518c                dcd_int_enable
 .text.dcd_set_address
                0x100051b8       0x2c CMakeFiles/HW6.dir/Users/grace/Desktop/Pico/pico-sdk/lib/tinyusb/src/portable/raspberrypi/rp2040/dcd_rp2040.c.obj
                0x100051b8                dcd_set_address
 .text.dcd_connect
                0x100051e4       0x10 CMakeFiles/HW6.dir/Users/grace/Desktop/Pico/pico-sdk/lib/tinyusb/src/portable/raspberrypi/rp2040/dcd_rp2040.c.obj
                0x100051e4                dcd_connect
 .text.dcd_init
                0x100051f4       0x80 CMakeFiles/HW6.dir/Users/grace/Desktop/Pico/pico-sdk/lib/tinyusb/src/portable/raspberrypi/rp2040/dcd_rp2040.c.obj
                0x100051f4                dcd_init
 .text.dcd_edpt0_status_complete
                0x10005274       0x1c CMakeFiles/HW6.dir/Users/grace/Desktop/Pico/pico-sdk/lib/tinyusb/src/portable/raspberrypi/rp2040/dcd_rp2040.c.obj
                0x10005274                dcd_edpt0_status_complete
 .text.dcd_edpt_open
                0x10005290       0x40 CMakeFiles/HW6.dir/Users/grace/Desktop/Pico/pico-sdk/lib/tinyusb/src/portable/raspberrypi/rp2040/dcd_rp2040.c.obj
                0x10005290                dcd_edpt_open
 .text.dcd_edpt_close_all
                0x100052d0        0x8 CMakeFiles/HW6.dir/Users/grace/Desktop/Pico/pico-sdk/lib/tinyusb/src/portable/raspberrypi/rp2040/dcd_rp2040.c.obj
                0x100052d0                dcd_edpt_close_all
 .text.dcd_edpt_xfer
                0x100052d8       0x34 CMakeFiles/HW6.dir/Users/grace/Desktop/Pico/pico-sdk/lib/tinyusb/src/portable/raspberrypi/rp2040/dcd_rp2040.c.obj
                0x100052d8                dcd_edpt_xfer
 .text.dcd_edpt_stall
                0x1000530c       0x2c CMakeFiles/HW6.dir/Users/grace/Desktop/Pico/pico-sdk/lib/tinyusb/src/portable/raspberrypi/rp2040/dcd_rp2040.c.obj
                0x1000530c                dcd_edpt_stall
 .text.dcd_edpt_clear_stall
                0x10005338       0x20 CMakeFiles/HW6.dir/Users/grace/Desktop/Pico/pico-sdk/lib/tinyusb/src/portable/raspberrypi/rp2040/dcd_rp2040.c.obj
                0x10005338                dcd_edpt_clear_stall
 .text.rp2040_usb_init
                0x10005358       0x4c CMakeFiles/HW6.dir/Users/grace/Desktop/Pico/pico-sdk/lib/tinyusb/src/portable/raspberrypi/rp2040/rp2040_usb.c.obj
                0x10005358                rp2040_usb_init
 .text.hw_endpoint_xfer_start
                0x100053a4       0x50 CMakeFiles/HW6.dir/Users/grace/Desktop/Pico/pico-sdk/lib/tinyusb/src/portable/raspberrypi/rp2040/rp2040_usb.c.obj
                0x100053a4                hw_endpoint_xfer_start
 .text.configuration_reset
                0x100053f4       0x84 CMakeFiles/HW6.dir/Users/grace/Desktop/Pico/pico-sdk/lib/tinyusb/src/device/usbd.c.obj
 .text.critical_section_enter_blocking
                0x10005478       0x16 CMakeFiles/HW6.dir/Users/grace/Desktop/Pico/pico-sdk/lib/tinyusb/src/device/usbd.c.obj
 .text.usbd_reset
                0x1000548e        0xc CMakeFiles/HW6.dir/Users/grace/Desktop/Pico/pico-sdk/lib/tinyusb/src/device/usbd.c.obj
 .text.invoke_class_control
                0x1000549a       0x1a CMakeFiles/HW6.dir/Users/grace/Desktop/Pico/pico-sdk/lib/tinyusb/src/device/usbd.c.obj
 .text.process_set_config
                0x100054b4      0x178 CMakeFiles/HW6.dir/Users/grace/Desktop/Pico/pico-sdk/lib/tinyusb/src/device/usbd.c.obj
 .text.process_get_descriptor
                0x1000562c       0xdc CMakeFiles/HW6.dir/Users/grace/Desktop/Pico/pico-sdk/lib/tinyusb/src/device/usbd.c.obj
 .text.tud_mounted
                0x10005708       0x10 CMakeFiles/HW6.dir/Users/grace/Desktop/Pico/pico-sdk/lib/tinyusb/src/device/usbd.c.obj
                0x10005708                tud_mounted
 .text.tud_suspended
                0x10005718       0x10 CMakeFiles/HW6.dir/Users/grace/Desktop/Pico/pico-sdk/lib/tinyusb/src/device/usbd.c.obj
                0x10005718                tud_suspended
 .text.tud_inited
                0x10005728       0x14 CMakeFiles/HW6.dir/Users/grace/Desktop/Pico/pico-sdk/lib/tinyusb/src/device/usbd.c.obj
                0x10005728                tud_inited
 .text.tud_init
                0x1000573c       0xcc CMakeFiles/HW6.dir/Users/grace/Desktop/Pico/pico-sdk/lib/tinyusb/src/device/usbd.c.obj
                0x1000573c                tud_init
 .text.usbd_defer_func
                0x10005808       0x2a CMakeFiles/HW6.dir/Users/grace/Desktop/Pico/pico-sdk/lib/tinyusb/src/device/usbd.c.obj
                0x10005808                usbd_defer_func
 *fill*         0x10005832        0x2 
 .text.usbd_edpt_open
                0x10005834       0x34 CMakeFiles/HW6.dir/Users/grace/Desktop/Pico/pico-sdk/lib/tinyusb/src/device/usbd.c.obj
                0x10005834                usbd_edpt_open
 .text.usbd_open_edpt_pair
                0x10005868       0x62 CMakeFiles/HW6.dir/Users/grace/Desktop/Pico/pico-sdk/lib/tinyusb/src/device/usbd.c.obj
                0x10005868                usbd_open_edpt_pair
 *fill*         0x100058ca        0x2 
 .text.usbd_edpt_claim
                0x100058cc       0x28 CMakeFiles/HW6.dir/Users/grace/Desktop/Pico/pico-sdk/lib/tinyusb/src/device/usbd.c.obj
                0x100058cc                usbd_edpt_claim
 .text.usbd_edpt_release
                0x100058f4       0x28 CMakeFiles/HW6.dir/Users/grace/Desktop/Pico/pico-sdk/lib/tinyusb/src/device/usbd.c.obj
                0x100058f4                usbd_edpt_release
 .text.usbd_edpt_xfer
                0x1000591c       0x78 CMakeFiles/HW6.dir/Users/grace/Desktop/Pico/pico-sdk/lib/tinyusb/src/device/usbd.c.obj
                0x1000591c                usbd_edpt_xfer
 .text.usbd_edpt_stall
                0x10005994       0x48 CMakeFiles/HW6.dir/Users/grace/Desktop/Pico/pico-sdk/lib/tinyusb/src/device/usbd.c.obj
                0x10005994                usbd_edpt_stall
 .text.usbd_edpt_clear_stall
                0x100059dc       0x48 CMakeFiles/HW6.dir/Users/grace/Desktop/Pico/pico-sdk/lib/tinyusb/src/device/usbd.c.obj
                0x100059dc                usbd_edpt_clear_stall
 .text.usbd_edpt_stalled
                0x10005a24       0x1c CMakeFiles/HW6.dir/Users/grace/Desktop/Pico/pico-sdk/lib/tinyusb/src/device/usbd.c.obj
                0x10005a24                usbd_edpt_stalled
 .text.process_control_request
                0x10005a40      0x374 CMakeFiles/HW6.dir/Users/grace/Desktop/Pico/pico-sdk/lib/tinyusb/src/device/usbd.c.obj
 .text.tud_task_ext
                0x10005db4      0x1a8 CMakeFiles/HW6.dir/Users/grace/Desktop/Pico/pico-sdk/lib/tinyusb/src/device/usbd.c.obj
                0x10005db4                tud_task_ext
 .text._status_stage_xact
                0x10005f5c       0x1a CMakeFiles/HW6.dir/Users/grace/Desktop/Pico/pico-sdk/lib/tinyusb/src/device/usbd_control.c.obj
 *fill*         0x10005f76        0x2 
 .text._data_stage_xact
                0x10005f78       0x58 CMakeFiles/HW6.dir/Users/grace/Desktop/Pico/pico-sdk/lib/tinyusb/src/device/usbd_control.c.obj
 .text.tud_control_status
                0x10005fd0       0x28 CMakeFiles/HW6.dir/Users/grace/Desktop/Pico/pico-sdk/lib/tinyusb/src/device/usbd_control.c.obj
                0x10005fd0                tud_control_status
 .text.tud_control_xfer
                0x10005ff8       0x68 CMakeFiles/HW6.dir/Users/grace/Desktop/Pico/pico-sdk/lib/tinyusb/src/device/usbd_control.c.obj
                0x10005ff8                tud_control_xfer
 .text.usbd_control_reset
                0x10006060       0x14 CMakeFiles/HW6.dir/Users/grace/Desktop/Pico/pico-sdk/lib/tinyusb/src/device/usbd_control.c.obj
                0x10006060                usbd_control_reset
 .text.usbd_control_set_complete_callback
                0x10006074        0xc CMakeFiles/HW6.dir/Users/grace/Desktop/Pico/pico-sdk/lib/tinyusb/src/device/usbd_control.c.obj
                0x10006074                usbd_control_set_complete_callback
 .text.usbd_control_set_request
                0x10006080       0x1c CMakeFiles/HW6.dir/Users/grace/Desktop/Pico/pico-sdk/lib/tinyusb/src/device/usbd_control.c.obj
                0x10006080                usbd_control_set_request
 .text.usbd_control_xfer_cb
                0x1000609c       0xbc CMakeFiles/HW6.dir/Users/grace/Desktop/Pico/pico-sdk/lib/tinyusb/src/device/usbd_control.c.obj
                0x1000609c                usbd_control_xfer_cb
 .text._prep_out_transaction
                0x10006158       0x4a CMakeFiles/HW6.dir/Users/grace/Desktop/Pico/pico-sdk/lib/tinyusb/src/class/cdc/cdc_device.c.obj
 *fill*         0x100061a2        0x2 
 .text.tud_cdc_n_connected
                0x100061a4       0x38 CMakeFiles/HW6.dir/Users/grace/Desktop/Pico/pico-sdk/lib/tinyusb/src/class/cdc/cdc_device.c.obj
                0x100061a4                tud_cdc_n_connected
 .text.tud_cdc_n_available
                0x100061dc       0x18 CMakeFiles/HW6.dir/Users/grace/Desktop/Pico/pico-sdk/lib/tinyusb/src/class/cdc/cdc_device.c.obj
                0x100061dc                tud_cdc_n_available
 .text.tud_cdc_n_read
                0x100061f4       0x28 CMakeFiles/HW6.dir/Users/grace/Desktop/Pico/pico-sdk/lib/tinyusb/src/class/cdc/cdc_device.c.obj
                0x100061f4                tud_cdc_n_read
 .text.tud_cdc_n_write_flush
                0x1000621c       0xb8 CMakeFiles/HW6.dir/Users/grace/Desktop/Pico/pico-sdk/lib/tinyusb/src/class/cdc/cdc_device.c.obj
                0x1000621c                tud_cdc_n_write_flush
 .text.tud_cdc_n_write
                0x100062d4       0x38 CMakeFiles/HW6.dir/Users/grace/Desktop/Pico/pico-sdk/lib/tinyusb/src/class/cdc/cdc_device.c.obj
                0x100062d4                tud_cdc_n_write
 .text.tud_cdc_n_write_available
                0x1000630c       0x1c CMakeFiles/HW6.dir/Users/grace/Desktop/Pico/pico-sdk/lib/tinyusb/src/class/cdc/cdc_device.c.obj
                0x1000630c                tud_cdc_n_write_available
 .text.cdcd_init
                0x10006328       0xbc CMakeFiles/HW6.dir/Users/grace/Desktop/Pico/pico-sdk/lib/tinyusb/src/class/cdc/cdc_device.c.obj
                0x10006328                cdcd_init
 .text.cdcd_reset
                0x100063e4       0x44 CMakeFiles/HW6.dir/Users/grace/Desktop/Pico/pico-sdk/lib/tinyusb/src/class/cdc/cdc_device.c.obj
                0x100063e4                cdcd_reset
 .text.cdcd_open
                0x10006428       0xc4 CMakeFiles/HW6.dir/Users/grace/Desktop/Pico/pico-sdk/lib/tinyusb/src/class/cdc/cdc_device.c.obj
                0x10006428                cdcd_open
 .text.cdcd_control_xfer_cb
                0x100064ec      0x134 CMakeFiles/HW6.dir/Users/grace/Desktop/Pico/pico-sdk/lib/tinyusb/src/class/cdc/cdc_device.c.obj
                0x100064ec                cdcd_control_xfer_cb
 .text.cdcd_xfer_cb
                0x10006620      0x130 CMakeFiles/HW6.dir/Users/grace/Desktop/Pico/pico-sdk/lib/tinyusb/src/class/cdc/cdc_device.c.obj
                0x10006620                cdcd_xfer_cb
 .text.tusb_init
                0x10006750        0xa CMakeFiles/HW6.dir/Users/grace/Desktop/Pico/pico-sdk/lib/tinyusb/src/tusb.c.obj
                0x10006750                tusb_init
 .text.tusb_inited
                0x1000675a        0xe CMakeFiles/HW6.dir/Users/grace/Desktop/Pico/pico-sdk/lib/tinyusb/src/tusb.c.obj
                0x1000675a                tusb_inited
 .text.tu_edpt_claim
                0x10006768       0x50 CMakeFiles/HW6.dir/Users/grace/Desktop/Pico/pico-sdk/lib/tinyusb/src/tusb.c.obj
                0x10006768                tu_edpt_claim
 .text.tu_edpt_release
                0x100067b8       0x38 CMakeFiles/HW6.dir/Users/grace/Desktop/Pico/pico-sdk/lib/tinyusb/src/tusb.c.obj
                0x100067b8                tu_edpt_release
 .text.tu_edpt_validate
                0x100067f0       0x78 CMakeFiles/HW6.dir/Users/grace/Desktop/Pico/pico-sdk/lib/tinyusb/src/tusb.c.obj
                0x100067f0                tu_edpt_validate
 .text.tu_edpt_bind_driver
                0x10006868       0x26 CMakeFiles/HW6.dir/Users/grace/Desktop/Pico/pico-sdk/lib/tinyusb/src/tusb.c.obj
                0x10006868                tu_edpt_bind_driver
 .text.advance_index
                0x1000688e       0x1a CMakeFiles/HW6.dir/Users/grace/Desktop/Pico/pico-sdk/lib/tinyusb/src/common/tusb_fifo.c.obj
 .text._tu_fifo_peek
                0x100068a8       0x56 CMakeFiles/HW6.dir/Users/grace/Desktop/Pico/pico-sdk/lib/tinyusb/src/common/tusb_fifo.c.obj
 .text._ff_pull_const_addr
                0x100068fe       0x4c CMakeFiles/HW6.dir/Users/grace/Desktop/Pico/pico-sdk/lib/tinyusb/src/common/tusb_fifo.c.obj
 .text._ff_pull_n
                0x1000694a      0x110 CMakeFiles/HW6.dir/Users/grace/Desktop/Pico/pico-sdk/lib/tinyusb/src/common/tusb_fifo.c.obj
 .text._tu_fifo_peek_n
                0x10006a5a       0x6a CMakeFiles/HW6.dir/Users/grace/Desktop/Pico/pico-sdk/lib/tinyusb/src/common/tusb_fifo.c.obj
 .text._tu_fifo_read_n
                0x10006ac4       0x4e CMakeFiles/HW6.dir/Users/grace/Desktop/Pico/pico-sdk/lib/tinyusb/src/common/tusb_fifo.c.obj
 .text._ff_push_const_addr
                0x10006b12       0x40 CMakeFiles/HW6.dir/Users/grace/Desktop/Pico/pico-sdk/lib/tinyusb/src/common/tusb_fifo.c.obj
 .text._ff_push_n
                0x10006b52      0x10c CMakeFiles/HW6.dir/Users/grace/Desktop/Pico/pico-sdk/lib/tinyusb/src/common/tusb_fifo.c.obj
 .text._tu_fifo_write_n
                0x10006c5e       0xf0 CMakeFiles/HW6.dir/Users/grace/Desktop/Pico/pico-sdk/lib/tinyusb/src/common/tusb_fifo.c.obj
 .text.tu_fifo_config
                0x10006d4e       0x7c CMakeFiles/HW6.dir/Users/grace/Desktop/Pico/pico-sdk/lib/tinyusb/src/common/tusb_fifo.c.obj
                0x10006d4e                tu_fifo_config
 .text.tu_fifo_count
                0x10006dca       0x2a CMakeFiles/HW6.dir/Users/grace/Desktop/Pico/pico-sdk/lib/tinyusb/src/common/tusb_fifo.c.obj
                0x10006dca                tu_fifo_count
 .text.tu_fifo_empty
                0x10006df4        0xe CMakeFiles/HW6.dir/Users/grace/Desktop/Pico/pico-sdk/lib/tinyusb/src/common/tusb_fifo.c.obj
                0x10006df4                tu_fifo_empty
 .text.tu_fifo_full
                0x10006e02       0x28 CMakeFiles/HW6.dir/Users/grace/Desktop/Pico/pico-sdk/lib/tinyusb/src/common/tusb_fifo.c.obj
                0x10006e02                tu_fifo_full
 .text.tu_fifo_remaining
                0x10006e2a       0x2c CMakeFiles/HW6.dir/Users/grace/Desktop/Pico/pico-sdk/lib/tinyusb/src/common/tusb_fifo.c.obj
                0x10006e2a                tu_fifo_remaining
 .text.tu_fifo_read
                0x10006e56       0x42 CMakeFiles/HW6.dir/Users/grace/Desktop/Pico/pico-sdk/lib/tinyusb/src/common/tusb_fifo.c.obj
                0x10006e56                tu_fifo_read
 .text.tu_fifo_read_n
                0x10006e98        0xa CMakeFiles/HW6.dir/Users/grace/Desktop/Pico/pico-sdk/lib/tinyusb/src/common/tusb_fifo.c.obj
                0x10006e98                tu_fifo_read_n
 .text.tu_fifo_write
                0x10006ea2       0x64 CMakeFiles/HW6.dir/Users/grace/Desktop/Pico/pico-sdk/lib/tinyusb/src/common/tusb_fifo.c.obj
                0x10006ea2                tu_fifo_write
 .text.tu_fifo_write_n
                0x10006f06        0xa CMakeFiles/HW6.dir/Users/grace/Desktop/Pico/pico-sdk/lib/tinyusb/src/common/tusb_fifo.c.obj
                0x10006f06                tu_fifo_write_n
 .text.tu_fifo_clear
                0x10006f10       0x3e CMakeFiles/HW6.dir/Users/grace/Desktop/Pico/pico-sdk/lib/tinyusb/src/common/tusb_fifo.c.obj
                0x10006f10                tu_fifo_clear
 .text.tu_fifo_set_overwritable
                0x10006f4e       0x46 CMakeFiles/HW6.dir/Users/grace/Desktop/Pico/pico-sdk/lib/tinyusb/src/common/tusb_fifo.c.obj
                0x10006f4e                tu_fifo_set_overwritable
 .text.i2c_write_blocking_internal
                0x10006f94      0x146 CMakeFiles/HW6.dir/Users/grace/Desktop/Pico/pico-sdk/src/rp2_common/hardware_i2c/i2c.c.obj
 *fill*         0x100070da        0x2 
 .text.i2c_set_baudrate
                0x100070dc       0xf0 CMakeFiles/HW6.dir/Users/grace/Desktop/Pico/pico-sdk/src/rp2_common/hardware_i2c/i2c.c.obj
                0x100070dc                i2c_set_baudrate
 .text.i2c_init
                0x100071cc       0x58 CMakeFiles/HW6.dir/Users/grace/Desktop/Pico/pico-sdk/src/rp2_common/hardware_i2c/i2c.c.obj
                0x100071cc                i2c_init
 .text.i2c_write_blocking
                0x10007224       0x18 CMakeFiles/HW6.dir/Users/grace/Desktop/Pico/pico-sdk/src/rp2_common/hardware_i2c/i2c.c.obj
                0x10007224                i2c_write_blocking
 .text.adc_init
                0x1000723c       0x34 CMakeFiles/HW6.dir/Users/grace/Desktop/Pico/pico-sdk/src/rp2_common/hardware_adc/adc.c.obj
                0x1000723c                adc_init
 .text.strlen   0x10007270       0x5c /Applications/ArmGNUToolchain/13.2.Rel1/arm-none-eabi/bin/../lib/gcc/arm-none-eabi/13.2.1/../../../../arm-none-eabi/lib/thumb/v6-m/nofp/libg.a(libc_a-strlen-stub.o)
                0x10007270                strlen
 *(.fini)
 .fini          0x100072cc        0x4 /Applications/ArmGNUToolchain/13.2.Rel1/arm-none-eabi/bin/../lib/gcc/arm-none-eabi/13.2.1/thumb/v6-m/nofp/crti.o
                0x100072cc                _fini
 .fini.__stub   0x100072d0       0xe0 linker stubs
 *crtbegin.o(.ctors)
 *crtbegin?.o(.ctors)
 *(EXCLUDE_FILE(*crtend.o *crtend?.o) .ctors)
 *(SORT_BY_NAME(.ctors.*))
 *(.ctors)
 *crtbegin.o(.dtors)
 *crtbegin?.o(.dtors)
 *(EXCLUDE_FILE(*crtend.o *crtend?.o) .dtors)
 *(SORT_BY_NAME(.dtors.*))
 *(.dtors)
 *(.eh_frame*)
 .eh_frame      0x100073b0        0x0 /Applications/ArmGNUToolchain/13.2.Rel1/arm-none-eabi/bin/../lib/gcc/arm-none-eabi/13.2.1/thumb/v6-m/nofp/crtbegin.o
                0x100073b0                        . = ALIGN (0x4)

.glue_7         0x100073b0        0x0
 .glue_7        0x100073b0        0x0 linker stubs

.glue_7t        0x100073b0        0x0
 .glue_7t       0x100073b0        0x0 linker stubs

.vfp11_veneer   0x100073b0        0x0
 .vfp11_veneer  0x100073b0        0x0 linker stubs

.v4_bx          0x100073b0        0x0
 .v4_bx         0x100073b0        0x0 linker stubs

.iplt           0x100073b0        0x0
 .iplt          0x100073b0        0x0 /Applications/ArmGNUToolchain/13.2.Rel1/arm-none-eabi/bin/../lib/gcc/arm-none-eabi/13.2.1/thumb/v6-m/nofp/crtbegin.o

.rodata         0x100073b0     0x1824
 *(EXCLUDE_FILE(*libm.a: *libc.a:*lib_a-mem*.o *libgcc.a:) .rodata*)
 .rodata.update_us_since_boot.str1.4
                0x100073b0      0xf69 CMakeFiles/HW6.dir/I2COLED.c.obj
                                 0x69 (size before relaxing)
 .rodata.main.str1.4
                0x10008319       0x29 CMakeFiles/HW6.dir/I2COLED.c.obj
 *fill*         0x10008319        0x3 
 .rodata.__func__.0
                0x1000831c       0x15 CMakeFiles/HW6.dir/I2COLED.c.obj
 *fill*         0x10008331        0x3 
 .rodata.ASCII  0x10008334      0x1e0 CMakeFiles/HW6.dir/I2COLED.c.obj
 .rodata.spin_lock_claim_unused.str1.4
                0x10008514       0x1b CMakeFiles/HW6.dir/Users/grace/Desktop/Pico/pico-sdk/src/rp2_common/hardware_sync/sync.c.obj
 .rodata.resolve_branch.str1.4
                0x10008514       0x5d CMakeFiles/HW6.dir/Users/grace/Desktop/Pico/pico-sdk/src/rp2_common/hardware_irq/irq.c.obj
 .rodata.make_branch.str1.4
                0x10008514       0x30 CMakeFiles/HW6.dir/Users/grace/Desktop/Pico/pico-sdk/src/rp2_common/hardware_irq/irq.c.obj
 .rodata.insert_branch_and_link.str1.4
                0x10008514       0x10 CMakeFiles/HW6.dir/Users/grace/Desktop/Pico/pico-sdk/src/rp2_common/hardware_irq/irq.c.obj
 .rodata.irq_set_exclusive_handler.str1.4
                0x10008514       0x36 CMakeFiles/HW6.dir/Users/grace/Desktop/Pico/pico-sdk/src/rp2_common/hardware_irq/irq.c.obj
 .rodata.irq_add_shared_handler.str1.4
                0x10008514       0xc2 CMakeFiles/HW6.dir/Users/grace/Desktop/Pico/pico-sdk/src/rp2_common/hardware_irq/irq.c.obj
 .rodata.irq_remove_handler.str1.4
                0x10008514       0x3a CMakeFiles/HW6.dir/Users/grace/Desktop/Pico/pico-sdk/src/rp2_common/hardware_irq/irq.c.obj
 .rodata.irq_add_tail_to_free_list.str1.4
                0x10008514       0x3a CMakeFiles/HW6.dir/Users/grace/Desktop/Pico/pico-sdk/src/rp2_common/hardware_irq/irq.c.obj
 .rodata.user_irq_claim_unused.str1.4
                0x10008514       0x1b CMakeFiles/HW6.dir/Users/grace/Desktop/Pico/pico-sdk/src/rp2_common/hardware_irq/irq.c.obj
 .rodata.__func__.0
                0x10008514       0x1a CMakeFiles/HW6.dir/Users/grace/Desktop/Pico/pico-sdk/src/rp2_common/hardware_irq/irq.c.obj
 *fill*         0x1000852e        0x2 
 .rodata.__func__.1
                0x10008530       0x17 CMakeFiles/HW6.dir/Users/grace/Desktop/Pico/pico-sdk/src/rp2_common/hardware_irq/irq.c.obj
 *fill*         0x10008547        0x1 
 .rodata.__func__.2
                0x10008548       0x13 CMakeFiles/HW6.dir/Users/grace/Desktop/Pico/pico-sdk/src/rp2_common/hardware_irq/irq.c.obj
 *fill*         0x1000855b        0x1 
 .rodata.__func__.3
                0x1000855c        0xc CMakeFiles/HW6.dir/Users/grace/Desktop/Pico/pico-sdk/src/rp2_common/hardware_irq/irq.c.obj
 .rodata.__func__.4
                0x10008568        0xf CMakeFiles/HW6.dir/Users/grace/Desktop/Pico/pico-sdk/src/rp2_common/hardware_irq/irq.c.obj
 *fill*         0x10008577        0x1 
 .rodata.__func__.5
                0x10008578       0x17 CMakeFiles/HW6.dir/Users/grace/Desktop/Pico/pico-sdk/src/rp2_common/hardware_irq/irq.c.obj
 *fill*         0x1000858f        0x1 
 .rodata.__func__.6
                0x10008590       0x1a CMakeFiles/HW6.dir/Users/grace/Desktop/Pico/pico-sdk/src/rp2_common/hardware_irq/irq.c.obj
 .rodata.update_us_since_boot.str1.4
                0x100085aa       0x69 CMakeFiles/HW6.dir/Users/grace/Desktop/Pico/pico-sdk/src/common/pico_sync/mutex.c.obj
 .rodata.str1.4
                0x100085aa       0x91 CMakeFiles/HW6.dir/Users/grace/Desktop/Pico/pico-sdk/src/common/pico_sync/mutex.c.obj
 *fill*         0x100085aa        0x2 
 .rodata.__func__.1
                0x100085ac        0xb CMakeFiles/HW6.dir/Users/grace/Desktop/Pico/pico-sdk/src/common/pico_sync/mutex.c.obj
 *fill*         0x100085b7        0x1 
 .rodata.__func__.3
                0x100085b8       0x18 CMakeFiles/HW6.dir/Users/grace/Desktop/Pico/pico-sdk/src/common/pico_sync/mutex.c.obj
 .rodata.__func__.4
                0x100085d0       0x15 CMakeFiles/HW6.dir/Users/grace/Desktop/Pico/pico-sdk/src/common/pico_sync/mutex.c.obj
 .rodata.get_entry.str1.4
                0x100085e5       0x63 CMakeFiles/HW6.dir/Users/grace/Desktop/Pico/pico-sdk/src/common/pico_time/time.c.obj
 .rodata.update_us_since_boot.str1.4
                0x100085e5       0x69 CMakeFiles/HW6.dir/Users/grace/Desktop/Pico/pico-sdk/src/common/pico_time/time.c.obj
 .rodata.ph_get_node.str1.4
                0x100085e5       0x6e CMakeFiles/HW6.dir/Users/grace/Desktop/Pico/pico-sdk/src/common/pico_time/time.c.obj
 .rodata.ph_add_child_node.str1.4
                0x100085e5       0x2e CMakeFiles/HW6.dir/Users/grace/Desktop/Pico/pico-sdk/src/common/pico_time/time.c.obj
 .rodata.ph_insert_node.str1.4
                0x100085e5        0x3 CMakeFiles/HW6.dir/Users/grace/Desktop/Pico/pico-sdk/src/common/pico_time/time.c.obj
 .rodata.ph_free_node.str1.4
                0x100085e5       0x38 CMakeFiles/HW6.dir/Users/grace/Desktop/Pico/pico-sdk/src/common/pico_time/time.c.obj
 .rodata.add_alarm_under_lock.str1.4
                0x100085e5       0x28 CMakeFiles/HW6.dir/Users/grace/Desktop/Pico/pico-sdk/src/common/pico_time/time.c.obj
 .rodata.alarm_pool_alarm_callback.str1.4
                0x100085e5       0x60 CMakeFiles/HW6.dir/Users/grace/Desktop/Pico/pico-sdk/src/common/pico_time/time.c.obj
 .rodata.alarm_pool_get_default.str1.4
                0x100085e5       0x21 CMakeFiles/HW6.dir/Users/grace/Desktop/Pico/pico-sdk/src/common/pico_time/time.c.obj
 .rodata.alarm_pool_cancel_alarm.str1.4
                0x100085e5       0x27 CMakeFiles/HW6.dir/Users/grace/Desktop/Pico/pico-sdk/src/common/pico_time/time.c.obj
 .rodata.sleep_until.str1.4
                0x100085e5       0x4d CMakeFiles/HW6.dir/Users/grace/Desktop/Pico/pico-sdk/src/common/pico_time/time.c.obj
 *fill*         0x100085e5        0x3 
 .rodata.__func__.1
                0x100085e8       0x18 CMakeFiles/HW6.dir/Users/grace/Desktop/Pico/pico-sdk/src/common/pico_time/time.c.obj
 .rodata.__func__.3
                0x10008600       0x17 CMakeFiles/HW6.dir/Users/grace/Desktop/Pico/pico-sdk/src/common/pico_time/time.c.obj
 *fill*         0x10008617        0x1 
 .rodata.__func__.4
                0x10008618       0x12 CMakeFiles/HW6.dir/Users/grace/Desktop/Pico/pico-sdk/src/common/pico_time/time.c.obj
 *fill*         0x1000862a        0x2 
 .rodata.__func__.5
                0x1000862c        0xd CMakeFiles/HW6.dir/Users/grace/Desktop/Pico/pico-sdk/src/common/pico_time/time.c.obj
 *fill*         0x10008639        0x3 
 .rodata.__func__.6
                0x1000863c       0x12 CMakeFiles/HW6.dir/Users/grace/Desktop/Pico/pico-sdk/src/common/pico_time/time.c.obj
 *fill*         0x1000864e        0x2 
 .rodata.__func__.7
                0x10008650        0xf CMakeFiles/HW6.dir/Users/grace/Desktop/Pico/pico-sdk/src/common/pico_time/time.c.obj
 *fill*         0x1000865f        0x1 
 .rodata.__func__.8
                0x10008660        0xc CMakeFiles/HW6.dir/Users/grace/Desktop/Pico/pico-sdk/src/common/pico_time/time.c.obj
 .rodata.__func__.9
                0x1000866c       0x15 CMakeFiles/HW6.dir/Users/grace/Desktop/Pico/pico-sdk/src/common/pico_time/time.c.obj
 *fill*         0x10008681        0x3 
 .rodata.__func__.10
                0x10008684       0x15 CMakeFiles/HW6.dir/Users/grace/Desktop/Pico/pico-sdk/src/common/pico_time/time.c.obj
 *fill*         0x10008699        0x3 
 .rodata.__func__.11
                0x1000869c       0x1a CMakeFiles/HW6.dir/Users/grace/Desktop/Pico/pico-sdk/src/common/pico_time/time.c.obj
 *fill*         0x100086b6        0x2 
 .rodata.__func__.12
                0x100086b8        0xa CMakeFiles/HW6.dir/Users/grace/Desktop/Pico/pico-sdk/src/common/pico_time/time.c.obj
 .rodata.hardware_alarm_claim.str1.4
                0x100086c2       0x22 CMakeFiles/HW6.dir/Users/grace/Desktop/Pico/pico-sdk/src/rp2_common/hardware_timer/timer.c.obj
 .rodata.hardware_alarm_set_target.str1.4
                0x100086c2       0x6d CMakeFiles/HW6.dir/Users/grace/Desktop/Pico/pico-sdk/src/rp2_common/hardware_timer/timer.c.obj
 *fill*         0x100086c2        0x2 
 .rodata.__func__.0
                0x100086c4       0x1a CMakeFiles/HW6.dir/Users/grace/Desktop/Pico/pico-sdk/src/rp2_common/hardware_timer/timer.c.obj
 .rodata.ph_get_node.str1.4
                0x100086de       0x6e CMakeFiles/HW6.dir/Users/grace/Desktop/Pico/pico-sdk/src/common/pico_util/pheap.c.obj
 .rodata.ph_add_child_node.str1.4
                0x100086de       0x2e CMakeFiles/HW6.dir/Users/grace/Desktop/Pico/pico-sdk/src/common/pico_util/pheap.c.obj
 .rodata.ph_remove_any_head.str1.4
                0x100086de       0xa8 CMakeFiles/HW6.dir/Users/grace/Desktop/Pico/pico-sdk/src/common/pico_util/pheap.c.obj
 .rodata.ph_remove_and_free_node.str1.4
                0x100086de       0x26 CMakeFiles/HW6.dir/Users/grace/Desktop/Pico/pico-sdk/src/common/pico_util/pheap.c.obj
 *fill*         0x100086de        0x2 
 .rodata.__func__.0
                0x100086e0       0x18 CMakeFiles/HW6.dir/Users/grace/Desktop/Pico/pico-sdk/src/common/pico_util/pheap.c.obj
 .rodata.__func__.1
                0x100086f8       0x13 CMakeFiles/HW6.dir/Users/grace/Desktop/Pico/pico-sdk/src/common/pico_util/pheap.c.obj
 *fill*         0x1000870b        0x1 
 .rodata.__func__.2
                0x1000870c       0x12 CMakeFiles/HW6.dir/Users/grace/Desktop/Pico/pico-sdk/src/common/pico_util/pheap.c.obj
 *fill*         0x1000871e        0x2 
 .rodata.__func__.3
                0x10008720        0xc CMakeFiles/HW6.dir/Users/grace/Desktop/Pico/pico-sdk/src/common/pico_util/pheap.c.obj
 .rodata.clock_configure.str1.4
                0x1000872c       0x5f CMakeFiles/HW6.dir/Users/grace/Desktop/Pico/pico-sdk/src/rp2_common/hardware_clocks/clocks.c.obj
 .rodata.__func__.1
                0x1000872c       0x10 CMakeFiles/HW6.dir/Users/grace/Desktop/Pico/pico-sdk/src/rp2_common/hardware_clocks/clocks.c.obj
 .rodata.pll_init.str1.4
                0x1000873c      0x12c CMakeFiles/HW6.dir/Users/grace/Desktop/Pico/pico-sdk/src/rp2_common/hardware_pll/pll.c.obj
 .rodata.__func__.0
                0x1000873c        0x9 CMakeFiles/HW6.dir/Users/grace/Desktop/Pico/pico-sdk/src/rp2_common/hardware_pll/pll.c.obj
 .rodata.__assert_func.str1.4
                0x10008745       0x43 CMakeFiles/HW6.dir/Users/grace/Desktop/Pico/pico-sdk/src/rp2_common/pico_runtime/runtime.c.obj
 .rodata.runtime_init.str1.4
                0x10008745       0x69 CMakeFiles/HW6.dir/Users/grace/Desktop/Pico/pico-sdk/src/rp2_common/pico_runtime/runtime.c.obj
 .rodata.panic.str1.4
                0x10008745       0x12 CMakeFiles/HW6.dir/Users/grace/Desktop/Pico/pico-sdk/src/rp2_common/pico_runtime/runtime.c.obj
 *fill*         0x10008745        0x3 
 .rodata.__func__.2
                0x10008748        0xd CMakeFiles/HW6.dir/Users/grace/Desktop/Pico/pico-sdk/src/rp2_common/pico_runtime/runtime.c.obj
 .rodata._ftoa.str1.4
                0x10008755       0x15 CMakeFiles/HW6.dir/Users/grace/Desktop/Pico/pico-sdk/src/rp2_common/pico_printf/printf.c.obj
 *fill*         0x10008755        0x3 
 .rodata._vsnprintf
                0x10008758      0x19c CMakeFiles/HW6.dir/Users/grace/Desktop/Pico/pico-sdk/src/rp2_common/pico_printf/printf.c.obj
 *fill*         0x100088f4        0x4 
 .rodata.pow10.0
                0x100088f8       0x50 CMakeFiles/HW6.dir/Users/grace/Desktop/Pico/pico-sdk/src/rp2_common/pico_printf/printf.c.obj
 .rodata.__aeabi_double_init.str1.4
                0x10008948       0xa4 CMakeFiles/HW6.dir/Users/grace/Desktop/Pico/pico-sdk/src/rp2_common/pico_double/double_init_rom.c.obj
 .rodata.__func__.0
                0x10008948       0x14 CMakeFiles/HW6.dir/Users/grace/Desktop/Pico/pico-sdk/src/rp2_common/pico_double/double_init_rom.c.obj
 .rodata.__aeabi_float_init.str1.4
                0x1000895c       0x86 CMakeFiles/HW6.dir/Users/grace/Desktop/Pico/pico-sdk/src/rp2_common/pico_float/float_init_rom.c.obj
 .rodata.__func__.0
                0x1000895c       0x13 CMakeFiles/HW6.dir/Users/grace/Desktop/Pico/pico-sdk/src/rp2_common/pico_float/float_init_rom.c.obj
 .rodata.str1.4
                0x1000896f       0x38 CMakeFiles/HW6.dir/Users/grace/Desktop/Pico/pico-sdk/src/rp2_common/pico_standard_link/binary_info.c.obj
 *fill*         0x1000896f        0x1 
 .rodata.__bi_81
                0x10008970        0xc CMakeFiles/HW6.dir/Users/grace/Desktop/Pico/pico-sdk/src/rp2_common/pico_standard_link/binary_info.c.obj
 .rodata.__bi_75
                0x1000897c        0xc CMakeFiles/HW6.dir/Users/grace/Desktop/Pico/pico-sdk/src/rp2_common/pico_standard_link/binary_info.c.obj
 .rodata.__bi_44
                0x10008988        0xc CMakeFiles/HW6.dir/Users/grace/Desktop/Pico/pico-sdk/src/rp2_common/pico_standard_link/binary_info.c.obj
 .rodata.update_us_since_boot.str1.4
                0x10008994       0x69 CMakeFiles/HW6.dir/Users/grace/Desktop/Pico/pico-sdk/src/rp2_common/pico_stdio/stdio.c.obj
 .rodata.crlf_str.2
                0x10008994        0x2 CMakeFiles/HW6.dir/Users/grace/Desktop/Pico/pico-sdk/src/rp2_common/pico_stdio/stdio.c.obj
 *fill*         0x10008996        0x2 
 .rodata.__func__.3
                0x10008998       0x15 CMakeFiles/HW6.dir/Users/grace/Desktop/Pico/pico-sdk/src/rp2_common/pico_stdio/stdio.c.obj
 *fill*         0x100089ad        0x3 
 .rodata._resetd_driver
                0x100089b0       0x18 CMakeFiles/HW6.dir/Users/grace/Desktop/Pico/pico-sdk/src/rp2_common/pico_stdio_usb/reset_interface.c.obj
 .rodata.update_us_since_boot.str1.4
                0x100089c8       0x69 CMakeFiles/HW6.dir/Users/grace/Desktop/Pico/pico-sdk/src/rp2_common/pico_stdio_usb/stdio_usb.c.obj
 .rodata.stdio_usb_init.str1.4
                0x100089c8       0x55 CMakeFiles/HW6.dir/Users/grace/Desktop/Pico/pico-sdk/src/rp2_common/pico_stdio_usb/stdio_usb.c.obj
 .rodata.str1.4
                0x100089c8       0x13 CMakeFiles/HW6.dir/Users/grace/Desktop/Pico/pico-sdk/src/rp2_common/pico_stdio_usb/stdio_usb.c.obj
 .rodata.__bi_182.0
                0x100089c8        0xc CMakeFiles/HW6.dir/Users/grace/Desktop/Pico/pico-sdk/src/rp2_common/pico_stdio_usb/stdio_usb.c.obj
 .rodata.__func__.1
                0x100089d4        0xf CMakeFiles/HW6.dir/Users/grace/Desktop/Pico/pico-sdk/src/rp2_common/pico_stdio_usb/stdio_usb.c.obj
 *fill*         0x100089e3        0x1 
 .rodata.__func__.3
                0x100089e4       0x15 CMakeFiles/HW6.dir/Users/grace/Desktop/Pico/pico-sdk/src/rp2_common/pico_stdio_usb/stdio_usb.c.obj
 .rodata.str1.4
                0x100089f9       0x2a CMakeFiles/HW6.dir/Users/grace/Desktop/Pico/pico-sdk/src/rp2_common/pico_stdio_usb/stdio_usb_descriptors.c.obj
 *fill*         0x100089f9        0x3 
 .rodata.usbd_desc_str
                0x100089fc       0x18 CMakeFiles/HW6.dir/Users/grace/Desktop/Pico/pico-sdk/src/rp2_common/pico_stdio_usb/stdio_usb_descriptors.c.obj
 .rodata.usbd_desc_cfg
                0x10008a14       0x54 CMakeFiles/HW6.dir/Users/grace/Desktop/Pico/pico-sdk/src/rp2_common/pico_stdio_usb/stdio_usb_descriptors.c.obj
 .rodata.usbd_desc_device
                0x10008a68       0x12 CMakeFiles/HW6.dir/Users/grace/Desktop/Pico/pico-sdk/src/rp2_common/pico_stdio_usb/stdio_usb_descriptors.c.obj
 .rodata.pico_get_unique_board_id_string.str1.4
                0x10008a7a       0x55 CMakeFiles/HW6.dir/Users/grace/Desktop/Pico/pico-sdk/src/rp2_common/pico_unique_id/unique_id.c.obj
 *fill*         0x10008a7a        0x2 
 .rodata.__func__.0
                0x10008a7c       0x20 CMakeFiles/HW6.dir/Users/grace/Desktop/Pico/pico-sdk/src/rp2_common/pico_unique_id/unique_id.c.obj
 .rodata.str1.4
                0x10008a9c      0x162 CMakeFiles/HW6.dir/Users/grace/Desktop/Pico/pico-sdk/src/rp2_common/hardware_flash/flash.c.obj
 .rodata.__func__.0
                0x10008a9c        0xd CMakeFiles/HW6.dir/Users/grace/Desktop/Pico/pico-sdk/src/rp2_common/hardware_flash/flash.c.obj
 .rodata._hw_endpoint_alloc.str1.4
                0x10008aa9       0xbd CMakeFiles/HW6.dir/Users/grace/Desktop/Pico/pico-sdk/lib/tinyusb/src/portable/raspberrypi/rp2040/dcd_rp2040.c.obj
 .rodata.str1.4
                0x10008aa9       0x14 CMakeFiles/HW6.dir/Users/grace/Desktop/Pico/pico-sdk/lib/tinyusb/src/portable/raspberrypi/rp2040/dcd_rp2040.c.obj
 .rodata.dcd_int_enable.str1.4
                0x10008aa9        0xc CMakeFiles/HW6.dir/Users/grace/Desktop/Pico/pico-sdk/lib/tinyusb/src/portable/raspberrypi/rp2040/dcd_rp2040.c.obj
 *fill*         0x10008aa9        0x3 
 .rodata.__func__.0
                0x10008aac        0xe CMakeFiles/HW6.dir/Users/grace/Desktop/Pico/pico-sdk/lib/tinyusb/src/portable/raspberrypi/rp2040/dcd_rp2040.c.obj
 *fill*         0x10008aba        0x2 
 .rodata.__func__.1
                0x10008abc        0xe CMakeFiles/HW6.dir/Users/grace/Desktop/Pico/pico-sdk/lib/tinyusb/src/portable/raspberrypi/rp2040/dcd_rp2040.c.obj
 *fill*         0x10008aca        0x2 
 .rodata.__func__.3
                0x10008acc       0x10 CMakeFiles/HW6.dir/Users/grace/Desktop/Pico/pico-sdk/lib/tinyusb/src/portable/raspberrypi/rp2040/dcd_rp2040.c.obj
 .rodata.__func__.5
                0x10008adc        0xf CMakeFiles/HW6.dir/Users/grace/Desktop/Pico/pico-sdk/lib/tinyusb/src/portable/raspberrypi/rp2040/dcd_rp2040.c.obj
 *fill*         0x10008aeb        0x1 
 .rodata.__func__.6
                0x10008aec       0x13 CMakeFiles/HW6.dir/Users/grace/Desktop/Pico/pico-sdk/lib/tinyusb/src/portable/raspberrypi/rp2040/dcd_rp2040.c.obj
 *fill*         0x10008aff        0x1 
 .rodata.__func__.7
                0x10008b00        0x9 CMakeFiles/HW6.dir/Users/grace/Desktop/Pico/pico-sdk/lib/tinyusb/src/portable/raspberrypi/rp2040/dcd_rp2040.c.obj
 .rodata.str1.4
                0x10008b09       0xef CMakeFiles/HW6.dir/Users/grace/Desktop/Pico/pico-sdk/lib/tinyusb/src/portable/raspberrypi/rp2040/rp2040_usb.c.obj
 *fill*         0x10008b09        0x3 
 .rodata.__func__.0
                0x10008b0c        0xf CMakeFiles/HW6.dir/Users/grace/Desktop/Pico/pico-sdk/lib/tinyusb/src/portable/raspberrypi/rp2040/rp2040_usb.c.obj
 *fill*         0x10008b1b        0x1 
 .rodata.process_get_descriptor
                0x10008b1c       0x40 CMakeFiles/HW6.dir/Users/grace/Desktop/Pico/pico-sdk/lib/tinyusb/src/device/usbd.c.obj
 .rodata.process_control_request
                0x10008b5c       0x28 CMakeFiles/HW6.dir/Users/grace/Desktop/Pico/pico-sdk/lib/tinyusb/src/device/usbd.c.obj
 .rodata.tud_task_ext
                0x10008b84       0x24 CMakeFiles/HW6.dir/Users/grace/Desktop/Pico/pico-sdk/lib/tinyusb/src/device/usbd.c.obj
 .rodata._usbd_driver
                0x10008ba8       0x18 CMakeFiles/HW6.dir/Users/grace/Desktop/Pico/pico-sdk/lib/tinyusb/src/device/usbd.c.obj
 .rodata.i2c_set_baudrate.str1.4
                0x10008bc0       0x65 CMakeFiles/HW6.dir/Users/grace/Desktop/Pico/pico-sdk/src/rp2_common/hardware_i2c/i2c.c.obj
 .rodata.__func__.0
                0x10008bc0       0x11 CMakeFiles/HW6.dir/Users/grace/Desktop/Pico/pico-sdk/src/rp2_common/hardware_i2c/i2c.c.obj
                0x10008c28                        . = ALIGN (0x4)
 *fill*         0x10008bd1        0x3 
 *(SORT_BY_ALIGNMENT(SORT_BY_NAME(.flashdata*)))
                0x10008bd4                        . = ALIGN (0x4)

.ARM.extab
 *(.ARM.extab* .gnu.linkonce.armextab.*)
                0x10008bd4                        __exidx_start = .

.ARM.exidx
 *(.ARM.exidx* .gnu.linkonce.armexidx.*)
                0x10008bd4                        __exidx_end = .
                0x10008bd4                        . = ALIGN (0x4)
                0x10008bd4                        __binary_info_start = .

.binary_info    0x10008bd4       0x20
 *(.binary_info.keep.*)
 .binary_info.keep.__bi_ptr81
                0x10008bd4        0x4 CMakeFiles/HW6.dir/Users/grace/Desktop/Pico/pico-sdk/src/rp2_common/pico_standard_link/binary_info.c.obj
 .binary_info.keep.__bi_ptr75
                0x10008bd8        0x4 CMakeFiles/HW6.dir/Users/grace/Desktop/Pico/pico-sdk/src/rp2_common/pico_standard_link/binary_info.c.obj
 .binary_info.keep.__bi_ptr50
                0x10008bdc        0x4 CMakeFiles/HW6.dir/Users/grace/Desktop/Pico/pico-sdk/src/rp2_common/pico_standard_link/binary_info.c.obj
 .binary_info.keep.__bi_ptr44
                0x10008be0        0x4 CMakeFiles/HW6.dir/Users/grace/Desktop/Pico/pico-sdk/src/rp2_common/pico_standard_link/binary_info.c.obj
 .binary_info.keep.__bi_ptr38
                0x10008be4        0x4 CMakeFiles/HW6.dir/Users/grace/Desktop/Pico/pico-sdk/src/rp2_common/pico_standard_link/binary_info.c.obj
 .binary_info.keep.__bi_ptr30
                0x10008be8        0x4 CMakeFiles/HW6.dir/Users/grace/Desktop/Pico/pico-sdk/src/rp2_common/pico_standard_link/binary_info.c.obj
 .binary_info.keep.__bi_ptr22
                0x10008bec        0x4 CMakeFiles/HW6.dir/Users/grace/Desktop/Pico/pico-sdk/src/rp2_common/pico_standard_link/binary_info.c.obj
 *(.binary_info.*)
 .binary_info.__bi_ptr182
                0x10008bf0        0x4 CMakeFiles/HW6.dir/Users/grace/Desktop/Pico/pico-sdk/src/rp2_common/pico_stdio_usb/stdio_usb.c.obj
                0x10008bf4                        __binary_info_end = .

.rel.dyn        0x10008bf4        0x0
 .rel.iplt      0x10008bf4        0x0 /Applications/ArmGNUToolchain/13.2.Rel1/arm-none-eabi/bin/../lib/gcc/arm-none-eabi/13.2.1/thumb/v6-m/nofp/crtbegin.o
                0x10008bf4                        . = ALIGN (0x4)

.ram_vector_table
                0x20000000       0xc0
 *(.ram_vector_table)
 .ram_vector_table
                0x20000000       0xc0 CMakeFiles/HW6.dir/Users/grace/Desktop/Pico/pico-sdk/src/rp2_common/pico_runtime/runtime.c.obj
                0x20000000                ram_vector_table

.data           0x200000c0      0xb48 load address 0x10008bf4
                0x200000c0                        __data_start__ = .
 *(vtable)
 *(.time_critical*)
 .time_critical.mutex_try_enter
                0x200000c0       0x46 CMakeFiles/HW6.dir/Users/grace/Desktop/Pico/pico-sdk/src/common/pico_sync/mutex.c.obj
                0x200000c0                mutex_try_enter
 *fill*         0x20000106        0x2 
 .time_critical.mutex_enter_block_until
                0x20000108       0x8c CMakeFiles/HW6.dir/Users/grace/Desktop/Pico/pico-sdk/src/common/pico_sync/mutex.c.obj
                0x20000108                mutex_enter_block_until
 .time_critical.mutex_try_enter_block_until
                0x20000194       0x34 CMakeFiles/HW6.dir/Users/grace/Desktop/Pico/pico-sdk/src/common/pico_sync/mutex.c.obj
                0x20000194                mutex_try_enter_block_until
 .time_critical.mutex_enter_timeout_ms
                0x200001c8       0x1a CMakeFiles/HW6.dir/Users/grace/Desktop/Pico/pico-sdk/src/common/pico_sync/mutex.c.obj
                0x200001c8                mutex_enter_timeout_ms
 *fill*         0x200001e2        0x2 
 .time_critical.mutex_exit
                0x200001e4       0x4c CMakeFiles/HW6.dir/Users/grace/Desktop/Pico/pico-sdk/src/common/pico_sync/mutex.c.obj
                0x200001e4                mutex_exit
 .time_critical.flash_init_boot2_copyout
                0x20000230       0x30 CMakeFiles/HW6.dir/Users/grace/Desktop/Pico/pico-sdk/src/rp2_common/hardware_flash/flash.c.obj
 .time_critical.flash_enable_xip_via_boot2
                0x20000260        0xc CMakeFiles/HW6.dir/Users/grace/Desktop/Pico/pico-sdk/src/rp2_common/hardware_flash/flash.c.obj
 .time_critical.flash_cs_force
                0x2000026c       0x28 CMakeFiles/HW6.dir/Users/grace/Desktop/Pico/pico-sdk/src/rp2_common/hardware_flash/flash.c.obj
 .time_critical.flash_do_cmd
                0x20000294       0xd8 CMakeFiles/HW6.dir/Users/grace/Desktop/Pico/pico-sdk/src/rp2_common/hardware_flash/flash.c.obj
                0x20000294                flash_do_cmd
 .time_critical.reset_non_control_endpoints
                0x2000036c       0x40 CMakeFiles/HW6.dir/Users/grace/Desktop/Pico/pico-sdk/lib/tinyusb/src/portable/raspberrypi/rp2040/dcd_rp2040.c.obj
 .time_critical.hw_handle_buff_status
                0x200003ac       0xa4 CMakeFiles/HW6.dir/Users/grace/Desktop/Pico/pico-sdk/lib/tinyusb/src/portable/raspberrypi/rp2040/dcd_rp2040.c.obj
 .time_critical.dcd_rp2040_irq
                0x20000450      0x1b8 CMakeFiles/HW6.dir/Users/grace/Desktop/Pico/pico-sdk/lib/tinyusb/src/portable/raspberrypi/rp2040/dcd_rp2040.c.obj
 .time_critical.e15_is_bulkin_ep
                0x20000608       0x2c CMakeFiles/HW6.dir/Users/grace/Desktop/Pico/pico-sdk/lib/tinyusb/src/portable/raspberrypi/rp2040/rp2040_usb.c.obj
 .time_critical.e15_is_critical_frame_period
                0x20000634       0x30 CMakeFiles/HW6.dir/Users/grace/Desktop/Pico/pico-sdk/lib/tinyusb/src/portable/raspberrypi/rp2040/rp2040_usb.c.obj
 .time_critical.prepare_ep_buffer
                0x20000664       0x6c CMakeFiles/HW6.dir/Users/grace/Desktop/Pico/pico-sdk/lib/tinyusb/src/portable/raspberrypi/rp2040/rp2040_usb.c.obj
 .time_critical.sync_ep_buffer
                0x200006d0       0x7c CMakeFiles/HW6.dir/Users/grace/Desktop/Pico/pico-sdk/lib/tinyusb/src/portable/raspberrypi/rp2040/rp2040_usb.c.obj
 .time_critical._hw_endpoint_xfer_sync
                0x2000074c       0x28 CMakeFiles/HW6.dir/Users/grace/Desktop/Pico/pico-sdk/lib/tinyusb/src/portable/raspberrypi/rp2040/rp2040_usb.c.obj
 .time_critical.hw_endpoint_reset_transfer
                0x20000774        0xc CMakeFiles/HW6.dir/Users/grace/Desktop/Pico/pico-sdk/lib/tinyusb/src/portable/raspberrypi/rp2040/rp2040_usb.c.obj
                0x20000774                hw_endpoint_reset_transfer
 .time_critical._hw_endpoint_buffer_control_update32
                0x20000780       0x58 CMakeFiles/HW6.dir/Users/grace/Desktop/Pico/pico-sdk/lib/tinyusb/src/portable/raspberrypi/rp2040/rp2040_usb.c.obj
                0x20000780                _hw_endpoint_buffer_control_update32
 .time_critical.hw_endpoint_start_next_buffer
                0x200007d8       0x88 CMakeFiles/HW6.dir/Users/grace/Desktop/Pico/pico-sdk/lib/tinyusb/src/portable/raspberrypi/rp2040/rp2040_usb.c.obj
                0x200007d8                hw_endpoint_start_next_buffer
 .time_critical.hw_endpoint_xfer_continue
                0x20000860       0x50 CMakeFiles/HW6.dir/Users/grace/Desktop/Pico/pico-sdk/lib/tinyusb/src/portable/raspberrypi/rp2040/rp2040_usb.c.obj
                0x20000860                hw_endpoint_xfer_continue
 .time_critical.tinyusb
                0x200008b0      0x1ac CMakeFiles/HW6.dir/Users/grace/Desktop/Pico/pico-sdk/lib/tinyusb/src/device/usbd.c.obj
                0x200008b0                dcd_event_handler
 *(.text*)
 .text          0x20000a5c        0x4 /Applications/ArmGNUToolchain/13.2.Rel1/arm-none-eabi/bin/../lib/gcc/arm-none-eabi/13.2.1/thumb/v6-m/nofp/libgcc.a(_dvmd_tls.o)
                0x20000a5c                __aeabi_ldiv0
                0x20000a5c                __aeabi_idiv0
 .text.__stub   0x20000a60       0xa0 linker stubs
                0x20000b00                        . = ALIGN (0x4)
 *(.rodata*)
                0x20000b00                        . = ALIGN (0x4)
 *(.data*)
 .data.SSD1306_ADDRESS
                0x20000b00        0x1 CMakeFiles/HW6.dir/ssd1306.c.obj
                0x20000b00                SSD1306_ADDRESS
 .data.striped_spin_lock_num
                0x20000b01        0x1 CMakeFiles/HW6.dir/Users/grace/Desktop/Pico/pico-sdk/src/rp2_common/hardware_sync/sync.c.obj
 *fill*         0x20000b02        0x2 
 .data          0x20000b04       0x48 CMakeFiles/HW6.dir/Users/grace/Desktop/Pico/pico-sdk/src/rp2_common/hardware_irq/irq_handler_chain.S.obj
                0x20000b04                irq_handler_chain_slots
                0x20000b34                irq_handler_chain_first_slot
                0x20000b3e                irq_handler_chain_remove_tail
 .data.default_alarm_pool
                0x20000b4c       0x18 CMakeFiles/HW6.dir/Users/grace/Desktop/Pico/pico-sdk/src/common/pico_time/time.c.obj
 .data.default_alarm_pool_heap
                0x20000b64       0x10 CMakeFiles/HW6.dir/Users/grace/Desktop/Pico/pico-sdk/src/common/pico_time/time.c.obj
 *fill*         0x20000b74        0xc 
 .data.aeabi_bits_funcs
                0x20000b80       0x10 CMakeFiles/HW6.dir/Users/grace/Desktop/Pico/pico-sdk/src/rp2_common/pico_bit_ops/bit_ops_aeabi.S.obj
                0x20000b80                aeabi_bits_funcs